 
****************************************
Report : area
Design : Pipeline_top
Version: O-2018.06-SP1
Date   : Sun Jan 18 02:30:12 2026
****************************************

Library(s) Used:

    scmetro_tsmc_cl013g_rvt_tt_1p2v_25c (File: /home/ICer/Desktop/RESIC-V/syn/std_cells/scmetro_tsmc_cl013g_rvt_tt_1p2v_25c.db)

Number of ports:                         3085
Number of nets:                        110703
Number of cells:                       107664
Number of combinational cells:          73314
Number of sequential cells:             34323
Number of macros/black boxes:               0
Number of buf/inv:                      12800
Number of references:                       6

Combinational area:             524924.709387
Buf/Inv area:                    60059.944519
Noncombinational area:          728833.832829
Macro/Black Box area:                0.000000
Net Interconnect area:      undefined  (No wire load specified)

Total cell area:               1253758.542215
Total area:                 undefined
1
