Loading db file '/home/ICer/Desktop/RESIC-V/syn/std_cells/scmetro_tsmc_cl013g_rvt_tt_1p2v_25c.db'
Information: Propagating switching activity (low effort zero delay simulation). (PWR-6)
Warning: Design has unannotated primary inputs. (PWR-414)
Warning: Design has unannotated sequential cell outputs. (PWR-415)
 
****************************************
Report : power
        -analysis_effort low
Design : Pipeline_top
Version: O-2018.06-SP1
Date   : Sun Jan 18 02:30:16 2026
****************************************


Library(s) Used:

    scmetro_tsmc_cl013g_rvt_tt_1p2v_25c (File: /home/ICer/Desktop/RESIC-V/syn/std_cells/scmetro_tsmc_cl013g_rvt_tt_1p2v_25c.db)


Operating Conditions: scmetro_tsmc_cl013g_rvt_tt_1p2v_25c   Library: scmetro_tsmc_cl013g_rvt_tt_1p2v_25c
Wire Load Model Mode: top


Global Operating Voltage = 1.2  
Power-specific unit information :
    Voltage Units = 1V
    Capacitance Units = 1.000000pf
    Time Units = 1ns
    Dynamic Power Units = 1mW    (derived from V,C,T units)
    Leakage Power Units = 1pW


  Cell Internal Power  =  68.3513 mW  (100%)
  Net Switching Power  = 273.5919 uW    (0%)
                         ---------
Total Dynamic Power    =  68.6249 mW  (100%)

Cell Leakage Power     = 319.2228 uW


                 Internal         Switching           Leakage            Total
Power Group      Power            Power               Power              Power   (   %    )  Attrs
--------------------------------------------------------------------------------------------------
io_pad             0.0000            0.0000            0.0000            0.0000  (   0.00%)
memory             0.0000            0.0000            0.0000            0.0000  (   0.00%)
black_box          0.0000            0.0000            0.0000            0.0000  (   0.00%)
clock_network      0.0000            0.0000            0.0000            0.0000  (   0.00%)
register          68.2484        1.1107e-02        2.2319e+08           68.4827  (  99.30%)
sequential         0.0000            0.0000            0.0000            0.0000  (   0.00%)
combinational      0.1213            0.2625        9.6038e+07            0.4798  (   0.70%)
--------------------------------------------------------------------------------------------------
Total             68.3696 mW         0.2736 mW     3.1922e+08 pW        68.9625 mW
1
