Found antenna rule mode 1, diode mode 4:
	metal ratio 0, cut ratio 0,metal gate diffusion length based ratio 0 cut gate length based ratio 0	metal pratio 0, cut pratio 0, metal gate diffusion length based pratio 0, cut gate diffusion length based pratio 0	metal nratio 0, cut nratio 0, metal nratio 0, cut nratio 0
	layer VIA12: max ratio 50 max pratio 2.14748e+09 max nratio 2.14748e+09	layer VIA12: max gate length based ratio 0 max gate length based pratio 0 max gate length based nratio 0, diode ratio {0.159 0 210.714 899.286}
	layer VIA23: max ratio 50 max pratio 2.14748e+09 max nratio 2.14748e+09	layer VIA23: max gate length based ratio 0 max gate length based pratio 0 max gate length based nratio 0, diode ratio {0.159 0 210.714 899.286}
	layer VIA34: max ratio 50 max pratio 2.14748e+09 max nratio 2.14748e+09	layer VIA34: max gate length based ratio 0 max gate length based pratio 0 max gate length based nratio 0, diode ratio {0.159 0 210.714 899.286}
	layer VIA45: max ratio 50 max pratio 2.14748e+09 max nratio 2.14748e+09	layer VIA45: max gate length based ratio 0 max gate length based pratio 0 max gate length based nratio 0, diode ratio {0.159 0 210.714 899.286}
	layer VIA56: max ratio 50 max pratio 2.14748e+09 max nratio 2.14748e+09	layer VIA56: max gate length based ratio 0 max gate length based pratio 0 max gate length based nratio 0, diode ratio {0.159 0 210.714 899.286}
Found antenna rule mode 2, diode mode 4:
	metal ratio 0, cut ratio 0,metal gate diffusion length based ratio 0 cut gate length based ratio 0	metal pratio 0, cut pratio 0, metal gate diffusion length based pratio 0, cut gate diffusion length based pratio 0	metal nratio 0, cut nratio 0, metal nratio 0, cut nratio 0
	layer METAL1: max ratio 5496 max pratio 2.14748e+09 max nratio 2.14748e+09	layer METAL1: max gate length based ratio 0 max gate length based pratio 0 max gate length based nratio 0, diode ratio {0.159 0 445.238 42990.8}
	layer METAL2: max ratio 5496 max pratio 2.14748e+09 max nratio 2.14748e+09	layer METAL2: max gate length based ratio 0 max gate length based pratio 0 max gate length based nratio 0, diode ratio {0.159 0 445.238 42990.8}
	layer METAL3: max ratio 5496 max pratio 2.14748e+09 max nratio 2.14748e+09	layer METAL3: max gate length based ratio 0 max gate length based pratio 0 max gate length based nratio 0, diode ratio {0.159 0 445.238 42990.8}
	layer METAL4: max ratio 5496 max pratio 2.14748e+09 max nratio 2.14748e+09	layer METAL4: max gate length based ratio 0 max gate length based pratio 0 max gate length based nratio 0, diode ratio {0.159 0 445.238 42990.8}
	layer METAL5: max ratio 5496 max pratio 2.14748e+09 max nratio 2.14748e+09	layer METAL5: max gate length based ratio 0 max gate length based pratio 0 max gate length based nratio 0, diode ratio {0.159 0 445.238 42990.8}
	layer METAL6: max ratio 5496 max pratio 2.14748e+09 max nratio 2.14748e+09	layer METAL6: max gate length based ratio 0 max gate length based pratio 0 max gate length based nratio 0, diode ratio {0.159 0 7988.1 49991.9}
WARNING: can't restore area partition (AREAPARTITION) from DB's attached file
    (possible data lost: congestion map, ...)
Cell Min-Routing-Layer = METAL1
Cell Max-Routing-Layer = METAL6
Information: Multiple default contact VIA12_X found for layer VIA12. (ZRT-021)
Information: Multiple default contact VIA23_X found for layer VIA23. (ZRT-021)
Information: Multiple default contact VIA34_X found for layer VIA34. (ZRT-021)
Information: Multiple default contact VIA45_X found for layer VIA45. (ZRT-021)
Information: Multiple default contact VIA56_X found for layer VIA56. (ZRT-021)
Information: Multiple default contact VIA56S_H found for layer VIA56. (ZRT-021)
Error: Cell Execute/alu_inst/U9 is not placed. (ZRT-064)
Warning: Ignore net Execute/ResultE[0]'s connection to port Y (cell Execute/alu_inst/U9). (ZRT-065)
Warning: Ignore net Execute/alu_inst/n181's connection to port C0 (cell Execute/alu_inst/U9). (ZRT-065)
Warning: Ignore net Execute/alu_inst/n180's connection to port B0 (cell Execute/alu_inst/U9). (ZRT-065)
Warning: Ignore net Execute/alu_inst/n197's connection to port A1 (cell Execute/alu_inst/U9). (ZRT-065)
Warning: Ignore net Execute/alu_inst/n7's connection to port A0 (cell Execute/alu_inst/U9). (ZRT-065)
Error: Cell Execute/alu_inst/U7 is not placed. (ZRT-064)
Warning: Ignore net Execute/ResultE[31]'s connection to port Y (cell Execute/alu_inst/U7). (ZRT-065)
Warning: Ignore net Execute/alu_inst/n22's connection to port C1 (cell Execute/alu_inst/U7). (ZRT-065)
Warning: Ignore net Execute/alu_inst/n11's connection to port C0 (cell Execute/alu_inst/U7). (ZRT-065)
Warning: Ignore net Execute/alu_inst/n108's connection to port B1 (cell Execute/alu_inst/U7). (ZRT-065)
Warning: Ignore net Execute/alu_inst/n21's connection to port B0 (cell Execute/alu_inst/U7). (ZRT-065)
Warning: Ignore net Execute/alu_inst/n107's connection to port A1 (cell Execute/alu_inst/U7). (ZRT-065)
Warning: Ignore net Execute/alu_inst/n2's connection to port A0 (cell Execute/alu_inst/U7). (ZRT-065)
Error: Cell Execute/alu_inst/U6 is not placed. (ZRT-064)
Warning: Ignore net Execute/alu_inst/n74's connection to port Y (cell Execute/alu_inst/U6). (ZRT-065)
Warning: Ignore net Execute/alu_inst/n78's connection to port D (cell Execute/alu_inst/U6). (ZRT-065)
Warning: Ignore net Execute/alu_inst/n77's connection to port C (cell Execute/alu_inst/U6). (ZRT-065)
Warning: Ignore net Execute/ResultE[3]'s connection to port BN (cell Execute/alu_inst/U6). (ZRT-065)
Warning: Ignore net Execute/ResultE[31]'s connection to port AN (cell Execute/alu_inst/U6). (ZRT-065)
Error: Cell Execute/alu_inst/U5 is not placed. (ZRT-064)
Warning: Ignore net Execute/alu_inst/n79's connection to port Y (cell Execute/alu_inst/U5). (ZRT-065)
Warning: Ignore net Execute/ResultE[0]'s connection to port B (cell Execute/alu_inst/U5). (ZRT-065)
Warning: Ignore net Execute/alu_inst/n1's connection to port A (cell Execute/alu_inst/U5). (ZRT-065)
Error: Cell Execute/alu_inst/U4 is not placed. (ZRT-064)
Warning: Ignore net Execute/alu_inst/n106's connection to port Y (cell Execute/alu_inst/U4). (ZRT-065)
Warning: Ignore net Execute/alu_inst/n201's connection to port B1 (cell Execute/alu_inst/U4). (ZRT-065)
Warning: Ignore net Execute/alu_inst/N39's connection to port B0 (cell Execute/alu_inst/U4). (ZRT-065)
Warning: Ignore net ALUControlE[0]'s connection to port A1 (cell Execute/alu_inst/U4). (ZRT-065)
Warning: Ignore net Execute/alu_inst/N135's connection to port A0 (cell Execute/alu_inst/U4). (ZRT-065)
Error: Cell Decode/se/U11 is not placed. (ZRT-064)
Warning: Ignore net Decode/ImmExtD[2]'s connection to port Y (cell Decode/se/U11). (ZRT-065)
Warning: Ignore net Decode/se/n6's connection to port B1 (cell Decode/se/U11). (ZRT-065)
Warning: Ignore net InstrD[9]'s connection to port B0 (cell Decode/se/U11). (ZRT-065)
Warning: Ignore net Decode/se/n5's connection to port A1 (cell Decode/se/U11). (ZRT-065)
Warning: Ignore net InstrD[22]'s connection to port A0 (cell Decode/se/U11). (ZRT-065)
Error: Cell Decode/se/U10 is not placed. (ZRT-064)
Warning: Ignore net Decode/ImmExtD[1]'s connection to port Y (cell Decode/se/U10). (ZRT-065)
Warning: Ignore net Decode/se/n6's connection to port B1 (cell Decode/se/U10). (ZRT-065)
Warning: Ignore net InstrD[8]'s connection to port B0 (cell Decode/se/U10). (ZRT-065)
Warning: Ignore net Decode/se/n5's connection to port A1 (cell Decode/se/U10). (ZRT-065)
Warning: Ignore net InstrD[21]'s connection to port A0 (cell Decode/se/U10). (ZRT-065)
Error: Cell Fetch/PC_MUX/U37 is not placed. (ZRT-064)
Warning: Ignore net Fetch/PC_F[0]'s connection to port Y (cell Fetch/PC_MUX/U37). (ZRT-065)
Warning: Ignore net Fetch/PC_MUX/n2's connection to port B1 (cell Fetch/PC_MUX/U37). (ZRT-065)
Warning: Ignore net Fetch/PCPlus4F[0]'s connection to port B0 (cell Fetch/PC_MUX/U37). (ZRT-065)
Warning: Ignore net PCSrcE's connection to port A1 (cell Fetch/PC_MUX/U37). (ZRT-065)
Warning: Ignore net PCTargetE[0]'s connection to port A0 (cell Fetch/PC_MUX/U37). (ZRT-065)
Error: Cell Fetch/PC_MUX/U35 is not placed. (ZRT-064)
Warning: Ignore net Fetch/PC_F[19]'s connection to port Y (cell Fetch/PC_MUX/U35). (ZRT-065)
Warning: Ignore net Fetch/PC_MUX/n3's connection to port B1 (cell Fetch/PC_MUX/U35). (ZRT-065)
Warning: Ignore net Fetch/PCPlus4F[19]'s connection to port B0 (cell Fetch/PC_MUX/U35). (ZRT-065)
Warning: Ignore net Fetch/PC_MUX/n1's connection to port A1 (cell Fetch/PC_MUX/U35). (ZRT-065)
Warning: Ignore net PCTargetE[19]'s connection to port A0 (cell Fetch/PC_MUX/U35). (ZRT-065)
Error: Cell Fetch/PC_MUX/U34 is not placed. (ZRT-064)
Warning: Ignore net Fetch/PC_F[18]'s connection to port Y (cell Fetch/PC_MUX/U34). (ZRT-065)
Warning: Ignore net Fetch/PC_MUX/n3's connection to port B1 (cell Fetch/PC_MUX/U34). (ZRT-065)
Warning: Ignore net Fetch/PCPlus4F[18]'s connection to port B0 (cell Fetch/PC_MUX/U34). (ZRT-065)
Warning: Ignore net Fetch/PC_MUX/n1's connection to port A1 (cell Fetch/PC_MUX/U34). (ZRT-065)
Warning: Ignore net PCTargetE[18]'s connection to port A0 (cell Fetch/PC_MUX/U34). (ZRT-065)
Error: Cell Fetch/PC_MUX/U33 is not placed. (ZRT-064)
Warning: Ignore net Fetch/PC_F[12]'s connection to port Y (cell Fetch/PC_MUX/U33). (ZRT-065)
Warning: Ignore net Fetch/PC_MUX/n2's connection to port B1 (cell Fetch/PC_MUX/U33). (ZRT-065)
Warning: Ignore net Fetch/PCPlus4F[12]'s connection to port B0 (cell Fetch/PC_MUX/U33). (ZRT-065)
Warning: Ignore net Fetch/PC_MUX/n1's connection to port A1 (cell Fetch/PC_MUX/U33). (ZRT-065)
Warning: Ignore net PCTargetE[12]'s connection to port A0 (cell Fetch/PC_MUX/U33). (ZRT-065)
Error: Cell Fetch/PC_MUX/U32 is not placed. (ZRT-064)
Warning: Ignore net Fetch/PC_F[11]'s connection to port Y (cell Fetch/PC_MUX/U32). (ZRT-065)
Warning: Ignore net Fetch/PC_MUX/n2's connection to port B1 (cell Fetch/PC_MUX/U32). (ZRT-065)
Warning: Ignore net Fetch/PCPlus4F[11]'s connection to port B0 (cell Fetch/PC_MUX/U32). (ZRT-065)
Warning: Ignore net Fetch/PC_MUX/n1's connection to port A1 (cell Fetch/PC_MUX/U32). (ZRT-065)
Warning: Ignore net PCTargetE[11]'s connection to port A0 (cell Fetch/PC_MUX/U32). (ZRT-065)
Error: Cell Fetch/PC_MUX/U31 is not placed. (ZRT-064)
Warning: Ignore net Fetch/PC_F[10]'s connection to port Y (cell Fetch/PC_MUX/U31). (ZRT-065)
Warning: Ignore net Fetch/PC_MUX/n2's connection to port B1 (cell Fetch/PC_MUX/U31). (ZRT-065)
Warning: Ignore net Fetch/PCPlus4F[10]'s connection to port B0 (cell Fetch/PC_MUX/U31). (ZRT-065)
Warning: Ignore net Fetch/PC_MUX/n1's connection to port A1 (cell Fetch/PC_MUX/U31). (ZRT-065)
Warning: Ignore net PCTargetE[10]'s connection to port A0 (cell Fetch/PC_MUX/U31). (ZRT-065)
Error: Cell Execute/ALU_Src_Mux/U11 is not placed. (ZRT-064)
Warning: Ignore net Execute/SrcBE_Final[12]'s connection to port Y (cell Execute/ALU_Src_Mux/U11). (ZRT-065)
Warning: Ignore net Execute/ALU_Src_Mux/n1's connection to port B1 (cell Execute/ALU_Src_Mux/U11). (ZRT-065)
Warning: Ignore net Execute/SrcBE_Forwarded[12]'s connection to port B0 (cell Execute/ALU_Src_Mux/U11). (ZRT-065)
Warning: Ignore net ALUSrcE's connection to port A1 (cell Execute/ALU_Src_Mux/U11). (ZRT-065)
Warning: Ignore net ImmExtE[12]'s connection to port A0 (cell Execute/ALU_Src_Mux/U11). (ZRT-065)
Error: Cell Execute/ALU_Src_Mux/U7 is not placed. (ZRT-064)
Warning: Ignore net Execute/SrcBE_Final[4]'s connection to port Y (cell Execute/ALU_Src_Mux/U7). (ZRT-065)
Warning: Ignore net Execute/ALU_Src_Mux/n3's connection to port B1 (cell Execute/ALU_Src_Mux/U7). (ZRT-065)
Warning: Ignore net Execute/SrcBE_Forwarded[4]'s connection to port B0 (cell Execute/ALU_Src_Mux/U7). (ZRT-065)
Warning: Ignore net ALUSrcE's connection to port A1 (cell Execute/ALU_Src_Mux/U7). (ZRT-065)
Warning: Ignore net ImmExtE[4]'s connection to port A0 (cell Execute/ALU_Src_Mux/U7). (ZRT-065)
Error: Cell Execute/ALU_Src_Mux/U6 is not placed. (ZRT-064)
Warning: Ignore net Execute/SrcBE_Final[3]'s connection to port Y (cell Execute/ALU_Src_Mux/U6). (ZRT-065)
Warning: Ignore net Execute/ALU_Src_Mux/n3's connection to port B1 (cell Execute/ALU_Src_Mux/U6). (ZRT-065)
Warning: Ignore net Execute/SrcBE_Forwarded[3]'s connection to port B0 (cell Execute/ALU_Src_Mux/U6). (ZRT-065)
Warning: Ignore net ALUSrcE's connection to port A1 (cell Execute/ALU_Src_Mux/U6). (ZRT-065)
Warning: Ignore net ImmExtE[3]'s connection to port A0 (cell Execute/ALU_Src_Mux/U6). (ZRT-065)
Error: Cell Execute/ALU_Src_Mux/U5 is not placed. (ZRT-064)
Warning: Ignore net Execute/SrcBE_Final[5]'s connection to port Y (cell Execute/ALU_Src_Mux/U5). (ZRT-065)
Warning: Ignore net Execute/ALU_Src_Mux/n3's connection to port B1 (cell Execute/ALU_Src_Mux/U5). (ZRT-065)
Warning: Ignore net Execute/SrcBE_Forwarded[5]'s connection to port B0 (cell Execute/ALU_Src_Mux/U5). (ZRT-065)
Warning: Ignore net ALUSrcE's connection to port A1 (cell Execute/ALU_Src_Mux/U5). (ZRT-065)
Warning: Ignore net ImmExtE[5]'s connection to port A0 (cell Execute/ALU_Src_Mux/U5). (ZRT-065)
Error: Cell Execute/ALU_Src_Mux/U4 is not placed. (ZRT-064)
Warning: Ignore net Execute/SrcBE_Final[6]'s connection to port Y (cell Execute/ALU_Src_Mux/U4). (ZRT-065)
Warning: Ignore net Execute/ALU_Src_Mux/n3's connection to port B1 (cell Execute/ALU_Src_Mux/U4). (ZRT-065)
Warning: Ignore net Execute/SrcBE_Forwarded[6]'s connection to port B0 (cell Execute/ALU_Src_Mux/U4). (ZRT-065)
Warning: Ignore net ALUSrcE's connection to port A1 (cell Execute/ALU_Src_Mux/U4). (ZRT-065)
Warning: Ignore net ImmExtE[6]'s connection to port A0 (cell Execute/ALU_Src_Mux/U4). (ZRT-065)
Error: Cell Execute/ALU_Src_Mux/U3 is not placed. (ZRT-064)
Warning: Ignore net Execute/SrcBE_Final[2]'s connection to port Y (cell Execute/ALU_Src_Mux/U3). (ZRT-065)
Warning: Ignore net Execute/ALU_Src_Mux/n3's connection to port B1 (cell Execute/ALU_Src_Mux/U3). (ZRT-065)
Warning: Ignore net Execute/SrcBE_Forwarded[2]'s connection to port B0 (cell Execute/ALU_Src_Mux/U3). (ZRT-065)
Warning: Ignore net ALUSrcE's connection to port A1 (cell Execute/ALU_Src_Mux/U3). (ZRT-065)
Warning: Ignore net ImmExtE[2]'s connection to port A0 (cell Execute/ALU_Src_Mux/U3). (ZRT-065)
Error: Cell Decode/se/U24 is not placed. (ZRT-064)
Warning: Ignore net Decode/ImmExtD[4]'s connection to port Y (cell Decode/se/U24). (ZRT-065)
Warning: Ignore net Decode/se/n6's connection to port B1 (cell Decode/se/U24). (ZRT-065)
Warning: Ignore net VSS's connection to port B0 (cell Decode/se/U24). (ZRT-065)
Warning: Ignore net Decode/se/n5's connection to port A1 (cell Decode/se/U24). (ZRT-065)
Warning: Ignore net VSS's connection to port A0 (cell Decode/se/U24). (ZRT-065)
Error: Cell Decode/se/U12 is not placed. (ZRT-064)
Warning: Ignore net Decode/ImmExtD[3]'s connection to port Y (cell Decode/se/U12). (ZRT-065)
Warning: Ignore net Decode/se/n6's connection to port B1 (cell Decode/se/U12). (ZRT-065)
Warning: Ignore net InstrD[10]'s connection to port B0 (cell Decode/se/U12). (ZRT-065)
Warning: Ignore net Decode/se/n5's connection to port A1 (cell Decode/se/U12). (ZRT-065)
Warning: Ignore net InstrD[23]'s connection to port A0 (cell Decode/se/U12). (ZRT-065)
Error: Cell Execute/ALU_Src_Mux/U19 is not placed. (ZRT-064)
Warning: Ignore net Execute/SrcBE_Final[17]'s connection to port Y (cell Execute/ALU_Src_Mux/U19). (ZRT-065)
Warning: Ignore net Execute/ALU_Src_Mux/n2's connection to port B1 (cell Execute/ALU_Src_Mux/U19). (ZRT-065)
Warning: Ignore net Execute/SrcBE_Forwarded[17]'s connection to port B0 (cell Execute/ALU_Src_Mux/U19). (ZRT-065)
Warning: Ignore net ALUSrcE's connection to port A1 (cell Execute/ALU_Src_Mux/U19). (ZRT-065)
Warning: Ignore net ImmExtE[17]'s connection to port A0 (cell Execute/ALU_Src_Mux/U19). (ZRT-065)
Error: Cell Execute/ALU_Src_Mux/U18 is not placed. (ZRT-064)
Warning: Ignore net Execute/SrcBE_Final[18]'s connection to port Y (cell Execute/ALU_Src_Mux/U18). (ZRT-065)
Warning: Ignore net Execute/ALU_Src_Mux/n2's connection to port B1 (cell Execute/ALU_Src_Mux/U18). (ZRT-065)
Warning: Ignore net Execute/SrcBE_Forwarded[18]'s connection to port B0 (cell Execute/ALU_Src_Mux/U18). (ZRT-065)
Warning: Ignore net ALUSrcE's connection to port A1 (cell Execute/ALU_Src_Mux/U18). (ZRT-065)
Warning: Ignore net ImmExtE[18]'s connection to port A0 (cell Execute/ALU_Src_Mux/U18). (ZRT-065)
Error: Cell Execute/ALU_Src_Mux/U17 is not placed. (ZRT-064)
Warning: Ignore net Execute/SrcBE_Final[19]'s connection to port Y (cell Execute/ALU_Src_Mux/U17). (ZRT-065)
Warning: Ignore net Execute/ALU_Src_Mux/n2's connection to port B1 (cell Execute/ALU_Src_Mux/U17). (ZRT-065)
Warning: Ignore net Execute/SrcBE_Forwarded[19]'s connection to port B0 (cell Execute/ALU_Src_Mux/U17). (ZRT-065)
Warning: Ignore net ALUSrcE's connection to port A1 (cell Execute/ALU_Src_Mux/U17). (ZRT-065)
Warning: Ignore net ImmExtE[19]'s connection to port A0 (cell Execute/ALU_Src_Mux/U17). (ZRT-065)
Error: Cell Execute/ALU_Src_Mux/U16 is not placed. (ZRT-064)
Warning: Ignore net Execute/SrcBE_Final[7]'s connection to port Y (cell Execute/ALU_Src_Mux/U16). (ZRT-065)
Warning: Ignore net Execute/ALU_Src_Mux/n3's connection to port B1 (cell Execute/ALU_Src_Mux/U16). (ZRT-065)
Warning: Ignore net Execute/SrcBE_Forwarded[7]'s connection to port B0 (cell Execute/ALU_Src_Mux/U16). (ZRT-065)
Warning: Ignore net ALUSrcE's connection to port A1 (cell Execute/ALU_Src_Mux/U16). (ZRT-065)
Warning: Ignore net ImmExtE[7]'s connection to port A0 (cell Execute/ALU_Src_Mux/U16). (ZRT-065)
Error: Cell Execute/ALU_Src_Mux/U15 is not placed. (ZRT-064)
Warning: Ignore net Execute/SrcBE_Final[8]'s connection to port Y (cell Execute/ALU_Src_Mux/U15). (ZRT-065)
Warning: Ignore net Execute/ALU_Src_Mux/n3's connection to port B1 (cell Execute/ALU_Src_Mux/U15). (ZRT-065)
Warning: Ignore net Execute/SrcBE_Forwarded[8]'s connection to port B0 (cell Execute/ALU_Src_Mux/U15). (ZRT-065)
Warning: Ignore net ALUSrcE's connection to port A1 (cell Execute/ALU_Src_Mux/U15). (ZRT-065)
Warning: Ignore net ImmExtE[8]'s connection to port A0 (cell Execute/ALU_Src_Mux/U15). (ZRT-065)
Error: Cell Execute/ALU_Src_Mux/U14 is not placed. (ZRT-064)
Warning: Ignore net Execute/SrcBE_Final[9]'s connection to port Y (cell Execute/ALU_Src_Mux/U14). (ZRT-065)
Warning: Ignore net Execute/ALU_Src_Mux/n3's connection to port B1 (cell Execute/ALU_Src_Mux/U14). (ZRT-065)
Warning: Ignore net Execute/SrcBE_Forwarded[9]'s connection to port B0 (cell Execute/ALU_Src_Mux/U14). (ZRT-065)
Warning: Ignore net ImmExtE[9]'s connection to port A1 (cell Execute/ALU_Src_Mux/U14). (ZRT-065)
Warning: Ignore net ALUSrcE's connection to port A0 (cell Execute/ALU_Src_Mux/U14). (ZRT-065)
Error: Cell Execute/ALU_Src_Mux/U13 is not placed. (ZRT-064)
Warning: Ignore net Execute/SrcBE_Final[10]'s connection to port Y (cell Execute/ALU_Src_Mux/U13). (ZRT-065)
Warning: Ignore net Execute/ALU_Src_Mux/n1's connection to port B1 (cell Execute/ALU_Src_Mux/U13). (ZRT-065)
Warning: Ignore net Execute/SrcBE_Forwarded[10]'s connection to port B0 (cell Execute/ALU_Src_Mux/U13). (ZRT-065)
Warning: Ignore net ALUSrcE's connection to port A1 (cell Execute/ALU_Src_Mux/U13). (ZRT-065)
Warning: Ignore net ImmExtE[10]'s connection to port A0 (cell Execute/ALU_Src_Mux/U13). (ZRT-065)
Error: Cell Execute/ALU_Src_Mux/U12 is not placed. (ZRT-064)
Warning: Ignore net Execute/SrcBE_Final[11]'s connection to port Y (cell Execute/ALU_Src_Mux/U12). (ZRT-065)
Warning: Ignore net Execute/ALU_Src_Mux/n1's connection to port B1 (cell Execute/ALU_Src_Mux/U12). (ZRT-065)
Warning: Ignore net Execute/SrcBE_Forwarded[11]'s connection to port B0 (cell Execute/ALU_Src_Mux/U12). (ZRT-065)
Warning: Ignore net ALUSrcE's connection to port A1 (cell Execute/ALU_Src_Mux/U12). (ZRT-065)
Warning: Ignore net ImmExtE[11]'s connection to port A0 (cell Execute/ALU_Src_Mux/U12). (ZRT-065)
Error: Cell Execute/ALU_Src_Mux/U27 is not placed. (ZRT-064)
Warning: Ignore net Execute/SrcBE_Final[23]'s connection to port Y (cell Execute/ALU_Src_Mux/U27). (ZRT-065)
Warning: Ignore net Execute/ALU_Src_Mux/n3's connection to port B1 (cell Execute/ALU_Src_Mux/U27). (ZRT-065)
Warning: Ignore net Execute/SrcBE_Forwarded[23]'s connection to port B0 (cell Execute/ALU_Src_Mux/U27). (ZRT-065)
Warning: Ignore net ALUSrcE's connection to port A1 (cell Execute/ALU_Src_Mux/U27). (ZRT-065)
Warning: Ignore net ImmExtE[23]'s connection to port A0 (cell Execute/ALU_Src_Mux/U27). (ZRT-065)
Error: Cell Execute/ALU_Src_Mux/U26 is not placed. (ZRT-064)
Warning: Ignore net Execute/SrcBE_Final[24]'s connection to port Y (cell Execute/ALU_Src_Mux/U26). (ZRT-065)
Warning: Ignore net Execute/ALU_Src_Mux/n3's connection to port B1 (cell Execute/ALU_Src_Mux/U26). (ZRT-065)
Warning: Ignore net Execute/SrcBE_Forwarded[24]'s connection to port B0 (cell Execute/ALU_Src_Mux/U26). (ZRT-065)
Warning: Ignore net ALUSrcE's connection to port A1 (cell Execute/ALU_Src_Mux/U26). (ZRT-065)
Warning: Ignore net ImmExtE[24]'s connection to port A0 (cell Execute/ALU_Src_Mux/U26). (ZRT-065)
Error: Cell Execute/ALU_Src_Mux/U25 is not placed. (ZRT-064)
Warning: Ignore net Execute/SrcBE_Final[25]'s connection to port Y (cell Execute/ALU_Src_Mux/U25). (ZRT-065)
Warning: Ignore net Execute/ALU_Src_Mux/n3's connection to port B1 (cell Execute/ALU_Src_Mux/U25). (ZRT-065)
Warning: Ignore net Execute/SrcBE_Forwarded[25]'s connection to port B0 (cell Execute/ALU_Src_Mux/U25). (ZRT-065)
Warning: Ignore net ALUSrcE's connection to port A1 (cell Execute/ALU_Src_Mux/U25). (ZRT-065)
Warning: Ignore net ImmExtE[25]'s connection to port A0 (cell Execute/ALU_Src_Mux/U25). (ZRT-065)
Error: Cell Execute/ALU_Src_Mux/U24 is not placed. (ZRT-064)
Warning: Ignore net Execute/SrcBE_Final[26]'s connection to port Y (cell Execute/ALU_Src_Mux/U24). (ZRT-065)
Warning: Ignore net Execute/ALU_Src_Mux/n3's connection to port B1 (cell Execute/ALU_Src_Mux/U24). (ZRT-065)
Warning: Ignore net Execute/SrcBE_Forwarded[26]'s connection to port B0 (cell Execute/ALU_Src_Mux/U24). (ZRT-065)
Warning: Ignore net ALUSrcE's connection to port A1 (cell Execute/ALU_Src_Mux/U24). (ZRT-065)
Warning: Ignore net ImmExtE[26]'s connection to port A0 (cell Execute/ALU_Src_Mux/U24). (ZRT-065)
Error: Cell Execute/ALU_Src_Mux/U23 is not placed. (ZRT-064)
Warning: Ignore net Execute/SrcBE_Final[13]'s connection to port Y (cell Execute/ALU_Src_Mux/U23). (ZRT-065)
Warning: Ignore net Execute/ALU_Src_Mux/n2's connection to port B1 (cell Execute/ALU_Src_Mux/U23). (ZRT-065)
Warning: Ignore net Execute/SrcBE_Forwarded[13]'s connection to port B0 (cell Execute/ALU_Src_Mux/U23). (ZRT-065)
Warning: Ignore net ALUSrcE's connection to port A1 (cell Execute/ALU_Src_Mux/U23). (ZRT-065)
Warning: Ignore net ImmExtE[13]'s connection to port A0 (cell Execute/ALU_Src_Mux/U23). (ZRT-065)
Error: Cell Execute/ALU_Src_Mux/U22 is not placed. (ZRT-064)
Warning: Ignore net Execute/SrcBE_Final[14]'s connection to port Y (cell Execute/ALU_Src_Mux/U22). (ZRT-065)
Warning: Ignore net Execute/ALU_Src_Mux/n2's connection to port B1 (cell Execute/ALU_Src_Mux/U22). (ZRT-065)
Warning: Ignore net Execute/SrcBE_Forwarded[14]'s connection to port B0 (cell Execute/ALU_Src_Mux/U22). (ZRT-065)
Warning: Ignore net ALUSrcE's connection to port A1 (cell Execute/ALU_Src_Mux/U22). (ZRT-065)
Warning: Ignore net ImmExtE[14]'s connection to port A0 (cell Execute/ALU_Src_Mux/U22). (ZRT-065)
Error: Cell Execute/ALU_Src_Mux/U21 is not placed. (ZRT-064)
Warning: Ignore net Execute/SrcBE_Final[15]'s connection to port Y (cell Execute/ALU_Src_Mux/U21). (ZRT-065)
Warning: Ignore net Execute/ALU_Src_Mux/n2's connection to port B1 (cell Execute/ALU_Src_Mux/U21). (ZRT-065)
Warning: Ignore net Execute/SrcBE_Forwarded[15]'s connection to port B0 (cell Execute/ALU_Src_Mux/U21). (ZRT-065)
Warning: Ignore net ALUSrcE's connection to port A1 (cell Execute/ALU_Src_Mux/U21). (ZRT-065)
Warning: Ignore net ImmExtE[15]'s connection to port A0 (cell Execute/ALU_Src_Mux/U21). (ZRT-065)
Error: Cell Execute/ALU_Src_Mux/U20 is not placed. (ZRT-064)
Warning: Ignore net Execute/SrcBE_Final[16]'s connection to port Y (cell Execute/ALU_Src_Mux/U20). (ZRT-065)
Warning: Ignore net Execute/ALU_Src_Mux/n2's connection to port B1 (cell Execute/ALU_Src_Mux/U20). (ZRT-065)
Warning: Ignore net Execute/SrcBE_Forwarded[16]'s connection to port B0 (cell Execute/ALU_Src_Mux/U20). (ZRT-065)
Warning: Ignore net ALUSrcE's connection to port A1 (cell Execute/ALU_Src_Mux/U20). (ZRT-065)
Warning: Ignore net ImmExtE[16]'s connection to port A0 (cell Execute/ALU_Src_Mux/U20). (ZRT-065)
Error: Cell Execute/ALU_Src_Mux/U36 is not placed. (ZRT-064)
Warning: Ignore net Execute/SrcBE_Final[31]'s connection to port Y (cell Execute/ALU_Src_Mux/U36). (ZRT-065)
Warning: Ignore net Execute/ALU_Src_Mux/n3's connection to port B1 (cell Execute/ALU_Src_Mux/U36). (ZRT-065)
Warning: Ignore net Execute/SrcBE_Forwarded[31]'s connection to port B0 (cell Execute/ALU_Src_Mux/U36). (ZRT-065)
Warning: Ignore net ALUSrcE's connection to port A1 (cell Execute/ALU_Src_Mux/U36). (ZRT-065)
Warning: Ignore net ImmExtE[31]'s connection to port A0 (cell Execute/ALU_Src_Mux/U36). (ZRT-065)
Error: Cell Execute/ALU_Src_Mux/U35 is not placed. (ZRT-064)
Warning: Ignore net Execute/SrcBE_Final[27]'s connection to port Y (cell Execute/ALU_Src_Mux/U35). (ZRT-065)
Warning: Ignore net Execute/ALU_Src_Mux/n3's connection to port B1 (cell Execute/ALU_Src_Mux/U35). (ZRT-065)
Warning: Ignore net Execute/SrcBE_Forwarded[27]'s connection to port B0 (cell Execute/ALU_Src_Mux/U35). (ZRT-065)
Warning: Ignore net ALUSrcE's connection to port A1 (cell Execute/ALU_Src_Mux/U35). (ZRT-065)
Warning: Ignore net ImmExtE[27]'s connection to port A0 (cell Execute/ALU_Src_Mux/U35). (ZRT-065)
Error: Cell Execute/ALU_Src_Mux/U34 is not placed. (ZRT-064)
Warning: Ignore net Execute/SrcBE_Final[28]'s connection to port Y (cell Execute/ALU_Src_Mux/U34). (ZRT-065)
Warning: Ignore net Execute/ALU_Src_Mux/n3's connection to port B1 (cell Execute/ALU_Src_Mux/U34). (ZRT-065)
Warning: Ignore net Execute/SrcBE_Forwarded[28]'s connection to port B0 (cell Execute/ALU_Src_Mux/U34). (ZRT-065)
Warning: Ignore net ALUSrcE's connection to port A1 (cell Execute/ALU_Src_Mux/U34). (ZRT-065)
Warning: Ignore net ImmExtE[28]'s connection to port A0 (cell Execute/ALU_Src_Mux/U34). (ZRT-065)
Error: Cell Execute/ALU_Src_Mux/U33 is not placed. (ZRT-064)
Warning: Ignore net Execute/SrcBE_Final[29]'s connection to port Y (cell Execute/ALU_Src_Mux/U33). (ZRT-065)
Warning: Ignore net Execute/ALU_Src_Mux/n3's connection to port B1 (cell Execute/ALU_Src_Mux/U33). (ZRT-065)
Warning: Ignore net Execute/SrcBE_Forwarded[29]'s connection to port B0 (cell Execute/ALU_Src_Mux/U33). (ZRT-065)
Warning: Ignore net ALUSrcE's connection to port A1 (cell Execute/ALU_Src_Mux/U33). (ZRT-065)
Warning: Ignore net ImmExtE[29]'s connection to port A0 (cell Execute/ALU_Src_Mux/U33). (ZRT-065)
Error: Cell Execute/ALU_Src_Mux/U32 is not placed. (ZRT-064)
Warning: Ignore net Execute/SrcBE_Final[30]'s connection to port Y (cell Execute/ALU_Src_Mux/U32). (ZRT-065)
Warning: Ignore net Execute/ALU_Src_Mux/n3's connection to port B1 (cell Execute/ALU_Src_Mux/U32). (ZRT-065)
Warning: Ignore net Execute/SrcBE_Forwarded[30]'s connection to port B0 (cell Execute/ALU_Src_Mux/U32). (ZRT-065)
Warning: Ignore net ALUSrcE's connection to port A1 (cell Execute/ALU_Src_Mux/U32). (ZRT-065)
Warning: Ignore net ImmExtE[30]'s connection to port A0 (cell Execute/ALU_Src_Mux/U32). (ZRT-065)
Error: Cell Execute/ALU_Src_Mux/U30 is not placed. (ZRT-064)
Warning: Ignore net Execute/SrcBE_Final[20]'s connection to port Y (cell Execute/ALU_Src_Mux/U30). (ZRT-065)
Warning: Ignore net Execute/ALU_Src_Mux/n2's connection to port B1 (cell Execute/ALU_Src_Mux/U30). (ZRT-065)
Warning: Ignore net Execute/SrcBE_Forwarded[20]'s connection to port B0 (cell Execute/ALU_Src_Mux/U30). (ZRT-065)
Warning: Ignore net ALUSrcE's connection to port A1 (cell Execute/ALU_Src_Mux/U30). (ZRT-065)
Warning: Ignore net ImmExtE[20]'s connection to port A0 (cell Execute/ALU_Src_Mux/U30). (ZRT-065)
Error: Cell Execute/ALU_Src_Mux/U29 is not placed. (ZRT-064)
Warning: Ignore net Execute/SrcBE_Final[21]'s connection to port Y (cell Execute/ALU_Src_Mux/U29). (ZRT-065)
Warning: Ignore net Execute/ALU_Src_Mux/n2's connection to port B1 (cell Execute/ALU_Src_Mux/U29). (ZRT-065)
Warning: Ignore net Execute/SrcBE_Forwarded[21]'s connection to port B0 (cell Execute/ALU_Src_Mux/U29). (ZRT-065)
Warning: Ignore net ALUSrcE's connection to port A1 (cell Execute/ALU_Src_Mux/U29). (ZRT-065)
Warning: Ignore net ImmExtE[21]'s connection to port A0 (cell Execute/ALU_Src_Mux/U29). (ZRT-065)
Error: Cell Execute/ALU_Src_Mux/U28 is not placed. (ZRT-064)
Warning: Ignore net Execute/SrcBE_Final[22]'s connection to port Y (cell Execute/ALU_Src_Mux/U28). (ZRT-065)
Warning: Ignore net Execute/ALU_Src_Mux/n2's connection to port B1 (cell Execute/ALU_Src_Mux/U28). (ZRT-065)
Warning: Ignore net Execute/SrcBE_Forwarded[22]'s connection to port B0 (cell Execute/ALU_Src_Mux/U28). (ZRT-065)
Warning: Ignore net ALUSrcE's connection to port A1 (cell Execute/ALU_Src_Mux/U28). (ZRT-065)
Warning: Ignore net ImmExtE[22]'s connection to port A0 (cell Execute/ALU_Src_Mux/U28). (ZRT-065)
Error: Cell Execute/ALU_Src_Mux/U2 is not placed. (ZRT-064)
Warning: Ignore net Execute/SrcBE_Final[0]'s connection to port Y (cell Execute/ALU_Src_Mux/U2). (ZRT-065)
Warning: Ignore net Execute/ALU_Src_Mux/n1's connection to port B1 (cell Execute/ALU_Src_Mux/U2). (ZRT-065)
Warning: Ignore net Execute/SrcBE_Forwarded[0]'s connection to port B0 (cell Execute/ALU_Src_Mux/U2). (ZRT-065)
Warning: Ignore net ALUSrcE's connection to port A1 (cell Execute/ALU_Src_Mux/U2). (ZRT-065)
Warning: Ignore net ImmExtE[0]'s connection to port A0 (cell Execute/ALU_Src_Mux/U2). (ZRT-065)
Error: Cell Execute/ALU_Src_Mux/U1 is not placed. (ZRT-064)
Warning: Ignore net Execute/SrcBE_Final[1]'s connection to port Y (cell Execute/ALU_Src_Mux/U1). (ZRT-065)
Warning: Ignore net Execute/ALU_Src_Mux/n2's connection to port B1 (cell Execute/ALU_Src_Mux/U1). (ZRT-065)
Warning: Ignore net Execute/SrcBE_Forwarded[1]'s connection to port B0 (cell Execute/ALU_Src_Mux/U1). (ZRT-065)
Warning: Ignore net ALUSrcE's connection to port A1 (cell Execute/ALU_Src_Mux/U1). (ZRT-065)
Warning: Ignore net ImmExtE[1]'s connection to port A0 (cell Execute/ALU_Src_Mux/U1). (ZRT-065)
Error: Cell Execute/SrcA_Mux/U13 is not placed. (ZRT-064)
Warning: Ignore net Execute/SrcAE_Final[5]'s connection to port Y (cell Execute/SrcA_Mux/U13). (ZRT-065)
Warning: Ignore net Execute/SrcA_Mux/n8's connection to port B0 (cell Execute/SrcA_Mux/U13). (ZRT-065)
Warning: Ignore net Execute/SrcA_Mux/n1's connection to port A1N (cell Execute/SrcA_Mux/U13). (ZRT-065)
Warning: Ignore net RD1E[5]'s connection to port A0N (cell Execute/SrcA_Mux/U13). (ZRT-065)
Error: Cell Execute/SrcA_Mux/U11 is not placed. (ZRT-064)
Warning: Ignore net Execute/SrcAE_Final[4]'s connection to port Y (cell Execute/SrcA_Mux/U11). (ZRT-065)
Warning: Ignore net Execute/SrcA_Mux/n9's connection to port B0 (cell Execute/SrcA_Mux/U11). (ZRT-065)
Warning: Ignore net Execute/SrcA_Mux/n1's connection to port A1N (cell Execute/SrcA_Mux/U11). (ZRT-065)
Warning: Ignore net RD1E[4]'s connection to port A0N (cell Execute/SrcA_Mux/U11). (ZRT-065)
Error: Cell Execute/SrcA_Mux/U10 is not placed. (ZRT-064)
Warning: Ignore net Execute/SrcAE_Final[2]'s connection to port Y (cell Execute/SrcA_Mux/U10). (ZRT-065)
Warning: Ignore net Execute/SrcA_Mux/n13's connection to port B0 (cell Execute/SrcA_Mux/U10). (ZRT-065)
Warning: Ignore net Execute/SrcA_Mux/n1's connection to port A1N (cell Execute/SrcA_Mux/U10). (ZRT-065)
Warning: Ignore net RD1E[2]'s connection to port A0N (cell Execute/SrcA_Mux/U10). (ZRT-065)
Error: Cell Execute/SrcA_Mux/U8 is not placed. (ZRT-064)
Warning: Ignore net Execute/SrcAE_Final[3]'s connection to port Y (cell Execute/SrcA_Mux/U8). (ZRT-065)
Warning: Ignore net Execute/SrcA_Mux/n10's connection to port B0 (cell Execute/SrcA_Mux/U8). (ZRT-065)
Warning: Ignore net Execute/SrcA_Mux/n1's connection to port A1N (cell Execute/SrcA_Mux/U8). (ZRT-065)
Warning: Ignore net RD1E[3]'s connection to port A0N (cell Execute/SrcA_Mux/U8). (ZRT-065)
Error: Cell Execute/SrcA_Mux/U29 is not placed. (ZRT-064)
Warning: Ignore net Execute/SrcAE_Final[11]'s connection to port Y (cell Execute/SrcA_Mux/U29). (ZRT-065)
Warning: Ignore net Execute/SrcA_Mux/n33's connection to port B0 (cell Execute/SrcA_Mux/U29). (ZRT-065)
Warning: Ignore net Execute/SrcA_Mux/n1's connection to port A1N (cell Execute/SrcA_Mux/U29). (ZRT-065)
Warning: Ignore net RD1E[11]'s connection to port A0N (cell Execute/SrcA_Mux/U29). (ZRT-065)
Error: Cell Execute/SrcA_Mux/U27 is not placed. (ZRT-064)
Warning: Ignore net Execute/SrcAE_Final[14]'s connection to port Y (cell Execute/SrcA_Mux/U27). (ZRT-065)
Warning: Ignore net Execute/SrcA_Mux/n30's connection to port B0 (cell Execute/SrcA_Mux/U27). (ZRT-065)
Warning: Ignore net Execute/SrcA_Mux/n1's connection to port A1N (cell Execute/SrcA_Mux/U27). (ZRT-065)
Warning: Ignore net RD1E[14]'s connection to port A0N (cell Execute/SrcA_Mux/U27). (ZRT-065)
Error: Cell Execute/SrcA_Mux/U25 is not placed. (ZRT-064)
Warning: Ignore net Execute/SrcAE_Final[10]'s connection to port Y (cell Execute/SrcA_Mux/U25). (ZRT-065)
Warning: Ignore net Execute/SrcA_Mux/n34's connection to port B0 (cell Execute/SrcA_Mux/U25). (ZRT-065)
Warning: Ignore net Execute/SrcA_Mux/n1's connection to port A1N (cell Execute/SrcA_Mux/U25). (ZRT-065)
Warning: Ignore net RD1E[10]'s connection to port A0N (cell Execute/SrcA_Mux/U25). (ZRT-065)
Error: Cell Execute/SrcA_Mux/U23 is not placed. (ZRT-064)
Warning: Ignore net Execute/SrcAE_Final[13]'s connection to port Y (cell Execute/SrcA_Mux/U23). (ZRT-065)
Warning: Ignore net Execute/SrcA_Mux/n31's connection to port B0 (cell Execute/SrcA_Mux/U23). (ZRT-065)
Warning: Ignore net Execute/SrcA_Mux/n1's connection to port A1N (cell Execute/SrcA_Mux/U23). (ZRT-065)
Warning: Ignore net RD1E[13]'s connection to port A0N (cell Execute/SrcA_Mux/U23). (ZRT-065)
Error: Cell Execute/SrcA_Mux/U21 is not placed. (ZRT-064)
Warning: Ignore net Execute/SrcAE_Final[9]'s connection to port Y (cell Execute/SrcA_Mux/U21). (ZRT-065)
Warning: Ignore net Execute/SrcA_Mux/n2's connection to port B0 (cell Execute/SrcA_Mux/U21). (ZRT-065)
Warning: Ignore net Execute/SrcA_Mux/n1's connection to port A1N (cell Execute/SrcA_Mux/U21). (ZRT-065)
Warning: Ignore net RD1E[9]'s connection to port A0N (cell Execute/SrcA_Mux/U21). (ZRT-065)
Error: Cell Execute/SrcA_Mux/U19 is not placed. (ZRT-064)
Warning: Ignore net Execute/SrcAE_Final[8]'s connection to port Y (cell Execute/SrcA_Mux/U19). (ZRT-065)
Warning: Ignore net Execute/SrcA_Mux/n5's connection to port B0 (cell Execute/SrcA_Mux/U19). (ZRT-065)
Warning: Ignore net Execute/SrcA_Mux/n1's connection to port A1N (cell Execute/SrcA_Mux/U19). (ZRT-065)
Warning: Ignore net RD1E[8]'s connection to port A0N (cell Execute/SrcA_Mux/U19). (ZRT-065)
Error: Cell Execute/SrcA_Mux/U17 is not placed. (ZRT-064)
Warning: Ignore net Execute/SrcAE_Final[7]'s connection to port Y (cell Execute/SrcA_Mux/U17). (ZRT-065)
Warning: Ignore net Execute/SrcA_Mux/n6's connection to port B0 (cell Execute/SrcA_Mux/U17). (ZRT-065)
Warning: Ignore net Execute/SrcA_Mux/n1's connection to port A1N (cell Execute/SrcA_Mux/U17). (ZRT-065)
Warning: Ignore net RD1E[7]'s connection to port A0N (cell Execute/SrcA_Mux/U17). (ZRT-065)
Error: Cell Execute/SrcA_Mux/U15 is not placed. (ZRT-064)
Warning: Ignore net Execute/SrcAE_Final[6]'s connection to port Y (cell Execute/SrcA_Mux/U15). (ZRT-065)
Warning: Ignore net Execute/SrcA_Mux/n7's connection to port B0 (cell Execute/SrcA_Mux/U15). (ZRT-065)
Warning: Ignore net Execute/SrcA_Mux/n1's connection to port A1N (cell Execute/SrcA_Mux/U15). (ZRT-065)
Warning: Ignore net RD1E[6]'s connection to port A0N (cell Execute/SrcA_Mux/U15). (ZRT-065)
Error: Cell Execute/SrcA_Mux/U45 is not placed. (ZRT-064)
Warning: Ignore net Execute/SrcAE_Final[25]'s connection to port Y (cell Execute/SrcA_Mux/U45). (ZRT-065)
Warning: Ignore net Execute/SrcA_Mux/n18's connection to port B0 (cell Execute/SrcA_Mux/U45). (ZRT-065)
Warning: Ignore net Execute/SrcA_Mux/n1's connection to port A1N (cell Execute/SrcA_Mux/U45). (ZRT-065)
Warning: Ignore net RD1E[25]'s connection to port A0N (cell Execute/SrcA_Mux/U45). (ZRT-065)
Error: Cell Execute/SrcA_Mux/U43 is not placed. (ZRT-064)
Warning: Ignore net Execute/SrcAE_Final[24]'s connection to port Y (cell Execute/SrcA_Mux/U43). (ZRT-065)
Warning: Ignore net Execute/SrcA_Mux/n19's connection to port B0 (cell Execute/SrcA_Mux/U43). (ZRT-065)
Warning: Ignore net Execute/SrcA_Mux/n1's connection to port A1N (cell Execute/SrcA_Mux/U43). (ZRT-065)
Warning: Ignore net RD1E[24]'s connection to port A0N (cell Execute/SrcA_Mux/U43). (ZRT-065)
Error: Cell Execute/SrcA_Mux/U41 is not placed. (ZRT-064)
Warning: Ignore net Execute/SrcAE_Final[19]'s connection to port Y (cell Execute/SrcA_Mux/U41). (ZRT-065)
Warning: Ignore net Execute/SrcA_Mux/n25's connection to port B0 (cell Execute/SrcA_Mux/U41). (ZRT-065)
Warning: Ignore net Execute/SrcA_Mux/n1's connection to port A1N (cell Execute/SrcA_Mux/U41). (ZRT-065)
Warning: Ignore net RD1E[19]'s connection to port A0N (cell Execute/SrcA_Mux/U41). (ZRT-065)
Error: Cell Execute/SrcA_Mux/U39 is not placed. (ZRT-064)
Warning: Ignore net Execute/SrcAE_Final[18]'s connection to port Y (cell Execute/SrcA_Mux/U39). (ZRT-065)
Warning: Ignore net Execute/SrcA_Mux/n26's connection to port B0 (cell Execute/SrcA_Mux/U39). (ZRT-065)
Warning: Ignore net Execute/SrcA_Mux/n1's connection to port A1N (cell Execute/SrcA_Mux/U39). (ZRT-065)
Warning: Ignore net RD1E[18]'s connection to port A0N (cell Execute/SrcA_Mux/U39). (ZRT-065)
Error: Cell Execute/SrcA_Mux/U37 is not placed. (ZRT-064)
Warning: Ignore net Execute/SrcAE_Final[17]'s connection to port Y (cell Execute/SrcA_Mux/U37). (ZRT-065)
Warning: Ignore net Execute/SrcA_Mux/n27's connection to port B0 (cell Execute/SrcA_Mux/U37). (ZRT-065)
Warning: Ignore net Execute/SrcA_Mux/n1's connection to port A1N (cell Execute/SrcA_Mux/U37). (ZRT-065)
Warning: Ignore net RD1E[17]'s connection to port A0N (cell Execute/SrcA_Mux/U37). (ZRT-065)
Error: Cell Execute/SrcA_Mux/U35 is not placed. (ZRT-064)
Warning: Ignore net Execute/SrcAE_Final[15]'s connection to port Y (cell Execute/SrcA_Mux/U35). (ZRT-065)
Warning: Ignore net Execute/SrcA_Mux/n29's connection to port B0 (cell Execute/SrcA_Mux/U35). (ZRT-065)
Warning: Ignore net Execute/SrcA_Mux/n1's connection to port A1N (cell Execute/SrcA_Mux/U35). (ZRT-065)
Warning: Ignore net RD1E[15]'s connection to port A0N (cell Execute/SrcA_Mux/U35). (ZRT-065)
Error: Cell Execute/SrcA_Mux/U33 is not placed. (ZRT-064)
Warning: Ignore net Execute/SrcAE_Final[16]'s connection to port Y (cell Execute/SrcA_Mux/U33). (ZRT-065)
Warning: Ignore net Execute/SrcA_Mux/n28's connection to port B0 (cell Execute/SrcA_Mux/U33). (ZRT-065)
Warning: Ignore net Execute/SrcA_Mux/n1's connection to port A1N (cell Execute/SrcA_Mux/U33). (ZRT-065)
Warning: Ignore net RD1E[16]'s connection to port A0N (cell Execute/SrcA_Mux/U33). (ZRT-065)
Error: Cell Execute/SrcA_Mux/U31 is not placed. (ZRT-064)
Warning: Ignore net Execute/SrcAE_Final[12]'s connection to port Y (cell Execute/SrcA_Mux/U31). (ZRT-065)
Warning: Ignore net Execute/SrcA_Mux/n32's connection to port B0 (cell Execute/SrcA_Mux/U31). (ZRT-065)
Warning: Ignore net Execute/SrcA_Mux/n1's connection to port A1N (cell Execute/SrcA_Mux/U31). (ZRT-065)
Warning: Ignore net RD1E[12]'s connection to port A0N (cell Execute/SrcA_Mux/U31). (ZRT-065)
Error: Cell Execute/SrcA_Mux/U61 is not placed. (ZRT-064)
Warning: Ignore net Execute/SrcAE_Final[29]'s connection to port Y (cell Execute/SrcA_Mux/U61). (ZRT-065)
Warning: Ignore net Execute/SrcA_Mux/n14's connection to port B0 (cell Execute/SrcA_Mux/U61). (ZRT-065)
Warning: Ignore net Execute/SrcA_Mux/n1's connection to port A1N (cell Execute/SrcA_Mux/U61). (ZRT-065)
Warning: Ignore net RD1E[29]'s connection to port A0N (cell Execute/SrcA_Mux/U61). (ZRT-065)
Error: Cell Execute/SrcA_Mux/U59 is not placed. (ZRT-064)
Warning: Ignore net Execute/SrcAE_Final[28]'s connection to port Y (cell Execute/SrcA_Mux/U59). (ZRT-065)
Warning: Ignore net Execute/SrcA_Mux/n15's connection to port B0 (cell Execute/SrcA_Mux/U59). (ZRT-065)
Warning: Ignore net Execute/SrcA_Mux/n1's connection to port A1N (cell Execute/SrcA_Mux/U59). (ZRT-065)
Warning: Ignore net RD1E[28]'s connection to port A0N (cell Execute/SrcA_Mux/U59). (ZRT-065)
Error: Cell Execute/SrcA_Mux/U57 is not placed. (ZRT-064)
Warning: Ignore net Execute/SrcAE_Final[27]'s connection to port Y (cell Execute/SrcA_Mux/U57). (ZRT-065)
Warning: Ignore net Execute/SrcA_Mux/n16's connection to port B0 (cell Execute/SrcA_Mux/U57). (ZRT-065)
Warning: Ignore net Execute/SrcA_Mux/n1's connection to port A1N (cell Execute/SrcA_Mux/U57). (ZRT-065)
Warning: Ignore net RD1E[27]'s connection to port A0N (cell Execute/SrcA_Mux/U57). (ZRT-065)
Error: Cell Execute/SrcA_Mux/U55 is not placed. (ZRT-064)
Warning: Ignore net Execute/SrcAE_Final[26]'s connection to port Y (cell Execute/SrcA_Mux/U55). (ZRT-065)
Warning: Ignore net Execute/SrcA_Mux/n17's connection to port B0 (cell Execute/SrcA_Mux/U55). (ZRT-065)
Warning: Ignore net Execute/SrcA_Mux/n1's connection to port A1N (cell Execute/SrcA_Mux/U55). (ZRT-065)
Warning: Ignore net RD1E[26]'s connection to port A0N (cell Execute/SrcA_Mux/U55). (ZRT-065)
Error: Cell Execute/SrcA_Mux/U53 is not placed. (ZRT-064)
Warning: Ignore net Execute/SrcAE_Final[22]'s connection to port Y (cell Execute/SrcA_Mux/U53). (ZRT-065)
Warning: Ignore net Execute/SrcA_Mux/n21's connection to port B0 (cell Execute/SrcA_Mux/U53). (ZRT-065)
Warning: Ignore net Execute/SrcA_Mux/n1's connection to port A1N (cell Execute/SrcA_Mux/U53). (ZRT-065)
Warning: Ignore net RD1E[22]'s connection to port A0N (cell Execute/SrcA_Mux/U53). (ZRT-065)
Error: Cell Execute/SrcA_Mux/U51 is not placed. (ZRT-064)
Warning: Ignore net Execute/SrcAE_Final[23]'s connection to port Y (cell Execute/SrcA_Mux/U51). (ZRT-065)
Warning: Ignore net Execute/SrcA_Mux/n20's connection to port B0 (cell Execute/SrcA_Mux/U51). (ZRT-065)
Warning: Ignore net Execute/SrcA_Mux/n1's connection to port A1N (cell Execute/SrcA_Mux/U51). (ZRT-065)
Warning: Ignore net RD1E[23]'s connection to port A0N (cell Execute/SrcA_Mux/U51). (ZRT-065)
Error: Cell Execute/SrcA_Mux/U49 is not placed. (ZRT-064)
Warning: Ignore net Execute/SrcAE_Final[21]'s connection to port Y (cell Execute/SrcA_Mux/U49). (ZRT-065)
Warning: Ignore net Execute/SrcA_Mux/n22's connection to port B0 (cell Execute/SrcA_Mux/U49). (ZRT-065)
Warning: Ignore net Execute/SrcA_Mux/n1's connection to port A1N (cell Execute/SrcA_Mux/U49). (ZRT-065)
Warning: Ignore net RD1E[21]'s connection to port A0N (cell Execute/SrcA_Mux/U49). (ZRT-065)
Error: Cell Execute/SrcA_Mux/U47 is not placed. (ZRT-064)
Warning: Ignore net Execute/SrcAE_Final[20]'s connection to port Y (cell Execute/SrcA_Mux/U47). (ZRT-065)
Warning: Ignore net Execute/SrcA_Mux/n23's connection to port B0 (cell Execute/SrcA_Mux/U47). (ZRT-065)
Warning: Ignore net Execute/SrcA_Mux/n1's connection to port A1N (cell Execute/SrcA_Mux/U47). (ZRT-065)
Warning: Ignore net RD1E[20]'s connection to port A0N (cell Execute/SrcA_Mux/U47). (ZRT-065)
Error: Cell Execute/SrcB_Mux/U22 is not placed. (ZRT-064)
Warning: Ignore net Execute/SrcBE_Forwarded[11]'s connection to port Y (cell Execute/SrcB_Mux/U22). (ZRT-065)
Warning: Ignore net Execute/SrcB_Mux/n43's connection to port B0 (cell Execute/SrcB_Mux/U22). (ZRT-065)
Warning: Ignore net Execute/SrcB_Mux/n75's connection to port A1N (cell Execute/SrcB_Mux/U22). (ZRT-065)
Warning: Ignore net RD2E[11]'s connection to port A0N (cell Execute/SrcB_Mux/U22). (ZRT-065)
Error: Cell Execute/SrcB_Mux/U20 is not placed. (ZRT-064)
Warning: Ignore net Execute/SrcBE_Forwarded[6]'s connection to port Y (cell Execute/SrcB_Mux/U20). (ZRT-065)
Warning: Ignore net Execute/SrcB_Mux/n69's connection to port B0 (cell Execute/SrcB_Mux/U20). (ZRT-065)
Warning: Ignore net Execute/SrcB_Mux/n75's connection to port A1N (cell Execute/SrcB_Mux/U20). (ZRT-065)
Warning: Ignore net RD2E[6]'s connection to port A0N (cell Execute/SrcB_Mux/U20). (ZRT-065)
Error: Cell Execute/SrcB_Mux/U19 is not placed. (ZRT-064)
Warning: Ignore net Execute/SrcBE_Forwarded[2]'s connection to port Y (cell Execute/SrcB_Mux/U19). (ZRT-065)
Warning: Ignore net Execute/SrcB_Mux/n63's connection to port B0 (cell Execute/SrcB_Mux/U19). (ZRT-065)
Warning: Ignore net Execute/SrcB_Mux/n75's connection to port A1N (cell Execute/SrcB_Mux/U19). (ZRT-065)
Warning: Ignore net RD2E[2]'s connection to port A0N (cell Execute/SrcB_Mux/U19). (ZRT-065)
Error: Cell Execute/SrcB_Mux/U17 is not placed. (ZRT-064)
Warning: Ignore net Execute/SrcBE_Forwarded[3]'s connection to port Y (cell Execute/SrcB_Mux/U17). (ZRT-065)
Warning: Ignore net Execute/SrcB_Mux/n66's connection to port B0 (cell Execute/SrcB_Mux/U17). (ZRT-065)
Warning: Ignore net Execute/SrcB_Mux/n75's connection to port A1N (cell Execute/SrcB_Mux/U17). (ZRT-065)
Warning: Ignore net RD2E[3]'s connection to port A0N (cell Execute/SrcB_Mux/U17). (ZRT-065)
Error: Cell Execute/SrcB_Mux/U15 is not placed. (ZRT-064)
Warning: Ignore net Execute/SrcBE_Forwarded[5]'s connection to port Y (cell Execute/SrcB_Mux/U15). (ZRT-065)
Warning: Ignore net Execute/SrcB_Mux/n68's connection to port B0 (cell Execute/SrcB_Mux/U15). (ZRT-065)
Warning: Ignore net Execute/SrcB_Mux/n75's connection to port A1N (cell Execute/SrcB_Mux/U15). (ZRT-065)
Warning: Ignore net RD2E[5]'s connection to port A0N (cell Execute/SrcB_Mux/U15). (ZRT-065)
Error: Cell Execute/SrcB_Mux/U13 is not placed. (ZRT-064)
Warning: Ignore net Execute/SrcBE_Forwarded[4]'s connection to port Y (cell Execute/SrcB_Mux/U13). (ZRT-065)
Warning: Ignore net Execute/SrcB_Mux/n67's connection to port B0 (cell Execute/SrcB_Mux/U13). (ZRT-065)
Warning: Ignore net Execute/SrcB_Mux/n75's connection to port A1N (cell Execute/SrcB_Mux/U13). (ZRT-065)
Warning: Ignore net RD2E[4]'s connection to port A0N (cell Execute/SrcB_Mux/U13). (ZRT-065)
Error: Cell Execute/SrcA_Mux/U65 is not placed. (ZRT-064)
Warning: Ignore net Execute/SrcAE_Final[31]'s connection to port Y (cell Execute/SrcA_Mux/U65). (ZRT-065)
Warning: Ignore net Execute/SrcA_Mux/n11's connection to port B0 (cell Execute/SrcA_Mux/U65). (ZRT-065)
Warning: Ignore net Execute/SrcA_Mux/n1's connection to port A1N (cell Execute/SrcA_Mux/U65). (ZRT-065)
Warning: Ignore net RD1E[31]'s connection to port A0N (cell Execute/SrcA_Mux/U65). (ZRT-065)
Error: Cell Execute/SrcA_Mux/U63 is not placed. (ZRT-064)
Warning: Ignore net Execute/SrcAE_Final[30]'s connection to port Y (cell Execute/SrcA_Mux/U63). (ZRT-065)
Warning: Ignore net Execute/SrcA_Mux/n12's connection to port B0 (cell Execute/SrcA_Mux/U63). (ZRT-065)
Warning: Ignore net Execute/SrcA_Mux/n1's connection to port A1N (cell Execute/SrcA_Mux/U63). (ZRT-065)
Warning: Ignore net RD1E[30]'s connection to port A0N (cell Execute/SrcA_Mux/U63). (ZRT-065)
Error: Cell Execute/SrcB_Mux/U38 is not placed. (ZRT-064)
Warning: Ignore net Execute/SrcBE_Forwarded[13]'s connection to port Y (cell Execute/SrcB_Mux/U38). (ZRT-065)
Warning: Ignore net Execute/SrcB_Mux/n45's connection to port B0 (cell Execute/SrcB_Mux/U38). (ZRT-065)
Warning: Ignore net Execute/SrcB_Mux/n75's connection to port A1N (cell Execute/SrcB_Mux/U38). (ZRT-065)
Warning: Ignore net RD2E[13]'s connection to port A0N (cell Execute/SrcB_Mux/U38). (ZRT-065)
Error: Cell Execute/SrcB_Mux/U36 is not placed. (ZRT-064)
Warning: Ignore net Execute/SrcBE_Forwarded[14]'s connection to port Y (cell Execute/SrcB_Mux/U36). (ZRT-065)
Warning: Ignore net Execute/SrcB_Mux/n46's connection to port B0 (cell Execute/SrcB_Mux/U36). (ZRT-065)
Warning: Ignore net Execute/SrcB_Mux/n75's connection to port A1N (cell Execute/SrcB_Mux/U36). (ZRT-065)
Warning: Ignore net RD2E[14]'s connection to port A0N (cell Execute/SrcB_Mux/U36). (ZRT-065)
Error: Cell Execute/SrcB_Mux/U34 is not placed. (ZRT-064)
Warning: Ignore net Execute/SrcBE_Forwarded[15]'s connection to port Y (cell Execute/SrcB_Mux/U34). (ZRT-065)
Warning: Ignore net Execute/SrcB_Mux/n47's connection to port B0 (cell Execute/SrcB_Mux/U34). (ZRT-065)
Warning: Ignore net Execute/SrcB_Mux/n75's connection to port A1N (cell Execute/SrcB_Mux/U34). (ZRT-065)
Warning: Ignore net RD2E[15]'s connection to port A0N (cell Execute/SrcB_Mux/U34). (ZRT-065)
Error: Cell Execute/SrcB_Mux/U32 is not placed. (ZRT-064)
Warning: Ignore net Execute/SrcBE_Forwarded[16]'s connection to port Y (cell Execute/SrcB_Mux/U32). (ZRT-065)
Warning: Ignore net Execute/SrcB_Mux/n48's connection to port B0 (cell Execute/SrcB_Mux/U32). (ZRT-065)
Warning: Ignore net Execute/SrcB_Mux/n75's connection to port A1N (cell Execute/SrcB_Mux/U32). (ZRT-065)
Warning: Ignore net RD2E[16]'s connection to port A0N (cell Execute/SrcB_Mux/U32). (ZRT-065)
Error: Cell Execute/SrcB_Mux/U30 is not placed. (ZRT-064)
Warning: Ignore net Execute/SrcBE_Forwarded[7]'s connection to port Y (cell Execute/SrcB_Mux/U30). (ZRT-065)
Warning: Ignore net Execute/SrcB_Mux/n70's connection to port B0 (cell Execute/SrcB_Mux/U30). (ZRT-065)
Warning: Ignore net Execute/SrcB_Mux/n75's connection to port A1N (cell Execute/SrcB_Mux/U30). (ZRT-065)
Warning: Ignore net RD2E[7]'s connection to port A0N (cell Execute/SrcB_Mux/U30). (ZRT-065)
Error: Cell Execute/SrcB_Mux/U28 is not placed. (ZRT-064)
Warning: Ignore net Execute/SrcBE_Forwarded[8]'s connection to port Y (cell Execute/SrcB_Mux/U28). (ZRT-065)
Warning: Ignore net Execute/SrcB_Mux/n71's connection to port B0 (cell Execute/SrcB_Mux/U28). (ZRT-065)
Warning: Ignore net Execute/SrcB_Mux/n75's connection to port A1N (cell Execute/SrcB_Mux/U28). (ZRT-065)
Warning: Ignore net RD2E[8]'s connection to port A0N (cell Execute/SrcB_Mux/U28). (ZRT-065)
Error: Cell Execute/SrcB_Mux/U26 is not placed. (ZRT-064)
Warning: Ignore net Execute/SrcBE_Forwarded[9]'s connection to port Y (cell Execute/SrcB_Mux/U26). (ZRT-065)
Warning: Ignore net Execute/SrcB_Mux/n74's connection to port B0 (cell Execute/SrcB_Mux/U26). (ZRT-065)
Warning: Ignore net Execute/SrcB_Mux/n75's connection to port A1N (cell Execute/SrcB_Mux/U26). (ZRT-065)
Warning: Ignore net RD2E[9]'s connection to port A0N (cell Execute/SrcB_Mux/U26). (ZRT-065)
Error: Cell Execute/SrcB_Mux/U24 is not placed. (ZRT-064)
Warning: Ignore net Execute/SrcBE_Forwarded[10]'s connection to port Y (cell Execute/SrcB_Mux/U24). (ZRT-065)
Warning: Ignore net Execute/SrcB_Mux/n42's connection to port B0 (cell Execute/SrcB_Mux/U24). (ZRT-065)
Warning: Ignore net Execute/SrcB_Mux/n75's connection to port A1N (cell Execute/SrcB_Mux/U24). (ZRT-065)
Warning: Ignore net RD2E[10]'s connection to port A0N (cell Execute/SrcB_Mux/U24). (ZRT-065)
Error: Cell Execute/SrcB_Mux/U54 is not placed. (ZRT-064)
Warning: Ignore net Execute/SrcBE_Forwarded[25]'s connection to port Y (cell Execute/SrcB_Mux/U54). (ZRT-065)
Warning: Ignore net Execute/SrcB_Mux/n58's connection to port B0 (cell Execute/SrcB_Mux/U54). (ZRT-065)
Warning: Ignore net Execute/SrcB_Mux/n75's connection to port A1N (cell Execute/SrcB_Mux/U54). (ZRT-065)
Warning: Ignore net RD2E[25]'s connection to port A0N (cell Execute/SrcB_Mux/U54). (ZRT-065)
Error: Cell Execute/SrcB_Mux/U52 is not placed. (ZRT-064)
Warning: Ignore net Execute/SrcBE_Forwarded[26]'s connection to port Y (cell Execute/SrcB_Mux/U52). (ZRT-065)
Warning: Ignore net Execute/SrcB_Mux/n59's connection to port B0 (cell Execute/SrcB_Mux/U52). (ZRT-065)
Warning: Ignore net Execute/SrcB_Mux/n75's connection to port A1N (cell Execute/SrcB_Mux/U52). (ZRT-065)
Warning: Ignore net RD2E[26]'s connection to port A0N (cell Execute/SrcB_Mux/U52). (ZRT-065)
Error: Cell Execute/SrcB_Mux/U50 is not placed. (ZRT-064)
Warning: Ignore net Execute/SrcBE_Forwarded[17]'s connection to port Y (cell Execute/SrcB_Mux/U50). (ZRT-065)
Warning: Ignore net Execute/SrcB_Mux/n49's connection to port B0 (cell Execute/SrcB_Mux/U50). (ZRT-065)
Warning: Ignore net Execute/SrcB_Mux/n75's connection to port A1N (cell Execute/SrcB_Mux/U50). (ZRT-065)
Warning: Ignore net RD2E[17]'s connection to port A0N (cell Execute/SrcB_Mux/U50). (ZRT-065)
Error: Cell Execute/SrcB_Mux/U48 is not placed. (ZRT-064)
Warning: Ignore net Execute/SrcBE_Forwarded[18]'s connection to port Y (cell Execute/SrcB_Mux/U48). (ZRT-065)
Warning: Ignore net Execute/SrcB_Mux/n50's connection to port B0 (cell Execute/SrcB_Mux/U48). (ZRT-065)
Warning: Ignore net Execute/SrcB_Mux/n75's connection to port A1N (cell Execute/SrcB_Mux/U48). (ZRT-065)
Warning: Ignore net RD2E[18]'s connection to port A0N (cell Execute/SrcB_Mux/U48). (ZRT-065)
Error: Cell Execute/SrcB_Mux/U46 is not placed. (ZRT-064)
Warning: Ignore net Execute/SrcBE_Forwarded[19]'s connection to port Y (cell Execute/SrcB_Mux/U46). (ZRT-065)
Warning: Ignore net Execute/SrcB_Mux/n51's connection to port B0 (cell Execute/SrcB_Mux/U46). (ZRT-065)
Warning: Ignore net Execute/SrcB_Mux/n75's connection to port A1N (cell Execute/SrcB_Mux/U46). (ZRT-065)
Warning: Ignore net RD2E[19]'s connection to port A0N (cell Execute/SrcB_Mux/U46). (ZRT-065)
Error: Cell Execute/SrcB_Mux/U44 is not placed. (ZRT-064)
Warning: Ignore net Execute/SrcBE_Forwarded[20]'s connection to port Y (cell Execute/SrcB_Mux/U44). (ZRT-065)
Warning: Ignore net Execute/SrcB_Mux/n53's connection to port B0 (cell Execute/SrcB_Mux/U44). (ZRT-065)
Warning: Ignore net Execute/SrcB_Mux/n75's connection to port A1N (cell Execute/SrcB_Mux/U44). (ZRT-065)
Warning: Ignore net RD2E[20]'s connection to port A0N (cell Execute/SrcB_Mux/U44). (ZRT-065)
Error: Cell Execute/SrcB_Mux/U42 is not placed. (ZRT-064)
Warning: Ignore net Execute/SrcBE_Forwarded[21]'s connection to port Y (cell Execute/SrcB_Mux/U42). (ZRT-065)
Warning: Ignore net Execute/SrcB_Mux/n54's connection to port B0 (cell Execute/SrcB_Mux/U42). (ZRT-065)
Warning: Ignore net Execute/SrcB_Mux/n75's connection to port A1N (cell Execute/SrcB_Mux/U42). (ZRT-065)
Warning: Ignore net RD2E[21]'s connection to port A0N (cell Execute/SrcB_Mux/U42). (ZRT-065)
Error: Cell Execute/SrcB_Mux/U40 is not placed. (ZRT-064)
Warning: Ignore net Execute/SrcBE_Forwarded[12]'s connection to port Y (cell Execute/SrcB_Mux/U40). (ZRT-065)
Warning: Ignore net Execute/SrcB_Mux/n44's connection to port B0 (cell Execute/SrcB_Mux/U40). (ZRT-065)
Warning: Ignore net Execute/SrcB_Mux/n75's connection to port A1N (cell Execute/SrcB_Mux/U40). (ZRT-065)
Warning: Ignore net RD2E[12]'s connection to port A0N (cell Execute/SrcB_Mux/U40). (ZRT-065)
Error: Cell Execute/SrcB_Mux/U70 is not placed. (ZRT-064)
Warning: Ignore net Execute/SrcBE_Forwarded[27]'s connection to port Y (cell Execute/SrcB_Mux/U70). (ZRT-065)
Warning: Ignore net Execute/SrcB_Mux/n60's connection to port B0 (cell Execute/SrcB_Mux/U70). (ZRT-065)
Warning: Ignore net Execute/SrcB_Mux/n75's connection to port A1N (cell Execute/SrcB_Mux/U70). (ZRT-065)
Warning: Ignore net RD2E[27]'s connection to port A0N (cell Execute/SrcB_Mux/U70). (ZRT-065)
Error: Cell Execute/SrcB_Mux/U68 is not placed. (ZRT-064)
Warning: Ignore net Execute/SrcBE_Forwarded[28]'s connection to port Y (cell Execute/SrcB_Mux/U68). (ZRT-065)
Warning: Ignore net Execute/SrcB_Mux/n61's connection to port B0 (cell Execute/SrcB_Mux/U68). (ZRT-065)
Warning: Ignore net Execute/SrcB_Mux/n75's connection to port A1N (cell Execute/SrcB_Mux/U68). (ZRT-065)
Warning: Ignore net RD2E[28]'s connection to port A0N (cell Execute/SrcB_Mux/U68). (ZRT-065)
... and 92249 other unplaced cells
Via on layer (VIA12) needs more than one tracks
Warning: Layer METAL2 pitch 0.410 may be too small: wire/via-down 0.455, wire/via-up 0.410. (ZRT-026)
Via on layer (VIA23) needs more than one tracks
Warning: Layer METAL3 pitch 0.410 may be too small: wire/via-down 0.455, wire/via-up 0.410. (ZRT-026)
Via on layer (VIA34) needs more than one tracks
Warning: Layer METAL4 pitch 0.410 may be too small: wire/via-down 0.455, wire/via-up 0.410. (ZRT-026)
Wire on layer (METAL5) needs more than one tracks
Via on layer (VIA45) needs more than one tracks
Via on layer (VIA56) needs more than one tracks
Warning: Layer METAL5 pitch 0.410 may be too small: wire/via-down 0.455, wire/via-up 0.500. (ZRT-026)
Via on layer (VIA56) needs more than one tracks
Warning: Layer METAL6 pitch 0.820 may be too small: wire/via-down 0.910, wire/via-up 0.820. (ZRT-026)
Transition layer name: METAL5(4)


Start checking for open nets ... 

Total number of nets = 68, of which 0 are not extracted
Total number of open nets = 0, of which 0 are frozen

Check 68 nets, 0 have Errors

[CHECK OPEN NETS] Elapsed real time: 0:00:00 
[CHECK OPEN NETS] Elapsed cpu  time: sys=0:00:00 usr=0:00:00 total=0:00:00
[CHECK OPEN NETS] Stage (MB): Used    0  Alloctr    0  Proc    0 
[CHECK OPEN NETS] Total (MB): Used   22  Alloctr   23  Proc 1507 
Printing options for 'set_route_zrt_common_options'

Printing options for 'set_route_zrt_detail_options'

*****Start reporting antenna related parameters*****
  Antenna/diode mode:
    Antenna mode 1; diode mode 4
      Metal lay (METAL1)0; maxRatio 2147483648.000 maxPRatio 2147483648.000 maxNRatio 2147483648.000
      Cut lay (VIA12)1; maxRatio 50.000 maxPRatio 2147483648.000 maxNRatio 2147483648.000; vector (0.159 0.000 210.714 899.286 0.000)
      Metal lay (METAL2)1; maxRatio 2147483648.000 maxPRatio 2147483648.000 maxNRatio 2147483648.000
      Cut lay (VIA23)2; maxRatio 50.000 maxPRatio 2147483648.000 maxNRatio 2147483648.000; vector (0.159 0.000 210.714 899.286 0.000)
      Metal lay (METAL3)2; maxRatio 2147483648.000 maxPRatio 2147483648.000 maxNRatio 2147483648.000
      Cut lay (VIA34)3; maxRatio 50.000 maxPRatio 2147483648.000 maxNRatio 2147483648.000; vector (0.159 0.000 210.714 899.286 0.000)
      Metal lay (METAL4)3; maxRatio 2147483648.000 maxPRatio 2147483648.000 maxNRatio 2147483648.000
      Cut lay (VIA45)4; maxRatio 50.000 maxPRatio 2147483648.000 maxNRatio 2147483648.000; vector (0.159 0.000 210.714 899.286 0.000)
      Metal lay (METAL5)4; maxRatio 2147483648.000 maxPRatio 2147483648.000 maxNRatio 2147483648.000
      Cut lay (VIA56)5; maxRatio 50.000 maxPRatio 2147483648.000 maxNRatio 2147483648.000; vector (0.159 0.000 210.714 899.286 0.000)
      Metal lay (METAL6)5; maxRatio 2147483648.000 maxPRatio 2147483648.000 maxNRatio 2147483648.000
    Antenna mode 2; diode mode 4
      Metal lay (METAL1)0; maxRatio 5496.000 maxPRatio 2147483648.000 maxNRatio 2147483648.000; vector (0.159 0.000 445.238 42990.762 0.000); protectedMetalScale 0.000
      Cut lay (VIA12)1; maxRatio 2147483647.000 maxPRatio 2147483647.000 maxNRatio 2147483647.000; protectedCutScale 0.000
      Metal lay (METAL2)1; maxRatio 5496.000 maxPRatio 2147483648.000 maxNRatio 2147483648.000; vector (0.159 0.000 445.238 42990.762 0.000); protectedMetalScale 0.000
      Cut lay (VIA23)2; maxRatio 2147483647.000 maxPRatio 2147483647.000 maxNRatio 2147483647.000; protectedCutScale 0.000
      Metal lay (METAL3)2; maxRatio 5496.000 maxPRatio 2147483648.000 maxNRatio 2147483648.000; vector (0.159 0.000 445.238 42990.762 0.000); protectedMetalScale 0.000
      Cut lay (VIA34)3; maxRatio 2147483647.000 maxPRatio 2147483647.000 maxNRatio 2147483647.000; protectedCutScale 0.000
      Metal lay (METAL4)3; maxRatio 5496.000 maxPRatio 2147483648.000 maxNRatio 2147483648.000; vector (0.159 0.000 445.238 42990.762 0.000); protectedMetalScale 0.000
      Cut lay (VIA45)4; maxRatio 2147483647.000 maxPRatio 2147483647.000 maxNRatio 2147483647.000; protectedCutScale 0.000
      Metal lay (METAL5)4; maxRatio 5496.000 maxPRatio 2147483648.000 maxNRatio 2147483648.000; vector (0.159 0.000 445.238 42990.762 0.000); protectedMetalScale 0.000
      Cut lay (VIA56)5; maxRatio 2147483647.000 maxPRatio 2147483647.000 maxNRatio 2147483647.000; protectedCutScale 0.000
      Metal lay (METAL6)5; maxRatio 5496.000 maxPRatio 2147483648.000 maxNRatio 2147483648.000; vector (0.159 0.000 7988.095 49991.906 0.000); protectedMetalScale 0.000
  Accumulate from metal to cut == false
  Accumulate from cut to metal == false
  Top lay antenna ratio fix threshold == -1
  Antenna max pin count threshold == -1
  Check PG net == false
  MergeGate == true
  Break antenna to port mode == float
  Break antenna to macro pin mode == normal
*****End reporting antenna related parameters*****
Warning: Skipping antenna analysis for net clk. The pin clk on cell Pipeline_top does not have enough gate area information. (ZRT-311)
Warning: Skipping antenna analysis for net rst. The pin rst on cell Pipeline_top does not have enough gate area information. (ZRT-311)
Skipping antenna analysis for 2 nets as they don't have enough gate area info.

Begin full DRC check ...

Information: Using 1 threads for routing. (ZRT-444)
[DRC CHECK] Elapsed real time: 0:00:00 
[DRC CHECK] Elapsed cpu  time: sys=0:00:00 usr=0:00:00 total=0:00:00
[DRC CHECK] Stage (MB): Used    0  Alloctr    0  Proc    0 
[DRC CHECK] Total (MB): Used   31  Alloctr   32  Proc 1511 
Start net based rule analysis
Found 0 antenna instance ports
End net based rule analysis
[Antenna analysis] Elapsed real time: 0:00:00 
[Antenna analysis] Elapsed cpu  time: sys=0:00:00 usr=0:00:00 total=0:00:00
[Antenna analysis] Stage (MB): Used    0  Alloctr    0  Proc    0 
[Antenna analysis] Total (MB): Used   31  Alloctr   32  Proc 1511 

DRC-SUMMARY:
	@@@@@@@ TOTAL VIOLATIONS =	0


Total Wire Length =                    0 micron
Total Number of Contacts =             0
Total Number of Wires =                0
Total Number of PtConns =              0
Total Number of Routed Wires =       0
Total Routed Wire Length =           0 micron
Total Number of Routed Contacts =       0
	Layer   METAL1 :          0 micron
	Layer   METAL2 :          0 micron
	Layer   METAL3 :          0 micron
	Layer   METAL4 :          0 micron
	Layer   METAL5 :          0 micron
	Layer   METAL6 :          0 micron

 
Redundant via conversion report:
--------------------------------

  Total optimized via conversion rate =  0.00% (0 / 0 vias)
 
 
  Total double via conversion rate    =  0.00% (0 / 0 vias)
 
 
  The optimized via conversion rate based on total routed via count =  0.00% (0 / 0 vias)
 
 
Excluded 381656 ports of 92349 unplaced cells connected to 92502 nets for routing


Verify Summary:

Total number of nets = 68, of which 0 are not extracted
Total number of open nets = 0, of which 0 are frozen
Total number of excluded ports = 381656 ports of 92349 unplaced cells connected to 92502 nets
                                 0 ports without pins of 0 cells connected to 0 nets
                                 0 ports of 0 cover cells connected to 0 non-pg nets
Total number of DRCs = 0
Total number of antenna violations = 0
Total number of voltage-area violations = no voltage-areas defined
Total number of tie to rail violations = not checked
Total number of tie to rail directly violations = not checked

1
