Loading db file '/home/IC/RESIC-V/syn/std_cells/scmetro_tsmc_cl013g_rvt_tt_1p2v_25c.db'
Information: Propagating switching activity (low effort zero delay simulation). (PWR-6)
Warning: Design has unannotated primary inputs. (PWR-414)
Warning: Design has unannotated sequential cell outputs. (PWR-415)
Warning: Design has unannotated black box outputs. (PWR-428)
 
****************************************
Report : power
        -analysis_effort low
Design : Pipeline_top
Version: K-2015.06
Date   : Fri Jan 16 07:37:56 2026
****************************************


Library(s) Used:

    scmetro_tsmc_cl013g_rvt_tt_1p2v_25c (File: /home/IC/RESIC-V/syn/std_cells/scmetro_tsmc_cl013g_rvt_tt_1p2v_25c.db)


Operating Conditions: scmetro_tsmc_cl013g_rvt_tt_1p2v_25c   Library: scmetro_tsmc_cl013g_rvt_tt_1p2v_25c
Wire Load Model Mode: top


Global Operating Voltage = 1.2  
Power-specific unit information :
    Voltage Units = 1V
    Capacitance Units = 1.000000pf
    Time Units = 1ns
    Dynamic Power Units = 1mW    (derived from V,C,T units)
    Leakage Power Units = 1pW


  Cell Internal Power  =  68.3993 mW   (49%)
  Net Switching Power  =  72.0683 mW   (51%)
                         ---------
Total Dynamic Power    = 140.4676 mW  (100%)

Cell Leakage Power     = 396.1522 uW


                 Internal         Switching           Leakage            Total
Power Group      Power            Power               Power              Power   (   %    )  Attrs
--------------------------------------------------------------------------------------------------
io_pad             0.0000            0.0000            0.0000            0.0000  (   0.00%)
memory             0.0000            0.0000            0.0000            0.0000  (   0.00%)
black_box          0.0000            0.0000            0.0000            0.0000  (   0.00%)
clock_network  1.0111e-02           72.0021        3.7500e+05           72.0127  (  51.12%)
register          68.3893        1.1145e-02        2.2325e+08           68.6237  (  48.71%)
sequential         0.0000            0.0000            0.0000            0.0000  (   0.00%)
combinational  1.8274e-02        5.5128e-02        1.7253e+08            0.2459  (   0.17%)
--------------------------------------------------------------------------------------------------
Total             68.4177 mW        72.0684 mW     3.9615e+08 pW       140.8824 mW
1
