/opt/Synopsys/ICC2016/auxx/gui/icc/icc_setup.tcl
/opt/Synopsys/ICC2016/auxx/gui/syn/snpsSynProcs.tcl
/opt/Synopsys/ICC2016/auxx/gui/syn/layout/pkgIndex.tcl
/opt/Synopsys/ICC2016/auxx/gui/common/strokes/pkgIndex.tcl
/opt/Synopsys/ICC2016/auxx/gui/common/schematic/pkgIndex.tcl
/opt/Synopsys/ICC2016/auxx/gui/common/qtcl/pkgIndex.tcl
/opt/Synopsys/ICC2016/auxx/gui/common/acg/pkgIndex.tcl
/opt/Synopsys/ICC2016/auxx/gui/common/setup/pkgIndex.tcl
/opt/Synopsys/ICC2016/auxx/gui/common/misc/pkgIndex.tcl
/opt/Synopsys/ICC2016/auxx/gui/common/view/pkgIndex.tcl
/opt/Synopsys/ICC2016/auxx/gui/common/tq/pkgIndex.tcl
/opt/Synopsys/ICC2016/auxx/gui/common/regressionToolkit/pkgIndex.tcl
/opt/Synopsys/ICC2016/auxx/gui/common/select/pkgIndex.tcl
/opt/Synopsys/ICC2016/auxx/gui/common/tcl-dp/pkgIndex.tcl
/opt/Synopsys/ICC2016/auxx/gui/common/fanoutviewer/pkgIndex.tcl
/opt/Synopsys/ICC2016/auxx/gui/common/tiledview/pkgIndex.tcl
/opt/Synopsys/ICC2016/auxx/gui/common/table/pkgIndex.tcl
/opt/Synopsys/ICC2016/auxx/gui/common/docBrowser/pkgIndex.tcl
/opt/Synopsys/ICC2016/auxx/gui/common/pathinspector/pkgIndex.tcl
/opt/Synopsys/ICC2016/auxx/gui/common/timing/pkgIndex.tcl
/opt/Synopsys/ICC2016/auxx/gui/common/histogram/pkgIndex.tcl
/opt/Synopsys/ICC2016/auxx/gui/common/palettegroup/pkgIndex.tcl
/opt/Synopsys/ICC2016/auxx/gui/common/mrupalette/pkgIndex.tcl
/opt/Synopsys/ICC2016/auxx/gui/common/dialogs/pkgIndex.tcl
/opt/Synopsys/ICC2016/auxx/gui/common/opdlg/pkgIndex.tcl
/opt/Synopsys/ICC2016/auxx/gui/common/layout/pkgIndex.tcl
/opt/Synopsys/ICC2016/auxx/gui/common/commandform/pkgIndex.tcl
/opt/Synopsys/ICC2016/auxx/gui/common/libviewer/pkgIndex.tcl
/opt/Synopsys/ICC2016/auxx/gui/common/WindowFrameWork/pkgIndex.tcl
/opt/Synopsys/ICC2016/auxx/gui/common/profiler/pkgIndex.tcl
/opt/Synopsys/ICC2016/auxx/gui/common/highlight/pkgIndex.tcl
/opt/Synopsys/ICC2016/auxx/gui/common/menus/pkgIndex.tcl
/opt/Synopsys/ICC2016/auxx/gui/common/hierarchy/pkgIndex.tcl
/opt/Synopsys/ICC2016/auxx/gui/dv/pkgIndex.tcl
/opt/Synopsys/ICC2016/auxx/syn/ors/pkgIndex.tcl
/opt/Synopsys/ICC2016/auxx/tcllib/lib/iwidgets4.1/pkgIndex.tcl
/opt/Synopsys/ICC2016/auxx/tcllib/snps_tcl/snpsTclPro/pkgIndex.tcl
/opt/Synopsys/ICC2016/auxx/tcllib/snps_tcl/snpsTest/pkgIndex.tcl
/opt/Synopsys/ICC2016/auxx/tcllib/snps_tcl/snpsUtils/pkgIndex.tcl
/opt/Synopsys/ICC2016/auxx/tcllib/snps_tcl/pkgIndex.tcl
/opt/Synopsys/ICC2016/auxx/tcllib/lib/tcl8.6/http1.0/pkgIndex.tcl
/opt/Synopsys/ICC2016/auxx/tcllib/lib/tcl8.6/opt/pkgIndex.tcl
/opt/Synopsys/ICC2016/auxx/tcllib/lib/tcl8.6/msgcat/pkgIndex.tcl
/opt/Synopsys/ICC2016/auxx/tcllib/lib/tcl8.6/http/pkgIndex.tcl
/opt/Synopsys/ICC2016/auxx/tcllib/lib/tcl8.6/reg/pkgIndex.tcl
/opt/Synopsys/ICC2016/auxx/tcllib/lib/tcl8.6/dde/pkgIndex.tcl
/opt/Synopsys/ICC2016/auxx/tcllib/lib/tcl8.6/platform/pkgIndex.tcl
/opt/Synopsys/ICC2016/auxx/tcllib/lib/tcl8.6/tcltest/pkgIndex.tcl
/opt/Synopsys/ICC2016/auxx/gui/common/setup/snpsCommonSetup.tcl
/opt/Synopsys/ICC2016/auxx/gui/common/setup/snpsCustomize.tcl
/opt/Synopsys/ICC2016/auxx/gui/common/setup/snpsProcheck.tcl
/opt/Synopsys/ICC2016/auxx/gui/common/qtcl/.synopsys_qtcl.tcl
/opt/Synopsys/ICC2016/auxx/gui/common/highlight/highlight.tcl
/opt/Synopsys/ICC2016/auxx/gui/common/misc/base.tcl
/opt/Synopsys/ICC2016/auxx/gui/common/misc/timing.tcl
/opt/Synopsys/ICC2016/auxx/gui/common/misc/setting.tcl
/opt/Synopsys/ICC2016/auxx/gui/common/misc/preset.tcl
/opt/Synopsys/ICC2016/auxx/gui/common/WindowFrameWork/windowFrameWork.tcl
/opt/Synopsys/ICC2016/auxx/gui/common/WindowFrameWork/skipBusyCursorCmdList.tcl
/opt/Synopsys/ICC2016/auxx/gui/common/docBrowser/docBrowser.tcl
/opt/Synopsys/ICC2016/auxx/tcllib/snps_tcl/snpsUtils/snpsUtils.tcl
/opt/Synopsys/ICC2016/auxx/gui/common/dialogs/ObjectChooser.tcl
/opt/Synopsys/ICC2016/auxx/gui/common/misc/DialogObjectChooser.tcl
/opt/Synopsys/ICC2016/auxx/gui/common/dialogs/HistBinInformation.tcl
/opt/Synopsys/ICC2016/auxx/gui/common/dialogs/HistBin1Information.tcl
/opt/Synopsys/ICC2016/auxx/gui/common/dialogs/BinsOnlyInformation.tcl
/opt/Synopsys/ICC2016/auxx/gui/common/dialogs/FileChooser.tcl
/opt/Synopsys/ICC2016/auxx/gui/common/dialogs/PathPinSimpleInfo.tcl
/opt/Synopsys/ICC2016/auxx/gui/common/dialogs/PathsBasicInfo.tcl
/opt/Synopsys/ICC2016/auxx/gui/common/dialogs/PathsBasicSimpleInfo.tcl
/opt/Synopsys/ICC2016/auxx/gui/common/dialogs/SlctOperationInfo.tcl
/opt/Synopsys/ICC2016/auxx/gui/common/dialogs/ObjectListInfo.tcl
/opt/Synopsys/ICC2016/auxx/gui/common/dialogs/FanInOutInfo.tcl
/opt/Synopsys/ICC2016/auxx/gui/common/dialogs/NumberOfLevelsChooser.tcl
/opt/Synopsys/ICC2016/auxx/gui/common/dialogs/WindowReuseInfo.tcl
/opt/Synopsys/ICC2016/auxx/gui/common/dialogs/ReportOutputOptionInfo.tcl
/opt/Synopsys/ICC2016/auxx/gui/common/setup/snpsCollections.tcl
/opt/Synopsys/ICC2016/auxx/gui/common/dialogs/CompileLinkDesign.tcl
/opt/Synopsys/ICC2016/auxx/gui/common/histogram/DialogEndpointSlack.tcl
/opt/Synopsys/ICC2016/auxx/gui/common/histogram/DialogPathsSlack.tcl
/opt/Synopsys/ICC2016/auxx/gui/common/histogram/DialogNetCapacitance.tcl
/opt/Synopsys/ICC2016/auxx/gui/common/schematic/DialogPathSchematicFanInOut.tcl
/opt/Synopsys/ICC2016/auxx/gui/common/schematic/DialogPathSchematicAddPaths.tcl
/opt/Synopsys/ICC2016/auxx/gui/common/layout/preferences.tcl
/home/IC/RESIC-V/pnr/scripts/icc_pnr.tcl
/home/IC/RESIC-V/pnr/runtime/Pipeline_Lib
/home/IC/RESIC-V/syn/std_cells/scmetro_tsmc_cl013g_rvt_tt_1p2v_25c.db
/opt/Synopsys/ICC2016/libraries/syn/gtech.db
/opt/Synopsys/ICC2016/libraries/syn/standard.sldb
/home/IC/RESIC-V/syn/output/pipeline.sdc
/opt/Synopsys/ICC2016/auxx/syn/all_command_option_def.tcl
/opt/Synopsys/ICC2016/auxx/syn/psyn/place_opt.tcl.e
/home/IC/RESIC-V/pnr/runtime/Pipeline_Lib
/opt/Synopsys/ICC2016/auxx/syn/psyn/clock_opt.tcl.e
/home/IC/RESIC-V/pnr/runtime/Pipeline_Lib
/opt/Synopsys/ICC2016/auxx/syn/psyn/route_opt.tcl.e
/home/IC/RESIC-V/pnr/runtime/Pipeline_Lib
/opt/Synopsys/ICC2016/auxx/tcllib/lib/tk8.6/tk.tcl
/opt/Synopsys/ICC2016/auxx/tcllib/lib/tcl8.6/msgcat/msgcat.tcl
/opt/Synopsys/ICC2016/auxx/tcllib/lib/tk8.6/icons.tcl
/opt/Synopsys/ICC2016/auxx/tcllib/lib/tk8.6/button.tcl
/opt/Synopsys/ICC2016/auxx/tcllib/lib/tk8.6/entry.tcl
/opt/Synopsys/ICC2016/auxx/tcllib/lib/tk8.6/listbox.tcl
/opt/Synopsys/ICC2016/auxx/tcllib/lib/tk8.6/menu.tcl
/opt/Synopsys/ICC2016/auxx/tcllib/lib/tk8.6/panedwindow.tcl
/opt/Synopsys/ICC2016/auxx/tcllib/lib/tk8.6/scale.tcl
/opt/Synopsys/ICC2016/auxx/tcllib/lib/tk8.6/scrlbar.tcl
/opt/Synopsys/ICC2016/auxx/tcllib/lib/tk8.6/spinbox.tcl
/opt/Synopsys/ICC2016/auxx/tcllib/lib/tk8.6/text.tcl
/opt/Synopsys/ICC2016/auxx/tcllib/lib/tk8.6/ttk/ttk.tcl
/opt/Synopsys/ICC2016/auxx/tcllib/lib/tk8.6/ttk/fonts.tcl
/opt/Synopsys/ICC2016/auxx/tcllib/lib/tk8.6/ttk/cursors.tcl
/opt/Synopsys/ICC2016/auxx/tcllib/lib/tk8.6/ttk/utils.tcl
/opt/Synopsys/ICC2016/auxx/tcllib/lib/tk8.6/ttk/button.tcl
/opt/Synopsys/ICC2016/auxx/tcllib/lib/tk8.6/ttk/menubutton.tcl
/opt/Synopsys/ICC2016/auxx/tcllib/lib/tk8.6/ttk/scrollbar.tcl
/opt/Synopsys/ICC2016/auxx/tcllib/lib/tk8.6/ttk/scale.tcl
/opt/Synopsys/ICC2016/auxx/tcllib/lib/tk8.6/ttk/progress.tcl
/opt/Synopsys/ICC2016/auxx/tcllib/lib/tk8.6/ttk/notebook.tcl
/opt/Synopsys/ICC2016/auxx/tcllib/lib/tk8.6/ttk/panedwindow.tcl
/opt/Synopsys/ICC2016/auxx/tcllib/lib/tk8.6/ttk/entry.tcl
/opt/Synopsys/ICC2016/auxx/tcllib/lib/tk8.6/ttk/combobox.tcl
/opt/Synopsys/ICC2016/auxx/tcllib/lib/tk8.6/ttk/spinbox.tcl
/opt/Synopsys/ICC2016/auxx/tcllib/lib/tk8.6/ttk/treeview.tcl
/opt/Synopsys/ICC2016/auxx/tcllib/lib/tk8.6/ttk/sizegrip.tcl
/opt/Synopsys/ICC2016/auxx/tcllib/lib/tk8.6/ttk/defaults.tcl
/opt/Synopsys/ICC2016/auxx/tcllib/lib/tk8.6/ttk/classicTheme.tcl
/opt/Synopsys/ICC2016/auxx/tcllib/lib/tk8.6/ttk/altTheme.tcl
/opt/Synopsys/ICC2016/auxx/tcllib/lib/tk8.6/ttk/clamTheme.tcl
/opt/Synopsys/ICC2016/auxx/tcllib/lib/tix8.4.3/Init.tcl
/opt/Synopsys/ICC2016/auxx/tcllib/lib/tix8.4.3/fs.tcl
/opt/Synopsys/ICC2016/auxx/tcllib/lib/tix8.4.3/Tix.tcl
/opt/Synopsys/ICC2016/auxx/tcllib/lib/tix8.4.3/Event.tcl
/opt/Synopsys/ICC2016/auxx/tcllib/lib/tix8.4.3/Balloon.tcl
/opt/Synopsys/ICC2016/auxx/tcllib/lib/tix8.4.3/BtnBox.tcl
/opt/Synopsys/ICC2016/auxx/tcllib/lib/tix8.4.3/CObjView.tcl
/opt/Synopsys/ICC2016/auxx/tcllib/lib/tix8.4.3/ChkList.tcl
/opt/Synopsys/ICC2016/auxx/tcllib/lib/tix8.4.3/ComboBox.tcl
/opt/Synopsys/ICC2016/auxx/tcllib/lib/tk8.6/unsupported.tcl
/opt/Synopsys/ICC2016/auxx/tcllib/lib/tix8.4.3/Compat.tcl
/opt/Synopsys/ICC2016/auxx/tcllib/lib/tix8.4.3/Console.tcl
/opt/Synopsys/ICC2016/auxx/tcllib/lib/tix8.4.3/Control.tcl
/opt/Synopsys/ICC2016/auxx/tcllib/lib/tix8.4.3/DefSchm.tcl
/opt/Synopsys/ICC2016/auxx/tcllib/lib/tix8.4.3/DialogS.tcl
/opt/Synopsys/ICC2016/auxx/tcllib/lib/tix8.4.3/DirBox.tcl
/opt/Synopsys/ICC2016/auxx/tcllib/lib/tix8.4.3/DirDlg.tcl
/opt/Synopsys/ICC2016/auxx/tcllib/lib/tix8.4.3/DirList.tcl
/opt/Synopsys/ICC2016/auxx/tcllib/lib/tix8.4.3/DirTree.tcl
/opt/Synopsys/ICC2016/auxx/tcllib/lib/tix8.4.3/DragDrop.tcl
/opt/Synopsys/ICC2016/auxx/tcllib/lib/tix8.4.3/DtlList.tcl
/opt/Synopsys/ICC2016/auxx/tcllib/lib/tix8.4.3/EFileBox.tcl
/opt/Synopsys/ICC2016/auxx/tcllib/lib/tix8.4.3/EFileDlg.tcl
/opt/Synopsys/ICC2016/auxx/tcllib/lib/tix8.4.3/FileBox.tcl
/opt/Synopsys/ICC2016/auxx/tcllib/lib/tix8.4.3/FileCbx.tcl
/opt/Synopsys/ICC2016/auxx/tcllib/lib/tix8.4.3/FileDlg.tcl
/opt/Synopsys/ICC2016/auxx/tcllib/lib/tix8.4.3/FileEnt.tcl
/opt/Synopsys/ICC2016/auxx/tcllib/lib/tix8.4.3/FloatEnt.tcl
/opt/Synopsys/ICC2016/auxx/tcllib/lib/tix8.4.3/Grid.tcl
/opt/Synopsys/ICC2016/auxx/tcllib/lib/tix8.4.3/HList.tcl
/opt/Synopsys/ICC2016/auxx/tcllib/lib/tix8.4.3/HListDD.tcl
/opt/Synopsys/ICC2016/auxx/tcllib/lib/tix8.4.3/IconView.tcl
/opt/Synopsys/ICC2016/auxx/tcllib/lib/tix8.4.3/LabEntry.tcl
/opt/Synopsys/ICC2016/auxx/tcllib/lib/tix8.4.3/LabFrame.tcl
/opt/Synopsys/ICC2016/auxx/tcllib/lib/tix8.4.3/LabWidg.tcl
/opt/Synopsys/ICC2016/auxx/tcllib/lib/tix8.4.3/ListNBk.tcl
/opt/Synopsys/ICC2016/auxx/tcllib/lib/tix8.4.3/Meter.tcl
/opt/Synopsys/ICC2016/auxx/tcllib/lib/tix8.4.3/MultView.tcl
/opt/Synopsys/ICC2016/auxx/tcllib/lib/tix8.4.3/NoteBook.tcl
/opt/Synopsys/ICC2016/auxx/tcllib/lib/tix8.4.3/OldUtil.tcl
/opt/Synopsys/ICC2016/auxx/tcllib/lib/tix8.4.3/OptMenu.tcl
/opt/Synopsys/ICC2016/auxx/tcllib/lib/tix8.4.3/PanedWin.tcl
/opt/Synopsys/ICC2016/auxx/tcllib/lib/tix8.4.3/PopMenu.tcl
/opt/Synopsys/ICC2016/auxx/tcllib/lib/tix8.4.3/Primitiv.tcl
/opt/Synopsys/ICC2016/auxx/tcllib/lib/tix8.4.3/ResizeH.tcl
/opt/Synopsys/ICC2016/auxx/tcllib/lib/tix8.4.3/SGrid.tcl
/opt/Synopsys/ICC2016/auxx/tcllib/lib/tix8.4.3/SHList.tcl
/opt/Synopsys/ICC2016/auxx/tcllib/lib/tix8.4.3/SListBox.tcl
/opt/Synopsys/ICC2016/auxx/tcllib/lib/tix8.4.3/STList.tcl
/opt/Synopsys/ICC2016/auxx/tcllib/lib/tix8.4.3/SText.tcl
/opt/Synopsys/ICC2016/auxx/tcllib/lib/tix8.4.3/SWidget.tcl
/opt/Synopsys/ICC2016/auxx/tcllib/lib/tix8.4.3/SWindow.tcl
/opt/Synopsys/ICC2016/auxx/tcllib/lib/tix8.4.3/Select.tcl
/opt/Synopsys/ICC2016/auxx/tcllib/lib/tix8.4.3/Shell.tcl
/opt/Synopsys/ICC2016/auxx/tcllib/lib/tix8.4.3/SimpDlg.tcl
/opt/Synopsys/ICC2016/auxx/tcllib/lib/tix8.4.3/StackWin.tcl
/opt/Synopsys/ICC2016/auxx/tcllib/lib/tix8.4.3/StatBar.tcl
/opt/Synopsys/ICC2016/auxx/tcllib/lib/tix8.4.3/StdBBox.tcl
/opt/Synopsys/ICC2016/auxx/tcllib/lib/tix8.4.3/StdShell.tcl
/opt/Synopsys/ICC2016/auxx/tcllib/lib/tix8.4.3/TList.tcl
/opt/Synopsys/ICC2016/auxx/tcllib/lib/tix8.4.3/Tree.tcl
/opt/Synopsys/ICC2016/auxx/tcllib/lib/tix8.4.3/Utils.tcl
/opt/Synopsys/ICC2016/auxx/tcllib/lib/tix8.4.3/VResize.tcl
/opt/Synopsys/ICC2016/auxx/tcllib/lib/tix8.4.3/VStack.tcl
/opt/Synopsys/ICC2016/auxx/tcllib/lib/tix8.4.3/VTree.tcl
/opt/Synopsys/ICC2016/auxx/tcllib/lib/tix8.4.3/Variable.tcl
/opt/Synopsys/ICC2016/auxx/tcllib/lib/tix8.4.3/WInfo.tcl
/opt/Synopsys/ICC2016/auxx/gui/common/tq/snpsTkStyle.tcl
/opt/Synopsys/ICC2016/auxx/tcllib/lib/tk8.6/palette.tcl
/opt/Synopsys/ICC2016/auxx/tcllib/lib/itk4.0.1/itk.tcl
/opt/Synopsys/ICC2016/auxx/tcllib/lib/iwidgets4.1/colors.itcl
/opt/Synopsys/ICC2016/auxx/tcllib/lib/iwidgets4.1/roman.itcl
/opt/Synopsys/ICC2016/auxx/tcllib/lib/iwidgets4.1/buttonbox.itk
/opt/Synopsys/ICC2016/auxx/tcllib/lib/itk4.0.1/Widget.itk
/opt/Synopsys/ICC2016/auxx/tcllib/lib/itk4.0.1/Archetype.itk
/opt/Synopsys/ICC2016/auxx/tcllib/lib/iwidgets4.1/calendar.itk
/opt/Synopsys/ICC2016/auxx/tcllib/lib/iwidgets4.1/canvasprintbox.itk
/opt/Synopsys/ICC2016/auxx/tcllib/lib/iwidgets4.1/shell.itk
/opt/Synopsys/ICC2016/auxx/tcllib/lib/itk4.0.1/Toplevel.itk
/opt/Synopsys/ICC2016/auxx/tcllib/lib/iwidgets4.1/dialogshell.itk
/opt/Synopsys/ICC2016/auxx/tcllib/lib/iwidgets4.1/dialog.itk
/opt/Synopsys/ICC2016/auxx/tcllib/lib/iwidgets4.1/canvasprintdialog.itk
/opt/Synopsys/ICC2016/auxx/tcllib/lib/iwidgets4.1/labeledframe.itk
/opt/Synopsys/ICC2016/auxx/tcllib/lib/iwidgets4.1/checkbox.itk
/opt/Synopsys/ICC2016/auxx/tcllib/lib/iwidgets4.1/labeledwidget.itk
/opt/Synopsys/ICC2016/auxx/tcllib/lib/iwidgets4.1/entryfield.itk
/opt/Synopsys/ICC2016/auxx/tcllib/lib/iwidgets4.1/combobox.itk
/opt/Synopsys/ICC2016/auxx/tcllib/lib/iwidgets4.1/datefield.itk
/opt/Synopsys/ICC2016/auxx/tcllib/lib/iwidgets4.1/dateentry.itk
/opt/Synopsys/ICC2016/auxx/tcllib/lib/iwidgets4.1/disjointlistbox.itk
/opt/Synopsys/ICC2016/auxx/tcllib/lib/iwidgets4.1/extbutton.itk
/opt/Synopsys/ICC2016/auxx/tcllib/lib/iwidgets4.1/extfileselectionbox.itk
/opt/Synopsys/ICC2016/auxx/tcllib/lib/iwidgets4.1/extfileselectiondialog.itk
/opt/Synopsys/ICC2016/auxx/tcllib/lib/iwidgets4.1/feedback.itk
/opt/Synopsys/ICC2016/auxx/tcllib/lib/iwidgets4.1/fileselectionbox.itk
/opt/Synopsys/ICC2016/auxx/tcllib/lib/iwidgets4.1/fileselectiondialog.itk
/opt/Synopsys/ICC2016/auxx/tcllib/lib/iwidgets4.1/finddialog.itk
/opt/Synopsys/ICC2016/auxx/tcllib/lib/iwidgets4.1/scrolledwidget.itk
/opt/Synopsys/ICC2016/auxx/tcllib/lib/iwidgets4.1/hierarchy.itk
/opt/Synopsys/ICC2016/auxx/tcllib/lib/iwidgets4.1/hyperhelp.itk
/opt/Synopsys/ICC2016/auxx/tcllib/lib/iwidgets4.1/mainwindow.itk
/opt/Synopsys/ICC2016/auxx/tcllib/lib/iwidgets4.1/menubar.itk
/opt/Synopsys/ICC2016/auxx/tcllib/lib/iwidgets4.1/messagebox.itk
/opt/Synopsys/ICC2016/auxx/tcllib/lib/iwidgets4.1/messagedialog.itk
/opt/Synopsys/ICC2016/auxx/tcllib/lib/iwidgets4.1/notebook.itk
/opt/Synopsys/ICC2016/auxx/tcllib/lib/iwidgets4.1/optionmenu.itk
/opt/Synopsys/ICC2016/auxx/tcllib/lib/iwidgets4.1/panedwindow.itk
/opt/Synopsys/ICC2016/auxx/tcllib/lib/iwidgets4.1/pane.itk
/opt/Synopsys/ICC2016/auxx/tcllib/lib/iwidgets4.1/promptdialog.itk
/opt/Synopsys/ICC2016/auxx/tcllib/lib/iwidgets4.1/pushbutton.itk
/opt/Synopsys/ICC2016/auxx/tcllib/lib/iwidgets4.1/radiobox.itk
/opt/Synopsys/ICC2016/auxx/tcllib/lib/iwidgets4.1/regexpfield.itk
/opt/Synopsys/ICC2016/auxx/tcllib/lib/iwidgets4.1/scrolledcanvas.itk
/opt/Synopsys/ICC2016/auxx/tcllib/lib/iwidgets4.1/scrolledframe.itk
/opt/Synopsys/ICC2016/auxx/tcllib/lib/iwidgets4.1/scrolledtext.itk
/opt/Synopsys/ICC2016/auxx/tcllib/lib/iwidgets4.1/scrolledhtml.itk
/opt/Synopsys/ICC2016/auxx/tcllib/lib/iwidgets4.1/scrolledlistbox.itk
/opt/Synopsys/ICC2016/auxx/tcllib/lib/iwidgets4.1/selectionbox.itk
/opt/Synopsys/ICC2016/auxx/tcllib/lib/iwidgets4.1/selectiondialog.itk
/opt/Synopsys/ICC2016/auxx/tcllib/lib/iwidgets4.1/spindate.itk
/opt/Synopsys/ICC2016/auxx/tcllib/lib/iwidgets4.1/spinner.itk
/opt/Synopsys/ICC2016/auxx/tcllib/lib/iwidgets4.1/spinint.itk
/opt/Synopsys/ICC2016/auxx/tcllib/lib/iwidgets4.1/spintime.itk
/opt/Synopsys/ICC2016/auxx/tcllib/lib/iwidgets4.1/tabnotebook.itk
/opt/Synopsys/ICC2016/auxx/tcllib/lib/iwidgets4.1/tabset.itk
/opt/Synopsys/ICC2016/auxx/tcllib/lib/iwidgets4.1/timefield.itk
/opt/Synopsys/ICC2016/auxx/tcllib/lib/iwidgets4.1/timeentry.itk
/opt/Synopsys/ICC2016/auxx/tcllib/lib/iwidgets4.1/toolbar.itk
/opt/Synopsys/ICC2016/auxx/tcllib/lib/iwidgets4.1/watch.itk
/opt/Synopsys/ICC2016/auxx/gui/common/histogram/base.tcl
/opt/Synopsys/ICC2016/auxx/gui/common/profiler/base.tcl
/opt/Synopsys/ICC2016/auxx/gui/common/schematic/base.tcl
/opt/Synopsys/ICC2016/auxx/gui/common/select/baseInternal.tcl
/opt/Synopsys/ICC2016/auxx/gui/common/schematic/enable.tcl
/opt/Synopsys/ICC2016/auxx/gui/common/schematic/netlist.tcl
/opt/Synopsys/ICC2016/auxx/gui/common/schematic/method.tcl
/opt/Synopsys/ICC2016/auxx/gui/common/misc/createViewType.tcl
/opt/Synopsys/ICC2016/auxx/gui/common/misc/GuiMenuEnable.tcl
/opt/Synopsys/ICC2016/auxx/gui/common/menus/base.tcl
/opt/Synopsys/ICC2016/auxx/gui/common/libviewer/base.tcl
/opt/Synopsys/ICC2016/auxx/gui/common/misc/viewmgr.tcl
/opt/Synopsys/ICC2016/auxx/gui/common/pathinspector/base.tcl
/opt/Synopsys/ICC2016/auxx/gui/common/pathinspector/create_window_and_menu.tcl
/opt/Synopsys/ICC2016/auxx/gui/common/misc/viewporthistory.tcl
/opt/Synopsys/ICC2016/auxx/gui/common/misc/infotip.tcl
/opt/Synopsys/ICC2016/auxx/gui/common/timing/base.tcl
/opt/Synopsys/ICC2016/auxx/gui/common/layout/colSrv.tcl
/opt/Synopsys/ICC2016/auxx/gui/common/layout/snpsVM.tcl
/opt/Synopsys/ICC2016/auxx/gui/common/layout/layout.tcl
/opt/Synopsys/ICC2016/auxx/gui/common/layout/snpsLayoutTools.tcl
/opt/Synopsys/ICC2016/auxx/gui/common/layout/layout_layers.tcl
/opt/Synopsys/ICC2016/auxx/gui/common/layout/snpsMM.tcl
/opt/Synopsys/ICC2016/auxx/gui/syn/layout/snpsCellSlackVM.tcl
/opt/Synopsys/ICC2016/auxx/gui/syn/layout/snpsPathsSlackVM.tcl
/opt/Synopsys/ICC2016/auxx/gui/syn/layout/snpsNetCapacitanceVM.tcl
/opt/Synopsys/ICC2016/auxx/gui/syn/layout/snpsClockLTVM.tcl
/opt/Synopsys/ICC2016/auxx/gui/syn/layout/snpsIllegalCellPlacementVM.tcl
/opt/Synopsys/ICC2016/auxx/gui/syn/layout/snpsScanChainVM.tcl
/opt/Synopsys/ICC2016/auxx/gui/syn/layout/snpsVoltageAreaVM.tcl
/opt/Synopsys/ICC2016/auxx/gui/syn/layout/snpsXTalkVM.tcl
/opt/Synopsys/ICC2016/auxx/gui/syn/layout/snpsDeltaDelayVM.tcl
/opt/Synopsys/ICC2016/auxx/gui/syn/layout/snpsNoiseVM.tcl
/opt/Synopsys/ICC2016/auxx/gui/syn/layout/snpsCellDisplacementVM.tcl
/opt/Synopsys/ICC2016/auxx/gui/syn/layout/snpsAreaNetConnectionVM.tcl
/opt/Synopsys/ICC2016/auxx/gui/syn/layout/snpsImportedPathPinsVM.tcl
/opt/Synopsys/ICC2016/auxx/gui/common/fanoutviewer/base.tcl
/opt/Synopsys/ICC2016/auxx/gui/common/hierarchy/base.tcl
/opt/Synopsys/ICC2016/auxx/gui/common/table/table.tcl
/opt/Synopsys/ICC2016/auxx/gui/common/table/table_internal.tcl
/opt/Synopsys/ICC2016/auxx/gui/common/table/table_customize.tcl
/opt/Synopsys/ICC2016/auxx/gui/syn/layout/DialogVMCellSlack.tcl
/opt/Synopsys/ICC2016/auxx/gui/syn/layout/DialogVMNetCapacitance.tcl
/opt/Synopsys/ICC2016/auxx/gui/common/select/DialogSelectFanInOut.tcl
/opt/Synopsys/ICC2016/auxx/gui/icc/hb_setup.tcl
/opt/Synopsys/ICC2016/auxx/gui/icc/nb_setup.tcl
/opt/Synopsys/ICC2016/auxx/gui/common/acg/base.tcl
/opt/Synopsys/ICC2016/auxx/syn/fp/ndfa_main.tbc
/opt/Synopsys/ICC2016/auxx/syn/fp/bw/pkgIndex.tcl
/opt/Synopsys/ICC2016/auxx/tcllib/lib/iwidgets4.1/pkgIndex.tcl
/opt/Synopsys/ICC2016/auxx/tcllib/lib/tix8.4.3/pref/pkgIndex.tcl
/opt/Synopsys/ICC2016/auxx/gui/syn/layout/pkgIndex.tcl
/opt/Synopsys/ICC2016/auxx/gui/common/strokes/pkgIndex.tcl
/opt/Synopsys/ICC2016/auxx/gui/common/schematic/pkgIndex.tcl
/opt/Synopsys/ICC2016/auxx/gui/common/qtcl/pkgIndex.tcl
/opt/Synopsys/ICC2016/auxx/gui/common/acg/pkgIndex.tcl
/opt/Synopsys/ICC2016/auxx/gui/common/setup/pkgIndex.tcl
/opt/Synopsys/ICC2016/auxx/gui/common/misc/pkgIndex.tcl
/opt/Synopsys/ICC2016/auxx/gui/common/view/pkgIndex.tcl
/opt/Synopsys/ICC2016/auxx/gui/common/tq/pkgIndex.tcl
/opt/Synopsys/ICC2016/auxx/gui/common/regressionToolkit/pkgIndex.tcl
/opt/Synopsys/ICC2016/auxx/gui/common/select/pkgIndex.tcl
/opt/Synopsys/ICC2016/auxx/gui/common/tcl-dp/pkgIndex.tcl
/opt/Synopsys/ICC2016/auxx/gui/common/fanoutviewer/pkgIndex.tcl
/opt/Synopsys/ICC2016/auxx/gui/common/tiledview/pkgIndex.tcl
/opt/Synopsys/ICC2016/auxx/gui/common/table/pkgIndex.tcl
/opt/Synopsys/ICC2016/auxx/gui/common/docBrowser/pkgIndex.tcl
/opt/Synopsys/ICC2016/auxx/gui/common/pathinspector/pkgIndex.tcl
/opt/Synopsys/ICC2016/auxx/gui/common/timing/pkgIndex.tcl
/opt/Synopsys/ICC2016/auxx/gui/common/histogram/pkgIndex.tcl
/opt/Synopsys/ICC2016/auxx/gui/common/palettegroup/pkgIndex.tcl
/opt/Synopsys/ICC2016/auxx/gui/common/mrupalette/pkgIndex.tcl
/opt/Synopsys/ICC2016/auxx/gui/common/dialogs/pkgIndex.tcl
/opt/Synopsys/ICC2016/auxx/gui/common/opdlg/pkgIndex.tcl
/opt/Synopsys/ICC2016/auxx/gui/common/layout/pkgIndex.tcl
/opt/Synopsys/ICC2016/auxx/gui/common/commandform/pkgIndex.tcl
/opt/Synopsys/ICC2016/auxx/gui/common/libviewer/pkgIndex.tcl
/opt/Synopsys/ICC2016/auxx/gui/common/WindowFrameWork/pkgIndex.tcl
/opt/Synopsys/ICC2016/auxx/gui/common/profiler/pkgIndex.tcl
/opt/Synopsys/ICC2016/auxx/gui/common/highlight/pkgIndex.tcl
/opt/Synopsys/ICC2016/auxx/gui/common/menus/pkgIndex.tcl
/opt/Synopsys/ICC2016/auxx/gui/common/hierarchy/pkgIndex.tcl
/opt/Synopsys/ICC2016/auxx/gui/dv/pkgIndex.tcl
/opt/Synopsys/ICC2016/auxx/syn/ors/pkgIndex.tcl
/opt/Synopsys/ICC2016/auxx/tcllib/snps_tcl/snpsTclPro/pkgIndex.tcl
/opt/Synopsys/ICC2016/auxx/tcllib/snps_tcl/snpsTest/pkgIndex.tcl
/opt/Synopsys/ICC2016/auxx/tcllib/snps_tcl/snpsUtils/pkgIndex.tcl
/opt/Synopsys/ICC2016/auxx/tcllib/snps_tcl/pkgIndex.tcl
/opt/Synopsys/ICC2016/auxx/tcllib/lib/tcl8.6/http1.0/pkgIndex.tcl
/opt/Synopsys/ICC2016/auxx/tcllib/lib/tcl8.6/opt/pkgIndex.tcl
/opt/Synopsys/ICC2016/auxx/tcllib/lib/tcl8.6/msgcat/pkgIndex.tcl
/opt/Synopsys/ICC2016/auxx/tcllib/lib/tcl8.6/http/pkgIndex.tcl
/opt/Synopsys/ICC2016/auxx/tcllib/lib/tcl8.6/reg/pkgIndex.tcl
/opt/Synopsys/ICC2016/auxx/tcllib/lib/tcl8.6/dde/pkgIndex.tcl
/opt/Synopsys/ICC2016/auxx/tcllib/lib/tcl8.6/platform/pkgIndex.tcl
/opt/Synopsys/ICC2016/auxx/tcllib/lib/tcl8.6/tcltest/pkgIndex.tcl
/opt/Synopsys/ICC2016/auxx/syn/fp/bw/widget.tcl
/opt/Synopsys/ICC2016/auxx/syn/fp/bw/init.tcl
/opt/Synopsys/ICC2016/auxx/syn/fp/bw/utils.tcl
/opt/Synopsys/ICC2016/auxx/syn/fp/ndfa_gui.tbc
