
                      IC Compiler II Library Manager (TM)

             Version O-2018.06-SP1 for linux64 - Jul 17, 2018 -SLE

                    Copyright (c) 1988 - 2018 Synopsys, Inc.
   This software and the associated documentation are proprietary to Synopsys,
 Inc. This software may only be used in accordance with the terms and conditions
 of a written license agreement with Synopsys, Inc. All other use, reproduction,
            or distribution of this software is strictly prohibited.

################################################################################
# ICC2 Library Creation (Patched Header Method)
################################################################################
set WORK_PATH     "../runtime"
../runtime
set OUTPUT_PATH   "../output"
../output
set LEF_DIR       "../lef"
../lef
set STD_CELLS_DIR "../std_cells"
../std_cells
file mkdir $WORK_PATH
file mkdir $OUTPUT_PATH
set search_path [list . $LEF_DIR $STD_CELLS_DIR]
. ../lef ../std_cells
set NDM_LIB_NAME "tsmc13_std.ndm"
tsmc13_std.ndm
# ⚠️ الملف اللي "زرعنا" فيه كلمة TECHNOLOGY
set PATCHED_LEF  "tsmc_patched.lef"
tsmc_patched.lef
set DB_FILE      "scmetro_tsmc_cl013g_rvt_tt_1p2v_25c.db"
scmetro_tsmc_cl013g_rvt_tt_1p2v_25c.db
# 1. تنظيف القديم
file delete -force $NDM_LIB_NAME
file delete -force "$OUTPUT_PATH/$NDM_LIB_NAME"
puts "Step 1: Creating Workspace using Patched LEF..."
Step 1: Creating Workspace using Patched LEF...
# هنا التول هتلاقي كلمة TECHNOLOGY في أول الملف فهتنبسط وتكمل
create_workspace $NDM_LIB_NAME -flow normal -technology $PATCHED_LEF
Error: tsmc_patched.lef line 1, syntax error. This rule will be ignored. (TECH-006)
Error: tsmc_patched.lef line 46, syntax error. This rule will be ignored. (TECH-006)
Error: tsmc_patched.lef line 51, syntax error. This rule will be ignored. (TECH-006)
Error: tsmc_patched.lef line 55, syntax error. This rule will be ignored. (TECH-006)
Error: tsmc_patched.lef line 58, syntax error. This rule will be ignored. (TECH-006)
Error: tsmc_patched.lef line 62, syntax error. This rule will be ignored. (TECH-006)
Error: tsmc_patched.lef line 78, syntax error. This rule will be ignored. (TECH-006)
Error: tsmc_patched.lef line 85, syntax error. This rule will be ignored. (TECH-006)
Error: tsmc_patched.lef line 93, syntax error. This rule will be ignored. (TECH-006)
Error: tsmc_patched.lef line 96, syntax error. This rule will be ignored. (TECH-006)
Error: tsmc_patched.lef line 103, syntax error. This rule will be ignored. (TECH-006)
Error: tsmc_patched.lef line 118, syntax error. This rule will be ignored. (TECH-006)
Error: tsmc_patched.lef line 125, syntax error. This rule will be ignored. (TECH-006)
Error: tsmc_patched.lef line 133, syntax error. This rule will be ignored. (TECH-006)
Error: tsmc_patched.lef line 136, syntax error. This rule will be ignored. (TECH-006)
Error: tsmc_patched.lef line 143, syntax error. This rule will be ignored. (TECH-006)
Error: tsmc_patched.lef line 158, syntax error. This rule will be ignored. (TECH-006)
Error: tsmc_patched.lef line 165, syntax error. This rule will be ignored. (TECH-006)
Error: tsmc_patched.lef line 173, syntax error. This rule will be ignored. (TECH-006)
Error: tsmc_patched.lef line 176, syntax error. This rule will be ignored. (TECH-006)
Error: tsmc_patched.lef line 183, syntax error. This rule will be ignored. (TECH-006)
Error: tsmc_patched.lef line 198, syntax error. This rule will be ignored. (TECH-006)
Error: tsmc_patched.lef line 205, syntax error. This rule will be ignored. (TECH-006)
Error: tsmc_patched.lef line 213, syntax error. This rule will be ignored. (TECH-006)
Error: tsmc_patched.lef line 216, syntax error. This rule will be ignored. (TECH-006)
Error: tsmc_patched.lef line 223, syntax error. This rule will be ignored. (TECH-006)
Error: tsmc_patched.lef line 238, syntax error. This rule will be ignored. (TECH-006)
Error: tsmc_patched.lef line 245, syntax error. This rule will be ignored. (TECH-006)
Error: tsmc_patched.lef line 253, syntax error. This rule will be ignored. (TECH-006)
Error: tsmc_patched.lef line 256, syntax error. This rule will be ignored. (TECH-006)
Error: tsmc_patched.lef line 263, syntax error. This rule will be ignored. (TECH-006)
Error: tsmc_patched.lef line 277, syntax error. This rule will be ignored. (TECH-006)
Error: tsmc_patched.lef line 284, syntax error. This rule will be ignored. (TECH-006)
Error: tsmc_patched.lef line 292, syntax error. This rule will be ignored. (TECH-006)
Error: tsmc_patched.lef line 295, syntax error. This rule will be ignored. (TECH-006)
Error: tsmc_patched.lef line 299, syntax error. This rule will be ignored. (TECH-006)
Error: tsmc_patched.lef line 301, syntax error. This rule will be ignored. (TECH-006)
Error: tsmc_patched.lef line 310, syntax error. This rule will be ignored. (TECH-006)
Error: tsmc_patched.lef line 312, syntax error. This rule will be ignored. (TECH-006)
Error: tsmc_patched.lef line 321, syntax error. This rule will be ignored. (TECH-006)
Error: tsmc_patched.lef line 323, syntax error. This rule will be ignored. (TECH-006)
Error: tsmc_patched.lef line 332, syntax error. This rule will be ignored. (TECH-006)
Error: tsmc_patched.lef line 334, syntax error. This rule will be ignored. (TECH-006)
Error: tsmc_patched.lef line 343, syntax error. This rule will be ignored. (TECH-006)
Error: tsmc_patched.lef line 345, syntax error. This rule will be ignored. (TECH-006)
Error: tsmc_patched.lef line 354, syntax error. This rule will be ignored. (TECH-006)
Error: tsmc_patched.lef line 356, syntax error. This rule will be ignored. (TECH-006)
Error: tsmc_patched.lef line 365, syntax error. This rule will be ignored. (TECH-006)
Error: tsmc_patched.lef line 367, syntax error. This rule will be ignored. (TECH-006)
Error: tsmc_patched.lef line 376, syntax error. This rule will be ignored. (TECH-006)
Error: tsmc_patched.lef line 378, syntax error. This rule will be ignored. (TECH-006)
Error: tsmc_patched.lef line 387, syntax error. This rule will be ignored. (TECH-006)
Error: tsmc_patched.lef line 389, syntax error. This rule will be ignored. (TECH-006)
Error: tsmc_patched.lef line 398, syntax error. This rule will be ignored. (TECH-006)
Error: tsmc_patched.lef line 400, syntax error. This rule will be ignored. (TECH-006)
Error: tsmc_patched.lef line 409, syntax error. This rule will be ignored. (TECH-006)
Error: tsmc_patched.lef line 411, syntax error. This rule will be ignored. (TECH-006)
Error: tsmc_patched.lef line 420, syntax error. This rule will be ignored. (TECH-006)
Error: tsmc_patched.lef line 422, syntax error. This rule will be ignored. (TECH-006)
Error: tsmc_patched.lef line 431, syntax error. This rule will be ignored. (TECH-006)
Error: tsmc_patched.lef line 433, syntax error. This rule will be ignored. (TECH-006)
Error: tsmc_patched.lef line 442, syntax error. This rule will be ignored. (TECH-006)
Error: tsmc_patched.lef line 444, syntax error. This rule will be ignored. (TECH-006)
Error: tsmc_patched.lef line 453, syntax error. This rule will be ignored. (TECH-006)
Error: tsmc_patched.lef line 455, syntax error. This rule will be ignored. (TECH-006)
Error: tsmc_patched.lef line 464, syntax error. This rule will be ignored. (TECH-006)
Error: tsmc_patched.lef line 466, syntax error. This rule will be ignored. (TECH-006)
Error: tsmc_patched.lef line 475, syntax error. This rule will be ignored. (TECH-006)
Error: tsmc_patched.lef line 477, syntax error. This rule will be ignored. (TECH-006)
Error: tsmc_patched.lef line 486, syntax error. This rule will be ignored. (TECH-006)
Error: tsmc_patched.lef line 488, syntax error. This rule will be ignored. (TECH-006)
Error: tsmc_patched.lef line 497, syntax error. This rule will be ignored. (TECH-006)
Error: tsmc_patched.lef line 499, syntax error. This rule will be ignored. (TECH-006)
Error: tsmc_patched.lef line 508, syntax error. This rule will be ignored. (TECH-006)
Error: tsmc_patched.lef line 510, syntax error. This rule will be ignored. (TECH-006)
Error: tsmc_patched.lef line 519, syntax error. This rule will be ignored. (TECH-006)
Error: tsmc_patched.lef line 521, syntax error. This rule will be ignored. (TECH-006)
Error: tsmc_patched.lef line 530, syntax error. This rule will be ignored. (TECH-006)
Error: tsmc_patched.lef line 532, syntax error. This rule will be ignored. (TECH-006)
Error: tsmc_patched.lef line 542, syntax error. This rule will be ignored. (TECH-006)
Error: tsmc_patched.lef line 544, syntax error. This rule will be ignored. (TECH-006)
Error: tsmc_patched.lef line 554, syntax error. This rule will be ignored. (TECH-006)
Error: tsmc_patched.lef line 556, syntax error. This rule will be ignored. (TECH-006)
Error: tsmc_patched.lef line 566, syntax error. This rule will be ignored. (TECH-006)
Error: tsmc_patched.lef line 568, syntax error. This rule will be ignored. (TECH-006)
Error: tsmc_patched.lef line 578, syntax error. This rule will be ignored. (TECH-006)
Error: tsmc_patched.lef line 580, syntax error. This rule will be ignored. (TECH-006)
Error: tsmc_patched.lef line 590, syntax error. This rule will be ignored. (TECH-006)
Error: tsmc_patched.lef line 592, syntax error. This rule will be ignored. (TECH-006)
Error: tsmc_patched.lef line 602, syntax error. This rule will be ignored. (TECH-006)
Error: tsmc_patched.lef line 604, syntax error. This rule will be ignored. (TECH-006)
Error: tsmc_patched.lef line 614, syntax error. This rule will be ignored. (TECH-006)
Error: tsmc_patched.lef line 616, syntax error. This rule will be ignored. (TECH-006)
Error: tsmc_patched.lef line 626, syntax error. This rule will be ignored. (TECH-006)
Error: tsmc_patched.lef line 628, syntax error. This rule will be ignored. (TECH-006)
Error: tsmc_patched.lef line 638, syntax error. This rule will be ignored. (TECH-006)
Error: tsmc_patched.lef line 640, syntax error. This rule will be ignored. (TECH-006)
Error: tsmc_patched.lef line 650, syntax error. This rule will be ignored. (TECH-006)
Error: tsmc_patched.lef line 652, syntax error. This rule will be ignored. (TECH-006)
Error: tsmc_patched.lef line 662, syntax error. This rule will be ignored. (TECH-006)
Error: tsmc_patched.lef line 664, syntax error. This rule will be ignored. (TECH-006)
Error: tsmc_patched.lef line 674, syntax error. This rule will be ignored. (TECH-006)
Error: tsmc_patched.lef line 676, syntax error. This rule will be ignored. (TECH-006)
Error: tsmc_patched.lef line 686, syntax error. This rule will be ignored. (TECH-006)
Error: tsmc_patched.lef line 688, syntax error. This rule will be ignored. (TECH-006)
Error: tsmc_patched.lef line 698, syntax error. This rule will be ignored. (TECH-006)
Error: tsmc_patched.lef line 700, syntax error. This rule will be ignored. (TECH-006)
Error: tsmc_patched.lef line 710, syntax error. This rule will be ignored. (TECH-006)
Error: tsmc_patched.lef line 712, syntax error. This rule will be ignored. (TECH-006)
Error: tsmc_patched.lef line 722, syntax error. This rule will be ignored. (TECH-006)
Error: tsmc_patched.lef line 724, syntax error. This rule will be ignored. (TECH-006)
Error: tsmc_patched.lef line 734, syntax error. This rule will be ignored. (TECH-006)
Error: tsmc_patched.lef line 736, syntax error. This rule will be ignored. (TECH-006)
Error: tsmc_patched.lef line 746, syntax error. This rule will be ignored. (TECH-006)
Error: tsmc_patched.lef line 748, syntax error. This rule will be ignored. (TECH-006)
Error: tsmc_patched.lef line 758, syntax error. This rule will be ignored. (TECH-006)
Error: tsmc_patched.lef line 760, syntax error. This rule will be ignored. (TECH-006)
Error: tsmc_patched.lef line 770, syntax error. This rule will be ignored. (TECH-006)
Error: tsmc_patched.lef line 772, syntax error. This rule will be ignored. (TECH-006)
Error: tsmc_patched.lef line 781, syntax error. This rule will be ignored. (TECH-006)
Error: tsmc_patched.lef line 783, syntax error. This rule will be ignored. (TECH-006)
Error: tsmc_patched.lef line 792, syntax error. This rule will be ignored. (TECH-006)
Error: tsmc_patched.lef line 794, syntax error. This rule will be ignored. (TECH-006)
Error: tsmc_patched.lef line 803, syntax error. This rule will be ignored. (TECH-006)
Error: tsmc_patched.lef line 805, syntax error. This rule will be ignored. (TECH-006)
Error: tsmc_patched.lef line 814, syntax error. This rule will be ignored. (TECH-006)
Error: tsmc_patched.lef line 816, syntax error. This rule will be ignored. (TECH-006)
Error: tsmc_patched.lef line 825, syntax error. This rule will be ignored. (TECH-006)
Error: tsmc_patched.lef line 827, syntax error. This rule will be ignored. (TECH-006)
Error: tsmc_patched.lef line 836, syntax error. This rule will be ignored. (TECH-006)
Error: tsmc_patched.lef line 842, syntax error. This rule will be ignored. (TECH-006)
Error: tsmc_patched.lef line 847, syntax error. This rule will be ignored. (TECH-006)
Error: tsmc_patched.lef line 852, syntax error. This rule will be ignored. (TECH-006)
Error: tsmc_patched.lef line 858, syntax error. This rule will be ignored. (TECH-006)
Error: tsmc_patched.lef line 863, syntax error. This rule will be ignored. (TECH-006)
Error: tsmc_patched.lef line 868, syntax error. This rule will be ignored. (TECH-006)
Error: tsmc_patched.lef line 874, syntax error. This rule will be ignored. (TECH-006)
Error: tsmc_patched.lef line 879, syntax error. This rule will be ignored. (TECH-006)
Error: tsmc_patched.lef line 884, syntax error. This rule will be ignored. (TECH-006)
Error: tsmc_patched.lef line 890, syntax error. This rule will be ignored. (TECH-006)
Error: tsmc_patched.lef line 895, syntax error. This rule will be ignored. (TECH-006)
Error: tsmc_patched.lef line 900, syntax error. This rule will be ignored. (TECH-006)
Error: tsmc_patched.lef line 906, syntax error. This rule will be ignored. (TECH-006)
Error: tsmc_patched.lef line 911, syntax error. This rule will be ignored. (TECH-006)
Error: tsmc_patched.lef line 916, syntax error. This rule will be ignored. (TECH-006)
Error: tsmc_patched.lef line 920, syntax error. This rule will be ignored. (TECH-006)
Error: tsmc_patched.lef line 924, syntax error. This rule will be ignored. (TECH-006)
Error: tsmc_patched.lef line 928, syntax error. This rule will be ignored. (TECH-006)
Error: tsmc_patched.lef line 932, syntax error. This rule will be ignored. (TECH-006)
Error: tsmc_patched.lef line 936, syntax error. This rule will be ignored. (TECH-006)
Error: tsmc_patched.lef line 940, syntax error. This rule will be ignored. (TECH-006)
Error: tsmc_patched.lef line 944, syntax error. This rule will be ignored. (TECH-006)
Error: tsmc_patched.lef line 948, syntax error. This rule will be ignored. (TECH-006)
Error: tsmc_patched.lef line 952, syntax error. This rule will be ignored. (TECH-006)
Error: tsmc_patched.lef line 956, syntax error. This rule will be ignored. (TECH-006)
Error: tsmc_patched.lef line 960, syntax error. This rule will be ignored. (TECH-006)
Error: tsmc_patched.lef line 964, syntax error. This rule will be ignored. (TECH-006)
Error: tsmc_patched.lef line 982, syntax error. This rule will be ignored. (TECH-006)
Error: tsmc_patched.lef line 988, syntax error. This rule will be ignored. (TECH-006)
Error: tsmc_patched.lef line 994, syntax error. This rule will be ignored. (TECH-006)
Error: tsmc_patched.lef line 1145, syntax error. This rule will be ignored. (TECH-006)
Error: tsmc_patched.lef line 1378, syntax error. This rule will be ignored. (TECH-006)
Error: tsmc_patched.lef line 1627, syntax error. This rule will be ignored. (TECH-006)
Error: tsmc_patched.lef line 1898, syntax error. This rule will be ignored. (TECH-006)
Error: tsmc_patched.lef line 2068, syntax error. This rule will be ignored. (TECH-006)
Error: tsmc_patched.lef line 2246, syntax error. This rule will be ignored. (TECH-006)
Error: tsmc_patched.lef line 2422, syntax error. This rule will be ignored. (TECH-006)
Error: tsmc_patched.lef line 2606, syntax error. This rule will be ignored. (TECH-006)
Error: tsmc_patched.lef line 2802, syntax error. This rule will be ignored. (TECH-006)
Error: tsmc_patched.lef line 2979, syntax error. This rule will be ignored. (TECH-006)
Error: tsmc_patched.lef line 3095, syntax error. This rule will be ignored. (TECH-006)
Error: tsmc_patched.lef line 3220, syntax error. This rule will be ignored. (TECH-006)
Error: tsmc_patched.lef line 3358, syntax error. This rule will be ignored. (TECH-006)
Error: tsmc_patched.lef line 3534, syntax error. This rule will be ignored. (TECH-006)
Error: tsmc_patched.lef line 3631, syntax error. This rule will be ignored. (TECH-006)
Error: tsmc_patched.lef line 3698, syntax error. This rule will be ignored. (TECH-006)
Error: tsmc_patched.lef line 3768, syntax error. This rule will be ignored. (TECH-006)
Error: tsmc_patched.lef line 3844, syntax error. This rule will be ignored. (TECH-006)
Error: tsmc_patched.lef line 3927, syntax error. This rule will be ignored. (TECH-006)
Error: tsmc_patched.lef line 4013, syntax error. This rule will be ignored. (TECH-006)
Error: tsmc_patched.lef line 4121, syntax error. This rule will be ignored. (TECH-006)
Error: tsmc_patched.lef line 4205, syntax error. This rule will be ignored. (TECH-006)
Error: tsmc_patched.lef line 4283, syntax error. This rule will be ignored. (TECH-006)
Error: tsmc_patched.lef line 4362, syntax error. This rule will be ignored. (TECH-006)
Error: tsmc_patched.lef line 4454, syntax error. This rule will be ignored. (TECH-006)
Error: tsmc_patched.lef line 4565, syntax error. This rule will be ignored. (TECH-006)
Error: tsmc_patched.lef line 4647, syntax error. This rule will be ignored. (TECH-006)
Error: tsmc_patched.lef line 4785, syntax error. This rule will be ignored. (TECH-006)
Error: tsmc_patched.lef line 4874, syntax error. This rule will be ignored. (TECH-006)
Error: tsmc_patched.lef line 4963, syntax error. This rule will be ignored. (TECH-006)
Error: tsmc_patched.lef line 5069, syntax error. This rule will be ignored. (TECH-006)
Error: tsmc_patched.lef line 5191, syntax error. This rule will be ignored. (TECH-006)
Error: tsmc_patched.lef line 5310, syntax error. This rule will be ignored. (TECH-006)
Error: tsmc_patched.lef line 5401, syntax error. This rule will be ignored. (TECH-006)
Error: tsmc_patched.lef line 5441, syntax error. This rule will be ignored. (TECH-006)
Error: tsmc_patched.lef line 5521, syntax error. This rule will be ignored. (TECH-006)
Error: tsmc_patched.lef line 5603, syntax error. This rule will be ignored. (TECH-006)
Error: tsmc_patched.lef line 5689, syntax error. This rule will be ignored. (TECH-006)
Error: tsmc_patched.lef line 5793, syntax error. This rule will be ignored. (TECH-006)
Error: tsmc_patched.lef line 5874, syntax error. This rule will be ignored. (TECH-006)
Error: tsmc_patched.lef line 5967, syntax error. This rule will be ignored. (TECH-006)
Error: tsmc_patched.lef line 6065, syntax error. This rule will be ignored. (TECH-006)
Error: tsmc_patched.lef line 6159, syntax error. This rule will be ignored. (TECH-006)
Error: tsmc_patched.lef line 6273, syntax error. This rule will be ignored. (TECH-006)
Error: tsmc_patched.lef line 6369, syntax error. This rule will be ignored. (TECH-006)
Error: tsmc_patched.lef line 6474, syntax error. This rule will be ignored. (TECH-006)
Error: tsmc_patched.lef line 6577, syntax error. This rule will be ignored. (TECH-006)
Error: tsmc_patched.lef line 6689, syntax error. This rule will be ignored. (TECH-006)
Error: tsmc_patched.lef line 6795, syntax error. This rule will be ignored. (TECH-006)
Error: tsmc_patched.lef line 6893, syntax error. This rule will be ignored. (TECH-006)
Error: tsmc_patched.lef line 6990, syntax error. This rule will be ignored. (TECH-006)
Error: tsmc_patched.lef line 7092, syntax error. This rule will be ignored. (TECH-006)
Error: tsmc_patched.lef line 7190, syntax error. This rule will be ignored. (TECH-006)
Error: tsmc_patched.lef line 7279, syntax error. This rule will be ignored. (TECH-006)
Error: tsmc_patched.lef line 7367, syntax error. This rule will be ignored. (TECH-006)
Error: tsmc_patched.lef line 7456, syntax error. This rule will be ignored. (TECH-006)
Error: tsmc_patched.lef line 7543, syntax error. This rule will be ignored. (TECH-006)
Error: tsmc_patched.lef line 7625, syntax error. This rule will be ignored. (TECH-006)
Error: tsmc_patched.lef line 7707, syntax error. This rule will be ignored. (TECH-006)
Error: tsmc_patched.lef line 7797, syntax error. This rule will be ignored. (TECH-006)
Error: tsmc_patched.lef line 7896, syntax error. This rule will be ignored. (TECH-006)
Error: tsmc_patched.lef line 7978, syntax error. This rule will be ignored. (TECH-006)
Error: tsmc_patched.lef line 8056, syntax error. This rule will be ignored. (TECH-006)
Error: tsmc_patched.lef line 8131, syntax error. This rule will be ignored. (TECH-006)
Error: tsmc_patched.lef line 8219, syntax error. This rule will be ignored. (TECH-006)
Error: tsmc_patched.lef line 8307, syntax error. This rule will be ignored. (TECH-006)
Error: tsmc_patched.lef line 8397, syntax error. This rule will be ignored. (TECH-006)
Error: tsmc_patched.lef line 8498, syntax error. This rule will be ignored. (TECH-006)
Error: tsmc_patched.lef line 8573, syntax error. This rule will be ignored. (TECH-006)
Error: tsmc_patched.lef line 8665, syntax error. This rule will be ignored. (TECH-006)
Error: tsmc_patched.lef line 8762, syntax error. This rule will be ignored. (TECH-006)
Error: tsmc_patched.lef line 8881, syntax error. This rule will be ignored. (TECH-006)
Error: tsmc_patched.lef line 8973, syntax error. This rule will be ignored. (TECH-006)
Error: tsmc_patched.lef line 9077, syntax error. This rule will be ignored. (TECH-006)
Error: tsmc_patched.lef line 9183, syntax error. This rule will be ignored. (TECH-006)
Error: tsmc_patched.lef line 9310, syntax error. This rule will be ignored. (TECH-006)
Error: tsmc_patched.lef line 9417, syntax error. This rule will be ignored. (TECH-006)
Error: tsmc_patched.lef line 9506, syntax error. This rule will be ignored. (TECH-006)
Error: tsmc_patched.lef line 9591, syntax error. This rule will be ignored. (TECH-006)
Error: tsmc_patched.lef line 9690, syntax error. This rule will be ignored. (TECH-006)
Error: tsmc_patched.lef line 9779, syntax error. This rule will be ignored. (TECH-006)
Error: tsmc_patched.lef line 9860, syntax error. This rule will be ignored. (TECH-006)
Error: tsmc_patched.lef line 9940, syntax error. This rule will be ignored. (TECH-006)
Error: tsmc_patched.lef line 10032, syntax error. This rule will be ignored. (TECH-006)
Error: tsmc_patched.lef line 10142, syntax error. This rule will be ignored. (TECH-006)
Error: tsmc_patched.lef line 10222, syntax error. This rule will be ignored. (TECH-006)
Error: tsmc_patched.lef line 10302, syntax error. This rule will be ignored. (TECH-006)
Error: tsmc_patched.lef line 10381, syntax error. This rule will be ignored. (TECH-006)
Error: tsmc_patched.lef line 10471, syntax error. This rule will be ignored. (TECH-006)
Error: tsmc_patched.lef line 10573, syntax error. This rule will be ignored. (TECH-006)
Error: tsmc_patched.lef line 10655, syntax error. This rule will be ignored. (TECH-006)
Error: tsmc_patched.lef line 10744, syntax error. This rule will be ignored. (TECH-006)
Error: tsmc_patched.lef line 10836, syntax error. This rule will be ignored. (TECH-006)
Error: tsmc_patched.lef line 10939, syntax error. This rule will be ignored. (TECH-006)
Error: tsmc_patched.lef line 11065, syntax error. This rule will be ignored. (TECH-006)
Error: tsmc_patched.lef line 11155, syntax error. This rule will be ignored. (TECH-006)
Error: tsmc_patched.lef line 11242, syntax error. This rule will be ignored. (TECH-006)
Error: tsmc_patched.lef line 11327, syntax error. This rule will be ignored. (TECH-006)
Error: tsmc_patched.lef line 11429, syntax error. This rule will be ignored. (TECH-006)
Error: tsmc_patched.lef line 11516, syntax error. This rule will be ignored. (TECH-006)
Error: tsmc_patched.lef line 11619, syntax error. This rule will be ignored. (TECH-006)
Error: tsmc_patched.lef line 11714, syntax error. This rule will be ignored. (TECH-006)
Error: tsmc_patched.lef line 11822, syntax error. This rule will be ignored. (TECH-006)
Error: tsmc_patched.lef line 11924, syntax error. This rule will be ignored. (TECH-006)
Error: tsmc_patched.lef line 12032, syntax error. This rule will be ignored. (TECH-006)
Error: tsmc_patched.lef line 12136, syntax error. This rule will be ignored. (TECH-006)
Error: tsmc_patched.lef line 12253, syntax error. This rule will be ignored. (TECH-006)
Error: tsmc_patched.lef line 12358, syntax error. This rule will be ignored. (TECH-006)
Error: tsmc_patched.lef line 12434, syntax error. This rule will be ignored. (TECH-006)
Error: tsmc_patched.lef line 12514, syntax error. This rule will be ignored. (TECH-006)
Error: tsmc_patched.lef line 12597, syntax error. This rule will be ignored. (TECH-006)
Error: tsmc_patched.lef line 12680, syntax error. This rule will be ignored. (TECH-006)
Error: tsmc_patched.lef line 12771, syntax error. This rule will be ignored. (TECH-006)
Error: tsmc_patched.lef line 12853, syntax error. This rule will be ignored. (TECH-006)
Error: tsmc_patched.lef line 12951, syntax error. This rule will be ignored. (TECH-006)
Error: tsmc_patched.lef line 13013, syntax error. This rule will be ignored. (TECH-006)
Error: tsmc_patched.lef line 13124, syntax error. This rule will be ignored. (TECH-006)
Error: tsmc_patched.lef line 13189, syntax error. This rule will be ignored. (TECH-006)
Error: tsmc_patched.lef line 13252, syntax error. This rule will be ignored. (TECH-006)
Error: tsmc_patched.lef line 13315, syntax error. This rule will be ignored. (TECH-006)
Error: tsmc_patched.lef line 13384, syntax error. This rule will be ignored. (TECH-006)
Error: tsmc_patched.lef line 13458, syntax error. This rule will be ignored. (TECH-006)
Error: tsmc_patched.lef line 13537, syntax error. This rule will be ignored. (TECH-006)
Error: tsmc_patched.lef line 13634, syntax error. This rule will be ignored. (TECH-006)
Error: tsmc_patched.lef line 13701, syntax error. This rule will be ignored. (TECH-006)
Error: tsmc_patched.lef line 13775, syntax error. This rule will be ignored. (TECH-006)
Error: tsmc_patched.lef line 13849, syntax error. This rule will be ignored. (TECH-006)
Error: tsmc_patched.lef line 13926, syntax error. This rule will be ignored. (TECH-006)
Error: tsmc_patched.lef line 14009, syntax error. This rule will be ignored. (TECH-006)
Error: tsmc_patched.lef line 14086, syntax error. This rule will be ignored. (TECH-006)
Error: tsmc_patched.lef line 14163, syntax error. This rule will be ignored. (TECH-006)
Error: tsmc_patched.lef line 14225, syntax error. This rule will be ignored. (TECH-006)
Error: tsmc_patched.lef line 14308, syntax error. This rule will be ignored. (TECH-006)
Error: tsmc_patched.lef line 14383, syntax error. This rule will be ignored. (TECH-006)
Error: tsmc_patched.lef line 14444, syntax error. This rule will be ignored. (TECH-006)
Error: tsmc_patched.lef line 14542, syntax error. This rule will be ignored. (TECH-006)
Error: tsmc_patched.lef line 14605, syntax error. This rule will be ignored. (TECH-006)
Error: tsmc_patched.lef line 14693, syntax error. This rule will be ignored. (TECH-006)
Error: tsmc_patched.lef line 14755, syntax error. This rule will be ignored. (TECH-006)
Error: tsmc_patched.lef line 14820, syntax error. This rule will be ignored. (TECH-006)
Error: tsmc_patched.lef line 14893, syntax error. This rule will be ignored. (TECH-006)
Error: tsmc_patched.lef line 14953, syntax error. This rule will be ignored. (TECH-006)
Error: tsmc_patched.lef line 15020, syntax error. This rule will be ignored. (TECH-006)
Error: tsmc_patched.lef line 15073, syntax error. This rule will be ignored. (TECH-006)
Error: tsmc_patched.lef line 15134, syntax error. This rule will be ignored. (TECH-006)
Error: tsmc_patched.lef line 15209, syntax error. This rule will be ignored. (TECH-006)
Error: tsmc_patched.lef line 15260, syntax error. This rule will be ignored. (TECH-006)
Error: tsmc_patched.lef line 15342, syntax error. This rule will be ignored. (TECH-006)
Error: tsmc_patched.lef line 15396, syntax error. This rule will be ignored. (TECH-006)
Error: tsmc_patched.lef line 15490, syntax error. This rule will be ignored. (TECH-006)
Error: tsmc_patched.lef line 15543, syntax error. This rule will be ignored. (TECH-006)
Error: tsmc_patched.lef line 15600, syntax error. This rule will be ignored. (TECH-006)
Error: tsmc_patched.lef line 15654, syntax error. This rule will be ignored. (TECH-006)
Error: tsmc_patched.lef line 15763, syntax error. This rule will be ignored. (TECH-006)
Error: tsmc_patched.lef line 15883, syntax error. This rule will be ignored. (TECH-006)
Error: tsmc_patched.lef line 15984, syntax error. This rule will be ignored. (TECH-006)
Error: tsmc_patched.lef line 16087, syntax error. This rule will be ignored. (TECH-006)
Error: tsmc_patched.lef line 16189, syntax error. This rule will be ignored. (TECH-006)
Error: tsmc_patched.lef line 16299, syntax error. This rule will be ignored. (TECH-006)
Error: tsmc_patched.lef line 16406, syntax error. This rule will be ignored. (TECH-006)
Error: tsmc_patched.lef line 16495, syntax error. This rule will be ignored. (TECH-006)
Error: tsmc_patched.lef line 16588, syntax error. This rule will be ignored. (TECH-006)
Error: tsmc_patched.lef line 16654, syntax error. This rule will be ignored. (TECH-006)
Error: tsmc_patched.lef line 16721, syntax error. This rule will be ignored. (TECH-006)
Error: tsmc_patched.lef line 16801, syntax error. This rule will be ignored. (TECH-006)
Error: tsmc_patched.lef line 16946, syntax error. This rule will be ignored. (TECH-006)
Error: tsmc_patched.lef line 17104, syntax error. This rule will be ignored. (TECH-006)
Error: tsmc_patched.lef line 17195, syntax error. This rule will be ignored. (TECH-006)
Error: tsmc_patched.lef line 17309, syntax error. This rule will be ignored. (TECH-006)
Error: tsmc_patched.lef line 17429, syntax error. This rule will be ignored. (TECH-006)
Error: tsmc_patched.lef line 17569, syntax error. This rule will be ignored. (TECH-006)
Error: tsmc_patched.lef line 17705, syntax error. This rule will be ignored. (TECH-006)
Error: tsmc_patched.lef line 17849, syntax error. This rule will be ignored. (TECH-006)
Error: tsmc_patched.lef line 17992, syntax error. This rule will be ignored. (TECH-006)
Error: tsmc_patched.lef line 18125, syntax error. This rule will be ignored. (TECH-006)
Error: tsmc_patched.lef line 18268, syntax error. This rule will be ignored. (TECH-006)
Error: tsmc_patched.lef line 18418, syntax error. This rule will be ignored. (TECH-006)
Error: tsmc_patched.lef line 18576, syntax error. This rule will be ignored. (TECH-006)
Error: tsmc_patched.lef line 18733, syntax error. This rule will be ignored. (TECH-006)
Error: tsmc_patched.lef line 18894, syntax error. This rule will be ignored. (TECH-006)
Error: tsmc_patched.lef line 19048, syntax error. This rule will be ignored. (TECH-006)
Error: tsmc_patched.lef line 19202, syntax error. This rule will be ignored. (TECH-006)
Error: tsmc_patched.lef line 19357, syntax error. This rule will be ignored. (TECH-006)
Error: tsmc_patched.lef line 19515, syntax error. This rule will be ignored. (TECH-006)
Error: tsmc_patched.lef line 19689, syntax error. This rule will be ignored. (TECH-006)
Error: tsmc_patched.lef line 19873, syntax error. This rule will be ignored. (TECH-006)
Error: tsmc_patched.lef line 20051, syntax error. This rule will be ignored. (TECH-006)
Error: tsmc_patched.lef line 20231, syntax error. This rule will be ignored. (TECH-006)
Error: tsmc_patched.lef line 20418, syntax error. This rule will be ignored. (TECH-006)
Error: tsmc_patched.lef line 20615, syntax error. This rule will be ignored. (TECH-006)
Error: tsmc_patched.lef line 20742, syntax error. This rule will be ignored. (TECH-006)
Error: tsmc_patched.lef line 20868, syntax error. This rule will be ignored. (TECH-006)
Error: tsmc_patched.lef line 20994, syntax error. This rule will be ignored. (TECH-006)
Error: tsmc_patched.lef line 21113, syntax error. This rule will be ignored. (TECH-006)
Error: tsmc_patched.lef line 21231, syntax error. This rule will be ignored. (TECH-006)
Error: tsmc_patched.lef line 21346, syntax error. This rule will be ignored. (TECH-006)
Error: tsmc_patched.lef line 21506, syntax error. This rule will be ignored. (TECH-006)
Error: tsmc_patched.lef line 21665, syntax error. This rule will be ignored. (TECH-006)
Error: tsmc_patched.lef line 21831, syntax error. This rule will be ignored. (TECH-006)
Error: tsmc_patched.lef line 21999, syntax error. This rule will be ignored. (TECH-006)
Error: tsmc_patched.lef line 22142, syntax error. This rule will be ignored. (TECH-006)
Error: tsmc_patched.lef line 22282, syntax error. This rule will be ignored. (TECH-006)
Error: tsmc_patched.lef line 22427, syntax error. This rule will be ignored. (TECH-006)
Error: tsmc_patched.lef line 22573, syntax error. This rule will be ignored. (TECH-006)
Error: tsmc_patched.lef line 22711, syntax error. This rule will be ignored. (TECH-006)
Error: tsmc_patched.lef line 22858, syntax error. This rule will be ignored. (TECH-006)
Error: tsmc_patched.lef line 23011, syntax error. This rule will be ignored. (TECH-006)
Error: tsmc_patched.lef line 23166, syntax error. This rule will be ignored. (TECH-006)
Error: tsmc_patched.lef line 23327, syntax error. This rule will be ignored. (TECH-006)
Error: tsmc_patched.lef line 23490, syntax error. This rule will be ignored. (TECH-006)
Error: tsmc_patched.lef line 23633, syntax error. This rule will be ignored. (TECH-006)
Error: tsmc_patched.lef line 23774, syntax error. This rule will be ignored. (TECH-006)
Error: tsmc_patched.lef line 23918, syntax error. This rule will be ignored. (TECH-006)
Error: tsmc_patched.lef line 24087, syntax error. This rule will be ignored. (TECH-006)
Error: tsmc_patched.lef line 24256, syntax error. This rule will be ignored. (TECH-006)
Error: tsmc_patched.lef line 24428, syntax error. This rule will be ignored. (TECH-006)
Error: tsmc_patched.lef line 24605, syntax error. This rule will be ignored. (TECH-006)
Error: tsmc_patched.lef line 24775, syntax error. This rule will be ignored. (TECH-006)
Error: tsmc_patched.lef line 24941, syntax error. This rule will be ignored. (TECH-006)
Error: tsmc_patched.lef line 25118, syntax error. This rule will be ignored. (TECH-006)
Error: tsmc_patched.lef line 25269, syntax error. This rule will be ignored. (TECH-006)
Error: tsmc_patched.lef line 25420, syntax error. This rule will be ignored. (TECH-006)
Error: tsmc_patched.lef line 25584, syntax error. This rule will be ignored. (TECH-006)
Error: tsmc_patched.lef line 25726, syntax error. This rule will be ignored. (TECH-006)
Error: tsmc_patched.lef line 25868, syntax error. This rule will be ignored. (TECH-006)
Error: tsmc_patched.lef line 26034, syntax error. This rule will be ignored. (TECH-006)
Error: tsmc_patched.lef line 26164, syntax error. This rule will be ignored. (TECH-006)
Error: tsmc_patched.lef line 26294, syntax error. This rule will be ignored. (TECH-006)
Error: tsmc_patched.lef line 26429, syntax error. This rule will be ignored. (TECH-006)
Error: tsmc_patched.lef line 26498, syntax error. This rule will be ignored. (TECH-006)
Error: tsmc_patched.lef line 26572, syntax error. This rule will be ignored. (TECH-006)
Error: tsmc_patched.lef line 26641, syntax error. This rule will be ignored. (TECH-006)
Error: tsmc_patched.lef line 26715, syntax error. This rule will be ignored. (TECH-006)
Error: tsmc_patched.lef line 26784, syntax error. This rule will be ignored. (TECH-006)
Error: tsmc_patched.lef line 26858, syntax error. This rule will be ignored. (TECH-006)
Error: tsmc_patched.lef line 26927, syntax error. This rule will be ignored. (TECH-006)
Error: tsmc_patched.lef line 27001, syntax error. This rule will be ignored. (TECH-006)
Error: tsmc_patched.lef line 27172, syntax error. This rule will be ignored. (TECH-006)
Error: tsmc_patched.lef line 27340, syntax error. This rule will be ignored. (TECH-006)
Error: tsmc_patched.lef line 27514, syntax error. This rule will be ignored. (TECH-006)
Error: tsmc_patched.lef line 27691, syntax error. This rule will be ignored. (TECH-006)
Error: tsmc_patched.lef line 27853, syntax error. This rule will be ignored. (TECH-006)
Error: tsmc_patched.lef line 28009, syntax error. This rule will be ignored. (TECH-006)
Error: tsmc_patched.lef line 28182, syntax error. This rule will be ignored. (TECH-006)
Error: tsmc_patched.lef line 28344, syntax error. This rule will be ignored. (TECH-006)
Error: tsmc_patched.lef line 28508, syntax error. This rule will be ignored. (TECH-006)
Error: tsmc_patched.lef line 28670, syntax error. This rule will be ignored. (TECH-006)
Error: tsmc_patched.lef line 28697, syntax error. This rule will be ignored. (TECH-006)
Error: tsmc_patched.lef line 28724, syntax error. This rule will be ignored. (TECH-006)
Error: tsmc_patched.lef line 28751, syntax error. This rule will be ignored. (TECH-006)
Error: tsmc_patched.lef line 28778, syntax error. This rule will be ignored. (TECH-006)
Error: tsmc_patched.lef line 28805, syntax error. This rule will be ignored. (TECH-006)
Error: tsmc_patched.lef line 28832, syntax error. This rule will be ignored. (TECH-006)
Error: tsmc_patched.lef line 28859, syntax error. This rule will be ignored. (TECH-006)
Error: tsmc_patched.lef line 28898, syntax error. This rule will be ignored. (TECH-006)
Error: tsmc_patched.lef line 28937, syntax error. This rule will be ignored. (TECH-006)
Error: tsmc_patched.lef line 28976, syntax error. This rule will be ignored. (TECH-006)
Error: tsmc_patched.lef line 29015, syntax error. This rule will be ignored. (TECH-006)
Error: tsmc_patched.lef line 29054, syntax error. This rule will be ignored. (TECH-006)
Error: tsmc_patched.lef line 29085, syntax error. This rule will be ignored. (TECH-006)
Error: tsmc_patched.lef line 29139, syntax error. This rule will be ignored. (TECH-006)
Error: tsmc_patched.lef line 29201, syntax error. This rule will be ignored. (TECH-006)
Error: tsmc_patched.lef line 29266, syntax error. This rule will be ignored. (TECH-006)
Error: tsmc_patched.lef line 29334, syntax error. This rule will be ignored. (TECH-006)
Error: tsmc_patched.lef line 29402, syntax error. This rule will be ignored. (TECH-006)
Error: tsmc_patched.lef line 29465, syntax error. This rule will be ignored. (TECH-006)
Error: tsmc_patched.lef line 29516, syntax error. This rule will be ignored. (TECH-006)
Error: tsmc_patched.lef line 29599, syntax error. This rule will be ignored. (TECH-006)
Error: tsmc_patched.lef line 29678, syntax error. This rule will be ignored. (TECH-006)
Error: tsmc_patched.lef line 29728, syntax error. This rule will be ignored. (TECH-006)
Error: tsmc_patched.lef line 29819, syntax error. This rule will be ignored. (TECH-006)
Error: tsmc_patched.lef line 29874, syntax error. This rule will be ignored. (TECH-006)
Error: tsmc_patched.lef line 29929, syntax error. This rule will be ignored. (TECH-006)
Error: tsmc_patched.lef line 29988, syntax error. This rule will be ignored. (TECH-006)
Error: tsmc_patched.lef line 30045, syntax error. This rule will be ignored. (TECH-006)
Error: tsmc_patched.lef line 30098, syntax error. This rule will be ignored. (TECH-006)
Error: tsmc_patched.lef line 30147, syntax error. This rule will be ignored. (TECH-006)
Error: tsmc_patched.lef line 30329, syntax error. This rule will be ignored. (TECH-006)
Error: tsmc_patched.lef line 30506, syntax error. This rule will be ignored. (TECH-006)
Error: tsmc_patched.lef line 30695, syntax error. This rule will be ignored. (TECH-006)
Error: tsmc_patched.lef line 30884, syntax error. This rule will be ignored. (TECH-006)
Error: tsmc_patched.lef line 30999, syntax error. This rule will be ignored. (TECH-006)
Error: tsmc_patched.lef line 31095, syntax error. This rule will be ignored. (TECH-006)
Error: tsmc_patched.lef line 31192, syntax error. This rule will be ignored. (TECH-006)
Error: tsmc_patched.lef line 31291, syntax error. This rule will be ignored. (TECH-006)
Error: tsmc_patched.lef line 31394, syntax error. This rule will be ignored. (TECH-006)
Error: tsmc_patched.lef line 31499, syntax error. This rule will be ignored. (TECH-006)
Error: tsmc_patched.lef line 31611, syntax error. This rule will be ignored. (TECH-006)
Error: tsmc_patched.lef line 31711, syntax error. This rule will be ignored. (TECH-006)
Error: tsmc_patched.lef line 31842, syntax error. This rule will be ignored. (TECH-006)
Error: tsmc_patched.lef line 31970, syntax error. This rule will be ignored. (TECH-006)
Error: tsmc_patched.lef line 32106, syntax error. This rule will be ignored. (TECH-006)
Error: tsmc_patched.lef line 32247, syntax error. This rule will be ignored. (TECH-006)
Error: tsmc_patched.lef line 32376, syntax error. This rule will be ignored. (TECH-006)
Error: tsmc_patched.lef line 32534, syntax error. This rule will be ignored. (TECH-006)
Error: tsmc_patched.lef line 32701, syntax error. This rule will be ignored. (TECH-006)
Error: tsmc_patched.lef line 32873, syntax error. This rule will be ignored. (TECH-006)
Error: tsmc_patched.lef line 33050, syntax error. This rule will be ignored. (TECH-006)
Error: tsmc_patched.lef line 33211, syntax error. This rule will be ignored. (TECH-006)
Error: tsmc_patched.lef line 33307, syntax error. This rule will be ignored. (TECH-006)
Error: tsmc_patched.lef line 33405, syntax error. This rule will be ignored. (TECH-006)
Error: tsmc_patched.lef line 33508, syntax error. This rule will be ignored. (TECH-006)
Error: tsmc_patched.lef line 33638, syntax error. This rule will be ignored. (TECH-006)
Error: tsmc_patched.lef line 33731, syntax error. This rule will be ignored. (TECH-006)
Error: tsmc_patched.lef line 33866, syntax error. This rule will be ignored. (TECH-006)
Error: tsmc_patched.lef line 33957, syntax error. This rule will be ignored. (TECH-006)
Error: tsmc_patched.lef line 34047, syntax error. This rule will be ignored. (TECH-006)
Error: tsmc_patched.lef line 34143, syntax error. This rule will be ignored. (TECH-006)
Error: tsmc_patched.lef line 34247, syntax error. This rule will be ignored. (TECH-006)
Error: tsmc_patched.lef line 34362, syntax error. This rule will be ignored. (TECH-006)
Error: tsmc_patched.lef line 34482, syntax error. This rule will be ignored. (TECH-006)
Error: tsmc_patched.lef line 34573, syntax error. This rule will be ignored. (TECH-006)
Error: tsmc_patched.lef line 34713, syntax error. This rule will be ignored. (TECH-006)
Error: tsmc_patched.lef line 34868, syntax error. This rule will be ignored. (TECH-006)
Error: tsmc_patched.lef line 35025, syntax error. This rule will be ignored. (TECH-006)
Error: tsmc_patched.lef line 35189, syntax error. This rule will be ignored. (TECH-006)
Error: tsmc_patched.lef line 35319, syntax error. This rule will be ignored. (TECH-006)
Error: tsmc_patched.lef line 35483, syntax error. This rule will be ignored. (TECH-006)
Error: tsmc_patched.lef line 35636, syntax error. This rule will be ignored. (TECH-006)
Error: tsmc_patched.lef line 35797, syntax error. This rule will be ignored. (TECH-006)
Error: tsmc_patched.lef line 35963, syntax error. This rule will be ignored. (TECH-006)
Error: tsmc_patched.lef line 36132, syntax error. This rule will be ignored. (TECH-006)
Error: tsmc_patched.lef line 36227, syntax error. This rule will be ignored. (TECH-006)
Error: tsmc_patched.lef line 36299, syntax error. This rule will be ignored. (TECH-006)
Error: tsmc_patched.lef line 36367, syntax error. This rule will be ignored. (TECH-006)
Error: tsmc_patched.lef line 36447, syntax error. This rule will be ignored. (TECH-006)
Error: tsmc_patched.lef line 36538, syntax error. This rule will be ignored. (TECH-006)
Error: tsmc_patched.lef line 36609, syntax error. This rule will be ignored. (TECH-006)
Error: tsmc_patched.lef line 36699, syntax error. This rule will be ignored. (TECH-006)
Error: tsmc_patched.lef line 36764, syntax error. This rule will be ignored. (TECH-006)
Error: tsmc_patched.lef line 36825, syntax error. This rule will be ignored. (TECH-006)
Error: tsmc_patched.lef line 36891, syntax error. This rule will be ignored. (TECH-006)
Error: tsmc_patched.lef line 36959, syntax error. This rule will be ignored. (TECH-006)
Error: tsmc_patched.lef line 37038, syntax error. This rule will be ignored. (TECH-006)
Error: tsmc_patched.lef line 37117, syntax error. This rule will be ignored. (TECH-006)
Error: tsmc_patched.lef line 37196, syntax error. This rule will be ignored. (TECH-006)
Error: tsmc_patched.lef line 37258, syntax error. This rule will be ignored. (TECH-006)
Error: tsmc_patched.lef line 37336, syntax error. This rule will be ignored. (TECH-006)
Error: tsmc_patched.lef line 37412, syntax error. This rule will be ignored. (TECH-006)
Error: tsmc_patched.lef line 37503, syntax error. This rule will be ignored. (TECH-006)
Error: tsmc_patched.lef line 37580, syntax error. This rule will be ignored. (TECH-006)
Error: tsmc_patched.lef line 37687, syntax error. This rule will be ignored. (TECH-006)
Error: tsmc_patched.lef line 37758, syntax error. This rule will be ignored. (TECH-006)
Error: tsmc_patched.lef line 37825, syntax error. This rule will be ignored. (TECH-006)
Error: tsmc_patched.lef line 37903, syntax error. This rule will be ignored. (TECH-006)
Error: tsmc_patched.lef line 37983, syntax error. This rule will be ignored. (TECH-006)
Error: tsmc_patched.lef line 38066, syntax error. This rule will be ignored. (TECH-006)
Error: tsmc_patched.lef line 38153, syntax error. This rule will be ignored. (TECH-006)
Error: tsmc_patched.lef line 38224, syntax error. This rule will be ignored. (TECH-006)
Error: tsmc_patched.lef line 38322, syntax error. This rule will be ignored. (TECH-006)
Error: tsmc_patched.lef line 38420, syntax error. This rule will be ignored. (TECH-006)
Error: tsmc_patched.lef line 38540, syntax error. This rule will be ignored. (TECH-006)
Error: tsmc_patched.lef line 38639, syntax error. This rule will be ignored. (TECH-006)
Error: tsmc_patched.lef line 38728, syntax error. This rule will be ignored. (TECH-006)
Error: tsmc_patched.lef line 38819, syntax error. This rule will be ignored. (TECH-006)
Error: tsmc_patched.lef line 38930, syntax error. This rule will be ignored. (TECH-006)
Error: tsmc_patched.lef line 39019, syntax error. This rule will be ignored. (TECH-006)
Error: tsmc_patched.lef line 39153, syntax error. This rule will be ignored. (TECH-006)
Error: tsmc_patched.lef line 39234, syntax error. This rule will be ignored. (TECH-006)
Error: tsmc_patched.lef line 39313, syntax error. This rule will be ignored. (TECH-006)
Error: tsmc_patched.lef line 39411, syntax error. This rule will be ignored. (TECH-006)
Error: tsmc_patched.lef line 39532, syntax error. This rule will be ignored. (TECH-006)
Error: tsmc_patched.lef line 39667, syntax error. This rule will be ignored. (TECH-006)
Error: tsmc_patched.lef line 39747, syntax error. This rule will be ignored. (TECH-006)
Error: tsmc_patched.lef line 39842, syntax error. This rule will be ignored. (TECH-006)
Error: tsmc_patched.lef line 39914, syntax error. This rule will be ignored. (TECH-006)
Error: tsmc_patched.lef line 39981, syntax error. This rule will be ignored. (TECH-006)
Error: tsmc_patched.lef line 40059, syntax error. This rule will be ignored. (TECH-006)
Error: tsmc_patched.lef line 40149, syntax error. This rule will be ignored. (TECH-006)
Error: tsmc_patched.lef line 40216, syntax error. This rule will be ignored. (TECH-006)
Error: tsmc_patched.lef line 40303, syntax error. This rule will be ignored. (TECH-006)
Error: tsmc_patched.lef line 40364, syntax error. This rule will be ignored. (TECH-006)
Error: tsmc_patched.lef line 40424, syntax error. This rule will be ignored. (TECH-006)
Error: tsmc_patched.lef line 40489, syntax error. This rule will be ignored. (TECH-006)
Error: tsmc_patched.lef line 40554, syntax error. This rule will be ignored. (TECH-006)
Error: tsmc_patched.lef line 40630, syntax error. This rule will be ignored. (TECH-006)
Error: tsmc_patched.lef line 40705, syntax error. This rule will be ignored. (TECH-006)
Error: tsmc_patched.lef line 40783, syntax error. This rule will be ignored. (TECH-006)
Error: tsmc_patched.lef line 40843, syntax error. This rule will be ignored. (TECH-006)
Error: tsmc_patched.lef line 40923, syntax error. This rule will be ignored. (TECH-006)
Error: tsmc_patched.lef line 41000, syntax error. This rule will be ignored. (TECH-006)
Error: tsmc_patched.lef line 41089, syntax error. This rule will be ignored. (TECH-006)
Error: tsmc_patched.lef line 41168, syntax error. This rule will be ignored. (TECH-006)
Error: tsmc_patched.lef line 41293, syntax error. This rule will be ignored. (TECH-006)
Error: tsmc_patched.lef line 41364, syntax error. This rule will be ignored. (TECH-006)
Error: tsmc_patched.lef line 41432, syntax error. This rule will be ignored. (TECH-006)
Error: tsmc_patched.lef line 41514, syntax error. This rule will be ignored. (TECH-006)
Error: tsmc_patched.lef line 41602, syntax error. This rule will be ignored. (TECH-006)
Error: tsmc_patched.lef line 41709, syntax error. This rule will be ignored. (TECH-006)
Error: tsmc_patched.lef line 41776, syntax error. This rule will be ignored. (TECH-006)
Error: tsmc_patched.lef line 41870, syntax error. This rule will be ignored. (TECH-006)
Error: tsmc_patched.lef line 41977, syntax error. This rule will be ignored. (TECH-006)
Error: tsmc_patched.lef line 42095, syntax error. This rule will be ignored. (TECH-006)
Error: tsmc_patched.lef line 42188, syntax error. This rule will be ignored. (TECH-006)
Error: tsmc_patched.lef line 42277, syntax error. This rule will be ignored. (TECH-006)
Error: tsmc_patched.lef line 42380, syntax error. This rule will be ignored. (TECH-006)
Error: tsmc_patched.lef line 42490, syntax error. This rule will be ignored. (TECH-006)
Error: tsmc_patched.lef line 42579, syntax error. This rule will be ignored. (TECH-006)
Error: tsmc_patched.lef line 42724, syntax error. This rule will be ignored. (TECH-006)
Error: tsmc_patched.lef line 42807, syntax error. This rule will be ignored. (TECH-006)
Error: tsmc_patched.lef line 42900, syntax error. This rule will be ignored. (TECH-006)
Error: tsmc_patched.lef line 43000, syntax error. This rule will be ignored. (TECH-006)
Error: tsmc_patched.lef line 43125, syntax error. This rule will be ignored. (TECH-006)
Error: tsmc_patched.lef line 43247, syntax error. This rule will be ignored. (TECH-006)
Error: tsmc_patched.lef line 43331, syntax error. This rule will be ignored. (TECH-006)
Error: tsmc_patched.lef line 43418, syntax error. This rule will be ignored. (TECH-006)
Error: tsmc_patched.lef line 43503, syntax error. This rule will be ignored. (TECH-006)
Error: tsmc_patched.lef line 43590, syntax error. This rule will be ignored. (TECH-006)
Error: tsmc_patched.lef line 43693, syntax error. This rule will be ignored. (TECH-006)
Error: tsmc_patched.lef line 43780, syntax error. This rule will be ignored. (TECH-006)
Error: tsmc_patched.lef line 43873, syntax error. This rule will be ignored. (TECH-006)
Error: tsmc_patched.lef line 43961, syntax error. This rule will be ignored. (TECH-006)
Error: tsmc_patched.lef line 44051, syntax error. This rule will be ignored. (TECH-006)
Error: tsmc_patched.lef line 44161, syntax error. This rule will be ignored. (TECH-006)
Error: tsmc_patched.lef line 44252, syntax error. This rule will be ignored. (TECH-006)
Error: tsmc_patched.lef line 44340, syntax error. This rule will be ignored. (TECH-006)
Error: tsmc_patched.lef line 44423, syntax error. This rule will be ignored. (TECH-006)
Error: tsmc_patched.lef line 44517, syntax error. This rule will be ignored. (TECH-006)
Error: tsmc_patched.lef line 44631, syntax error. This rule will be ignored. (TECH-006)
Error: tsmc_patched.lef line 44716, syntax error. This rule will be ignored. (TECH-006)
Error: tsmc_patched.lef line 44796, syntax error. This rule will be ignored. (TECH-006)
Error: tsmc_patched.lef line 44879, syntax error. This rule will be ignored. (TECH-006)
Error: tsmc_patched.lef line 44971, syntax error. This rule will be ignored. (TECH-006)
Error: tsmc_patched.lef line 45081, syntax error. This rule will be ignored. (TECH-006)
Error: tsmc_patched.lef line 45166, syntax error. This rule will be ignored. (TECH-006)
Error: tsmc_patched.lef line 45239, syntax error. This rule will be ignored. (TECH-006)
Error: tsmc_patched.lef line 45313, syntax error. This rule will be ignored. (TECH-006)
Error: tsmc_patched.lef line 45399, syntax error. This rule will be ignored. (TECH-006)
Error: tsmc_patched.lef line 45486, syntax error. This rule will be ignored. (TECH-006)
Error: tsmc_patched.lef line 45581, syntax error. This rule will be ignored. (TECH-006)
Error: tsmc_patched.lef line 45682, syntax error. This rule will be ignored. (TECH-006)
Error: tsmc_patched.lef line 45762, syntax error. This rule will be ignored. (TECH-006)
Error: tsmc_patched.lef line 45854, syntax error. This rule will be ignored. (TECH-006)
Error: tsmc_patched.lef line 45950, syntax error. This rule will be ignored. (TECH-006)
Error: tsmc_patched.lef line 46061, syntax error. This rule will be ignored. (TECH-006)
Error: tsmc_patched.lef line 46152, syntax error. This rule will be ignored. (TECH-006)
Error: tsmc_patched.lef line 46252, syntax error. This rule will be ignored. (TECH-006)
Error: tsmc_patched.lef line 46358, syntax error. This rule will be ignored. (TECH-006)
Error: tsmc_patched.lef line 46483, syntax error. This rule will be ignored. (TECH-006)
Error: tsmc_patched.lef line 46584, syntax error. This rule will be ignored. (TECH-006)
Error: tsmc_patched.lef line 46674, syntax error. This rule will be ignored. (TECH-006)
Error: tsmc_patched.lef line 46758, syntax error. This rule will be ignored. (TECH-006)
Error: tsmc_patched.lef line 46856, syntax error. This rule will be ignored. (TECH-006)
Error: tsmc_patched.lef line 46975, syntax error. This rule will be ignored. (TECH-006)
Error: tsmc_patched.lef line 47067, syntax error. This rule will be ignored. (TECH-006)
Error: tsmc_patched.lef line 47157, syntax error. This rule will be ignored. (TECH-006)
Error: tsmc_patched.lef line 47252, syntax error. This rule will be ignored. (TECH-006)
Error: tsmc_patched.lef line 47359, syntax error. This rule will be ignored. (TECH-006)
Error: tsmc_patched.lef line 47447, syntax error. This rule will be ignored. (TECH-006)
Error: tsmc_patched.lef line 47526, syntax error. This rule will be ignored. (TECH-006)
Error: tsmc_patched.lef line 47605, syntax error. This rule will be ignored. (TECH-006)
Error: tsmc_patched.lef line 47700, syntax error. This rule will be ignored. (TECH-006)
Error: tsmc_patched.lef line 47810, syntax error. This rule will be ignored. (TECH-006)
Error: tsmc_patched.lef line 47890, syntax error. This rule will be ignored. (TECH-006)
Error: tsmc_patched.lef line 47980, syntax error. This rule will be ignored. (TECH-006)
Error: tsmc_patched.lef line 48075, syntax error. This rule will be ignored. (TECH-006)
Error: tsmc_patched.lef line 48182, syntax error. This rule will be ignored. (TECH-006)
Error: tsmc_patched.lef line 48300, syntax error. This rule will be ignored. (TECH-006)
Error: tsmc_patched.lef line 48390, syntax error. This rule will be ignored. (TECH-006)
Error: tsmc_patched.lef line 48468, syntax error. This rule will be ignored. (TECH-006)
Error: tsmc_patched.lef line 48545, syntax error. This rule will be ignored. (TECH-006)
Error: tsmc_patched.lef line 48636, syntax error. This rule will be ignored. (TECH-006)
Error: tsmc_patched.lef line 48713, syntax error. This rule will be ignored. (TECH-006)
Error: tsmc_patched.lef line 48809, syntax error. This rule will be ignored. (TECH-006)
Error: tsmc_patched.lef line 48898, syntax error. This rule will be ignored. (TECH-006)
Error: tsmc_patched.lef line 49004, syntax error. This rule will be ignored. (TECH-006)
Error: tsmc_patched.lef line 49137, syntax error. This rule will be ignored. (TECH-006)
Error: tsmc_patched.lef line 49231, syntax error. This rule will be ignored. (TECH-006)
Error: tsmc_patched.lef line 49314, syntax error. This rule will be ignored. (TECH-006)
Error: tsmc_patched.lef line 49400, syntax error. This rule will be ignored. (TECH-006)
Error: tsmc_patched.lef line 49502, syntax error. This rule will be ignored. (TECH-006)
Error: tsmc_patched.lef line 49591, syntax error. This rule will be ignored. (TECH-006)
Error: tsmc_patched.lef line 49689, syntax error. This rule will be ignored. (TECH-006)
Error: tsmc_patched.lef line 49789, syntax error. This rule will be ignored. (TECH-006)
Error: tsmc_patched.lef line 49904, syntax error. This rule will be ignored. (TECH-006)
Error: tsmc_patched.lef line 49997, syntax error. This rule will be ignored. (TECH-006)
Error: tsmc_patched.lef line 50104, syntax error. This rule will be ignored. (TECH-006)
Error: tsmc_patched.lef line 50212, syntax error. This rule will be ignored. (TECH-006)
Error: tsmc_patched.lef line 50328, syntax error. This rule will be ignored. (TECH-006)
Error: tsmc_patched.lef line 50439, syntax error. This rule will be ignored. (TECH-006)
Error: tsmc_patched.lef line 50540, syntax error. This rule will be ignored. (TECH-006)
Error: tsmc_patched.lef line 50610, syntax error. This rule will be ignored. (TECH-006)
Error: tsmc_patched.lef line 50680, syntax error. This rule will be ignored. (TECH-006)
Error: tsmc_patched.lef line 50753, syntax error. This rule will be ignored. (TECH-006)
Error: tsmc_patched.lef line 50841, syntax error. This rule will be ignored. (TECH-006)
Error: tsmc_patched.lef line 50929, syntax error. This rule will be ignored. (TECH-006)
Error: tsmc_patched.lef line 51054, syntax error. This rule will be ignored. (TECH-006)
Error: tsmc_patched.lef line 51134, syntax error. This rule will be ignored. (TECH-006)
Error: tsmc_patched.lef line 51209, syntax error. This rule will be ignored. (TECH-006)
Error: tsmc_patched.lef line 51296, syntax error. This rule will be ignored. (TECH-006)
Error: tsmc_patched.lef line 51386, syntax error. This rule will be ignored. (TECH-006)
Error: tsmc_patched.lef line 51491, syntax error. This rule will be ignored. (TECH-006)
Error: tsmc_patched.lef line 51663, syntax error. This rule will be ignored. (TECH-006)
Error: tsmc_patched.lef line 51749, syntax error. This rule will be ignored. (TECH-006)
Error: tsmc_patched.lef line 51839, syntax error. This rule will be ignored. (TECH-006)
Error: tsmc_patched.lef line 51962, syntax error. This rule will be ignored. (TECH-006)
Error: tsmc_patched.lef line 52090, syntax error. This rule will be ignored. (TECH-006)
Error: tsmc_patched.lef line 52249, syntax error. This rule will be ignored. (TECH-006)
Error: tsmc_patched.lef line 52434, syntax error. This rule will be ignored. (TECH-006)
Error: tsmc_patched.lef line 52615, syntax error. This rule will be ignored. (TECH-006)
Error: tsmc_patched.lef line 52796, syntax error. This rule will be ignored. (TECH-006)
Error: tsmc_patched.lef line 52984, syntax error. This rule will be ignored. (TECH-006)
Error: tsmc_patched.lef line 53158, syntax error. This rule will be ignored. (TECH-006)
Error: tsmc_patched.lef line 53347, syntax error. This rule will be ignored. (TECH-006)
Error: tsmc_patched.lef line 53520, syntax error. This rule will be ignored. (TECH-006)
Error: tsmc_patched.lef line 53701, syntax error. This rule will be ignored. (TECH-006)
Error: tsmc_patched.lef line 53892, syntax error. This rule will be ignored. (TECH-006)
Error: tsmc_patched.lef line 54077, syntax error. This rule will be ignored. (TECH-006)
Error: tsmc_patched.lef line 54262, syntax error. This rule will be ignored. (TECH-006)
Error: tsmc_patched.lef line 54445, syntax error. This rule will be ignored. (TECH-006)
Error: tsmc_patched.lef line 54636, syntax error. This rule will be ignored. (TECH-006)
Error: tsmc_patched.lef line 54829, syntax error. This rule will be ignored. (TECH-006)
Error: tsmc_patched.lef line 55049, syntax error. This rule will be ignored. (TECH-006)
Error: tsmc_patched.lef line 55265, syntax error. This rule will be ignored. (TECH-006)
Error: tsmc_patched.lef line 55478, syntax error. This rule will be ignored. (TECH-006)
Error: tsmc_patched.lef line 55694, syntax error. This rule will be ignored. (TECH-006)
Error: tsmc_patched.lef line 55909, syntax error. This rule will be ignored. (TECH-006)
Error: tsmc_patched.lef line 56129, syntax error. This rule will be ignored. (TECH-006)
Error: tsmc_patched.lef line 56281, syntax error. This rule will be ignored. (TECH-006)
Error: tsmc_patched.lef line 56433, syntax error. This rule will be ignored. (TECH-006)
Error: tsmc_patched.lef line 56586, syntax error. This rule will be ignored. (TECH-006)
Error: tsmc_patched.lef line 56731, syntax error. This rule will be ignored. (TECH-006)
Error: tsmc_patched.lef line 56875, syntax error. This rule will be ignored. (TECH-006)
Error: tsmc_patched.lef line 57020, syntax error. This rule will be ignored. (TECH-006)
Error: tsmc_patched.lef line 57210, syntax error. This rule will be ignored. (TECH-006)
Error: tsmc_patched.lef line 57411, syntax error. This rule will be ignored. (TECH-006)
Error: tsmc_patched.lef line 57616, syntax error. This rule will be ignored. (TECH-006)
Error: tsmc_patched.lef line 57823, syntax error. This rule will be ignored. (TECH-006)
Error: tsmc_patched.lef line 57998, syntax error. This rule will be ignored. (TECH-006)
Error: tsmc_patched.lef line 58179, syntax error. This rule will be ignored. (TECH-006)
Error: tsmc_patched.lef line 58361, syntax error. This rule will be ignored. (TECH-006)
Error: tsmc_patched.lef line 58547, syntax error. This rule will be ignored. (TECH-006)
Error: tsmc_patched.lef line 58740, syntax error. This rule will be ignored. (TECH-006)
Error: tsmc_patched.lef line 58942, syntax error. This rule will be ignored. (TECH-006)
Error: tsmc_patched.lef line 59128, syntax error. This rule will be ignored. (TECH-006)
Error: tsmc_patched.lef line 59313, syntax error. This rule will be ignored. (TECH-006)
Error: tsmc_patched.lef line 59503, syntax error. This rule will be ignored. (TECH-006)
Error: tsmc_patched.lef line 59700, syntax error. This rule will be ignored. (TECH-006)
Error: tsmc_patched.lef line 59881, syntax error. This rule will be ignored. (TECH-006)
Error: tsmc_patched.lef line 60064, syntax error. This rule will be ignored. (TECH-006)
Error: tsmc_patched.lef line 60243, syntax error. This rule will be ignored. (TECH-006)
Error: tsmc_patched.lef line 60450, syntax error. This rule will be ignored. (TECH-006)
Error: tsmc_patched.lef line 60663, syntax error. This rule will be ignored. (TECH-006)
Error: tsmc_patched.lef line 60879, syntax error. This rule will be ignored. (TECH-006)
Error: tsmc_patched.lef line 61097, syntax error. This rule will be ignored. (TECH-006)
Error: tsmc_patched.lef line 61303, syntax error. This rule will be ignored. (TECH-006)
Error: tsmc_patched.lef line 61508, syntax error. This rule will be ignored. (TECH-006)
Error: tsmc_patched.lef line 61721, syntax error. This rule will be ignored. (TECH-006)
Error: tsmc_patched.lef line 61916, syntax error. This rule will be ignored. (TECH-006)
Error: tsmc_patched.lef line 62107, syntax error. This rule will be ignored. (TECH-006)
Error: tsmc_patched.lef line 62300, syntax error. This rule will be ignored. (TECH-006)
Error: tsmc_patched.lef line 62478, syntax error. This rule will be ignored. (TECH-006)
Error: tsmc_patched.lef line 62657, syntax error. This rule will be ignored. (TECH-006)
Error: tsmc_patched.lef line 62864, syntax error. This rule will be ignored. (TECH-006)
Error: tsmc_patched.lef line 63023, syntax error. This rule will be ignored. (TECH-006)
Error: tsmc_patched.lef line 63174, syntax error. This rule will be ignored. (TECH-006)
Error: tsmc_patched.lef line 63339, syntax error. This rule will be ignored. (TECH-006)
Error: tsmc_patched.lef line 63567, syntax error. This rule will be ignored. (TECH-006)
Error: tsmc_patched.lef line 63797, syntax error. This rule will be ignored. (TECH-006)
Error: tsmc_patched.lef line 64035, syntax error. This rule will be ignored. (TECH-006)
Error: tsmc_patched.lef line 64281, syntax error. This rule will be ignored. (TECH-006)
Error: tsmc_patched.lef line 64535, syntax error. This rule will be ignored. (TECH-006)
Error: tsmc_patched.lef line 64787, syntax error. This rule will be ignored. (TECH-006)
Error: tsmc_patched.lef line 65046, syntax error. This rule will be ignored. (TECH-006)
Error: tsmc_patched.lef line 65250, syntax error. This rule will be ignored. (TECH-006)
Error: tsmc_patched.lef line 65452, syntax error. This rule will be ignored. (TECH-006)
Error: tsmc_patched.lef line 65663, syntax error. This rule will be ignored. (TECH-006)
Error: tsmc_patched.lef line 65895, syntax error. This rule will be ignored. (TECH-006)
Error: tsmc_patched.lef line 66128, syntax error. This rule will be ignored. (TECH-006)
Error: tsmc_patched.lef line 66362, syntax error. This rule will be ignored. (TECH-006)
Error: tsmc_patched.lef line 66598, syntax error. This rule will be ignored. (TECH-006)
Error: tsmc_patched.lef line 66707, syntax error. This rule will be ignored. (TECH-006)
Error: tsmc_patched.lef line 66804, syntax error. This rule will be ignored. (TECH-006)
Error: tsmc_patched.lef line 66891, syntax error. This rule will be ignored. (TECH-006)
Error: tsmc_patched.lef line 67011, syntax error. This rule will be ignored. (TECH-006)
Error: tsmc_patched.lef line 67153, syntax error. This rule will be ignored. (TECH-006)
Error: tsmc_patched.lef line 67241, syntax error. This rule will be ignored. (TECH-006)
Error: tsmc_patched.lef line 67332, syntax error. This rule will be ignored. (TECH-006)
Error: tsmc_patched.lef line 67424, syntax error. This rule will be ignored. (TECH-006)
Error: tsmc_patched.lef line 67511, syntax error. This rule will be ignored. (TECH-006)
Error: tsmc_patched.lef line 67621, syntax error. This rule will be ignored. (TECH-006)
Error: tsmc_patched.lef line 67666, syntax error. This rule will be ignored. (TECH-006)
Error: tsmc_patched.lef line 67710, syntax error. This rule will be ignored. (TECH-006)
Error: tsmc_patched.lef line 67862, syntax error. This rule will be ignored. (TECH-006)
Error: tsmc_patched.lef line 68026, syntax error. This rule will be ignored. (TECH-006)
Error: tsmc_patched.lef line 68220, syntax error. This rule will be ignored. (TECH-006)
Error: tsmc_patched.lef line 68312, syntax error. This rule will be ignored. (TECH-006)
Error: tsmc_patched.lef line 68406, syntax error. This rule will be ignored. (TECH-006)
Error: tsmc_patched.lef line 68515, syntax error. This rule will be ignored. (TECH-006)
Error: tsmc_patched.lef line 68631, syntax error. This rule will be ignored. (TECH-006)
Error: tsmc_patched.lef line 68757, syntax error. This rule will be ignored. (TECH-006)
Error: tsmc_patched.lef line 68904, syntax error. This rule will be ignored. (TECH-006)
Error: tsmc_patched.lef line 69061, syntax error. This rule will be ignored. (TECH-006)
Error: tsmc_patched.lef line 69229, syntax error. This rule will be ignored. (TECH-006)
Error: tsmc_patched.lef line 69398, syntax error. This rule will be ignored. (TECH-006)
Error: tsmc_patched.lef line 69587, syntax error. This rule will be ignored. (TECH-006)
Error: tsmc_patched.lef line 69817, syntax error. This rule will be ignored. (TECH-006)
Error: tsmc_patched.lef line 69944, syntax error. This rule will be ignored. (TECH-006)
Error: tsmc_patched.lef line 70079, syntax error. This rule will be ignored. (TECH-006)
Error: tsmc_patched.lef line 70219, syntax error. This rule will be ignored. (TECH-006)
Error: tsmc_patched.lef line 70369, syntax error. This rule will be ignored. (TECH-006)
Error: tsmc_patched.lef line 70526, syntax error. This rule will be ignored. (TECH-006)
Error: tsmc_patched.lef line 70626, syntax error. This rule will be ignored. (TECH-006)
Error: tsmc_patched.lef line 70730, syntax error. This rule will be ignored. (TECH-006)
Error: tsmc_patched.lef line 70839, syntax error. This rule will be ignored. (TECH-006)
Error: tsmc_patched.lef line 70984, syntax error. This rule will be ignored. (TECH-006)
Error: tsmc_patched.lef line 71123, syntax error. This rule will be ignored. (TECH-006)
Error: tsmc_patched.lef line 71274, syntax error. This rule will be ignored. (TECH-006)
Error: tsmc_patched.lef line 71380, syntax error. This rule will be ignored. (TECH-006)
Error: tsmc_patched.lef line 71486, syntax error. This rule will be ignored. (TECH-006)
Error: tsmc_patched.lef line 71598, syntax error. This rule will be ignored. (TECH-006)
Error: tsmc_patched.lef line 71686, syntax error. This rule will be ignored. (TECH-006)
Error: tsmc_patched.lef line 71772, syntax error. This rule will be ignored. (TECH-006)
Error: tsmc_patched.lef line 71874, syntax error. This rule will be ignored. (TECH-006)
Error: tsmc_patched.lef line 72008, syntax error. This rule will be ignored. (TECH-006)
Error: tsmc_patched.lef line 72088, syntax error. This rule will be ignored. (TECH-006)
Error: tsmc_patched.lef line 72229, syntax error. This rule will be ignored. (TECH-006)
Error: tsmc_patched.lef line 72358, syntax error. This rule will be ignored. (TECH-006)
Error: tsmc_patched.lef line 72496, syntax error. This rule will be ignored. (TECH-006)
Error: tsmc_patched.lef line 72650, syntax error. This rule will be ignored. (TECH-006)
Error: tsmc_patched.lef line 72781, syntax error. This rule will be ignored. (TECH-006)
Error: tsmc_patched.lef line 72874, syntax error. This rule will be ignored. (TECH-006)
Error: tsmc_patched.lef line 72963, syntax error. This rule will be ignored. (TECH-006)
Error: tsmc_patched.lef line 73066, syntax error. This rule will be ignored. (TECH-006)
Error: tsmc_patched.lef line 73169, syntax error. This rule will be ignored. (TECH-006)
Error: tsmc_patched.lef line 73305, syntax error. This rule will be ignored. (TECH-006)
Error: tsmc_patched.lef line 73385, syntax error. This rule will be ignored. (TECH-006)
Error: tsmc_patched.lef line 73518, syntax error. This rule will be ignored. (TECH-006)
Error: tsmc_patched.lef line 73651, syntax error. This rule will be ignored. (TECH-006)
Error: tsmc_patched.lef line 73796, syntax error. This rule will be ignored. (TECH-006)
Error: tsmc_patched.lef line 73946, syntax error. This rule will be ignored. (TECH-006)
Error: tsmc_patched.lef line 74070, syntax error. This rule will be ignored. (TECH-006)
Error: Technology section is missing. (tsmc_patched.lef line:74071) (TECH-226)
Error: Cannot load technology file '/home/ICer/Desktop/RESIC-V/pnr/lef/tsmc_patched.lef'. (LIB-007)
Information: script '/home/ICer/Desktop/RESIC-V/pnr/scripts/build_ndm.tcl'
	stopped at line 26 due to error. (CMD-081)
Extended error info:
problem in create_lib
    while executing
"__create_lib -technology tsmc_patched.lef -verbose tsmc13_std.ndm"
    invoked from within
"create_workspace $NDM_LIB_NAME -flow normal -technology $PATCHED_LEF"
 -- End Extended Error Info
icc2_lm_shell> exit
Maximum memory usage for this session: 50.79 MB
CPU usage for this session:      0 seconds (  0.00 hours)
Elapsed time for this session:     79 seconds (  0.02 hours)
Thank you for using IC Compiler II Library Manager.
