
                      IC Compiler II Library Manager (TM)

             Version O-2018.06-SP1 for linux64 - Jul 17, 2018 -SLE

                    Copyright (c) 1988 - 2018 Synopsys, Inc.
   This software and the associated documentation are proprietary to Synopsys,
 Inc. This software may only be used in accordance with the terms and conditions
 of a written license agreement with Synopsys, Inc. All other use, reproduction,
            or distribution of this software is strictly prohibited.

################################################################################
# ICC2 Library Creation (The Golden Flow)
################################################################################
set WORK_PATH     "../runtime"
../runtime
set OUTPUT_PATH   "../output"
../output
set LEF_DIR       "../lef"
../lef
set STD_CELLS_DIR "../std_cells"
../std_cells
file mkdir $WORK_PATH
file mkdir $OUTPUT_PATH
set search_path [list . $LEF_DIR $STD_CELLS_DIR]
. ../lef ../std_cells
set NDM_LIB_NAME "tsmc13_std.ndm"
tsmc13_std.ndm
# الملف اللي صلحناه وضفنا له TECHNOLOGY
set COMP_LEF     "tsmc_complete.lef"
tsmc_complete.lef
set DB_FILE      "scmetro_tsmc_cl013g_rvt_tt_1p2v_25c.db"
scmetro_tsmc_cl013g_rvt_tt_1p2v_25c.db
file delete -force $NDM_LIB_NAME
file delete -force "$OUTPUT_PATH/$NDM_LIB_NAME"
puts "Step 1: Creating Workspace with Tech..."
Step 1: Creating Workspace with Tech...
# دلوقتي الملف ده Tech File كامل، فالتول هتقبله وتأسس المكتبة عليه
create_workspace $NDM_LIB_NAME -flow normal -technology $COMP_LEF
Error: tsmc_complete.lef line 1, syntax error. This rule will be ignored. (TECH-006)
Error: tsmc_complete.lef line 8, syntax error. This rule will be ignored. (TECH-006)
Error: tsmc_complete.lef line 57, syntax error. This rule will be ignored. (TECH-006)
Error: tsmc_complete.lef line 61, syntax error. This rule will be ignored. (TECH-006)
Error: tsmc_complete.lef line 65, syntax error. This rule will be ignored. (TECH-006)
Error: tsmc_complete.lef line 68, syntax error. This rule will be ignored. (TECH-006)
Error: tsmc_complete.lef line 72, syntax error. This rule will be ignored. (TECH-006)
Error: tsmc_complete.lef line 88, syntax error. This rule will be ignored. (TECH-006)
Error: tsmc_complete.lef line 95, syntax error. This rule will be ignored. (TECH-006)
Error: tsmc_complete.lef line 103, syntax error. This rule will be ignored. (TECH-006)
Error: tsmc_complete.lef line 106, syntax error. This rule will be ignored. (TECH-006)
Error: tsmc_complete.lef line 113, syntax error. This rule will be ignored. (TECH-006)
Error: tsmc_complete.lef line 128, syntax error. This rule will be ignored. (TECH-006)
Error: tsmc_complete.lef line 135, syntax error. This rule will be ignored. (TECH-006)
Error: tsmc_complete.lef line 143, syntax error. This rule will be ignored. (TECH-006)
Error: tsmc_complete.lef line 146, syntax error. This rule will be ignored. (TECH-006)
Error: tsmc_complete.lef line 153, syntax error. This rule will be ignored. (TECH-006)
Error: tsmc_complete.lef line 168, syntax error. This rule will be ignored. (TECH-006)
Error: tsmc_complete.lef line 175, syntax error. This rule will be ignored. (TECH-006)
Error: tsmc_complete.lef line 183, syntax error. This rule will be ignored. (TECH-006)
Error: tsmc_complete.lef line 186, syntax error. This rule will be ignored. (TECH-006)
Error: tsmc_complete.lef line 193, syntax error. This rule will be ignored. (TECH-006)
Error: tsmc_complete.lef line 208, syntax error. This rule will be ignored. (TECH-006)
Error: tsmc_complete.lef line 215, syntax error. This rule will be ignored. (TECH-006)
Error: tsmc_complete.lef line 223, syntax error. This rule will be ignored. (TECH-006)
Error: tsmc_complete.lef line 226, syntax error. This rule will be ignored. (TECH-006)
Error: tsmc_complete.lef line 233, syntax error. This rule will be ignored. (TECH-006)
Error: tsmc_complete.lef line 248, syntax error. This rule will be ignored. (TECH-006)
Error: tsmc_complete.lef line 255, syntax error. This rule will be ignored. (TECH-006)
Error: tsmc_complete.lef line 263, syntax error. This rule will be ignored. (TECH-006)
Error: tsmc_complete.lef line 266, syntax error. This rule will be ignored. (TECH-006)
Error: tsmc_complete.lef line 273, syntax error. This rule will be ignored. (TECH-006)
Error: tsmc_complete.lef line 287, syntax error. This rule will be ignored. (TECH-006)
Error: tsmc_complete.lef line 294, syntax error. This rule will be ignored. (TECH-006)
Error: tsmc_complete.lef line 302, syntax error. This rule will be ignored. (TECH-006)
Error: tsmc_complete.lef line 305, syntax error. This rule will be ignored. (TECH-006)
Error: tsmc_complete.lef line 309, syntax error. This rule will be ignored. (TECH-006)
Error: tsmc_complete.lef line 311, syntax error. This rule will be ignored. (TECH-006)
Error: tsmc_complete.lef line 320, syntax error. This rule will be ignored. (TECH-006)
Error: tsmc_complete.lef line 322, syntax error. This rule will be ignored. (TECH-006)
Error: tsmc_complete.lef line 331, syntax error. This rule will be ignored. (TECH-006)
Error: tsmc_complete.lef line 333, syntax error. This rule will be ignored. (TECH-006)
Error: tsmc_complete.lef line 342, syntax error. This rule will be ignored. (TECH-006)
Error: tsmc_complete.lef line 344, syntax error. This rule will be ignored. (TECH-006)
Error: tsmc_complete.lef line 353, syntax error. This rule will be ignored. (TECH-006)
Error: tsmc_complete.lef line 355, syntax error. This rule will be ignored. (TECH-006)
Error: tsmc_complete.lef line 364, syntax error. This rule will be ignored. (TECH-006)
Error: tsmc_complete.lef line 366, syntax error. This rule will be ignored. (TECH-006)
Error: tsmc_complete.lef line 375, syntax error. This rule will be ignored. (TECH-006)
Error: tsmc_complete.lef line 377, syntax error. This rule will be ignored. (TECH-006)
Error: tsmc_complete.lef line 386, syntax error. This rule will be ignored. (TECH-006)
Error: tsmc_complete.lef line 388, syntax error. This rule will be ignored. (TECH-006)
Error: tsmc_complete.lef line 397, syntax error. This rule will be ignored. (TECH-006)
Error: tsmc_complete.lef line 399, syntax error. This rule will be ignored. (TECH-006)
Error: tsmc_complete.lef line 408, syntax error. This rule will be ignored. (TECH-006)
Error: tsmc_complete.lef line 410, syntax error. This rule will be ignored. (TECH-006)
Error: tsmc_complete.lef line 419, syntax error. This rule will be ignored. (TECH-006)
Error: tsmc_complete.lef line 421, syntax error. This rule will be ignored. (TECH-006)
Error: tsmc_complete.lef line 430, syntax error. This rule will be ignored. (TECH-006)
Error: tsmc_complete.lef line 432, syntax error. This rule will be ignored. (TECH-006)
Error: tsmc_complete.lef line 441, syntax error. This rule will be ignored. (TECH-006)
Error: tsmc_complete.lef line 443, syntax error. This rule will be ignored. (TECH-006)
Error: tsmc_complete.lef line 452, syntax error. This rule will be ignored. (TECH-006)
Error: tsmc_complete.lef line 454, syntax error. This rule will be ignored. (TECH-006)
Error: tsmc_complete.lef line 463, syntax error. This rule will be ignored. (TECH-006)
Error: tsmc_complete.lef line 465, syntax error. This rule will be ignored. (TECH-006)
Error: tsmc_complete.lef line 474, syntax error. This rule will be ignored. (TECH-006)
Error: tsmc_complete.lef line 476, syntax error. This rule will be ignored. (TECH-006)
Error: tsmc_complete.lef line 485, syntax error. This rule will be ignored. (TECH-006)
Error: tsmc_complete.lef line 487, syntax error. This rule will be ignored. (TECH-006)
Error: tsmc_complete.lef line 496, syntax error. This rule will be ignored. (TECH-006)
Error: tsmc_complete.lef line 498, syntax error. This rule will be ignored. (TECH-006)
Error: tsmc_complete.lef line 507, syntax error. This rule will be ignored. (TECH-006)
Error: tsmc_complete.lef line 509, syntax error. This rule will be ignored. (TECH-006)
Error: tsmc_complete.lef line 518, syntax error. This rule will be ignored. (TECH-006)
Error: tsmc_complete.lef line 520, syntax error. This rule will be ignored. (TECH-006)
Error: tsmc_complete.lef line 529, syntax error. This rule will be ignored. (TECH-006)
Error: tsmc_complete.lef line 531, syntax error. This rule will be ignored. (TECH-006)
Error: tsmc_complete.lef line 540, syntax error. This rule will be ignored. (TECH-006)
Error: tsmc_complete.lef line 542, syntax error. This rule will be ignored. (TECH-006)
Error: tsmc_complete.lef line 552, syntax error. This rule will be ignored. (TECH-006)
Error: tsmc_complete.lef line 554, syntax error. This rule will be ignored. (TECH-006)
Error: tsmc_complete.lef line 564, syntax error. This rule will be ignored. (TECH-006)
Error: tsmc_complete.lef line 566, syntax error. This rule will be ignored. (TECH-006)
Error: tsmc_complete.lef line 576, syntax error. This rule will be ignored. (TECH-006)
Error: tsmc_complete.lef line 578, syntax error. This rule will be ignored. (TECH-006)
Error: tsmc_complete.lef line 588, syntax error. This rule will be ignored. (TECH-006)
Error: tsmc_complete.lef line 590, syntax error. This rule will be ignored. (TECH-006)
Error: tsmc_complete.lef line 600, syntax error. This rule will be ignored. (TECH-006)
Error: tsmc_complete.lef line 602, syntax error. This rule will be ignored. (TECH-006)
Error: tsmc_complete.lef line 612, syntax error. This rule will be ignored. (TECH-006)
Error: tsmc_complete.lef line 614, syntax error. This rule will be ignored. (TECH-006)
Error: tsmc_complete.lef line 624, syntax error. This rule will be ignored. (TECH-006)
Error: tsmc_complete.lef line 626, syntax error. This rule will be ignored. (TECH-006)
Error: tsmc_complete.lef line 636, syntax error. This rule will be ignored. (TECH-006)
Error: tsmc_complete.lef line 638, syntax error. This rule will be ignored. (TECH-006)
Error: tsmc_complete.lef line 648, syntax error. This rule will be ignored. (TECH-006)
Error: tsmc_complete.lef line 650, syntax error. This rule will be ignored. (TECH-006)
Error: tsmc_complete.lef line 660, syntax error. This rule will be ignored. (TECH-006)
Error: tsmc_complete.lef line 662, syntax error. This rule will be ignored. (TECH-006)
Error: tsmc_complete.lef line 672, syntax error. This rule will be ignored. (TECH-006)
Error: tsmc_complete.lef line 674, syntax error. This rule will be ignored. (TECH-006)
Error: tsmc_complete.lef line 684, syntax error. This rule will be ignored. (TECH-006)
Error: tsmc_complete.lef line 686, syntax error. This rule will be ignored. (TECH-006)
Error: tsmc_complete.lef line 696, syntax error. This rule will be ignored. (TECH-006)
Error: tsmc_complete.lef line 698, syntax error. This rule will be ignored. (TECH-006)
Error: tsmc_complete.lef line 708, syntax error. This rule will be ignored. (TECH-006)
Error: tsmc_complete.lef line 710, syntax error. This rule will be ignored. (TECH-006)
Error: tsmc_complete.lef line 720, syntax error. This rule will be ignored. (TECH-006)
Error: tsmc_complete.lef line 722, syntax error. This rule will be ignored. (TECH-006)
Error: tsmc_complete.lef line 732, syntax error. This rule will be ignored. (TECH-006)
Error: tsmc_complete.lef line 734, syntax error. This rule will be ignored. (TECH-006)
Error: tsmc_complete.lef line 744, syntax error. This rule will be ignored. (TECH-006)
Error: tsmc_complete.lef line 746, syntax error. This rule will be ignored. (TECH-006)
Error: tsmc_complete.lef line 756, syntax error. This rule will be ignored. (TECH-006)
Error: tsmc_complete.lef line 758, syntax error. This rule will be ignored. (TECH-006)
Error: tsmc_complete.lef line 768, syntax error. This rule will be ignored. (TECH-006)
Error: tsmc_complete.lef line 770, syntax error. This rule will be ignored. (TECH-006)
Error: tsmc_complete.lef line 780, syntax error. This rule will be ignored. (TECH-006)
Error: tsmc_complete.lef line 782, syntax error. This rule will be ignored. (TECH-006)
Error: tsmc_complete.lef line 791, syntax error. This rule will be ignored. (TECH-006)
Error: tsmc_complete.lef line 793, syntax error. This rule will be ignored. (TECH-006)
Error: tsmc_complete.lef line 802, syntax error. This rule will be ignored. (TECH-006)
Error: tsmc_complete.lef line 804, syntax error. This rule will be ignored. (TECH-006)
Error: tsmc_complete.lef line 813, syntax error. This rule will be ignored. (TECH-006)
Error: tsmc_complete.lef line 815, syntax error. This rule will be ignored. (TECH-006)
Error: tsmc_complete.lef line 824, syntax error. This rule will be ignored. (TECH-006)
Error: tsmc_complete.lef line 826, syntax error. This rule will be ignored. (TECH-006)
Error: tsmc_complete.lef line 835, syntax error. This rule will be ignored. (TECH-006)
Error: tsmc_complete.lef line 837, syntax error. This rule will be ignored. (TECH-006)
Error: tsmc_complete.lef line 846, syntax error. This rule will be ignored. (TECH-006)
Error: tsmc_complete.lef line 852, syntax error. This rule will be ignored. (TECH-006)
Error: tsmc_complete.lef line 857, syntax error. This rule will be ignored. (TECH-006)
Error: tsmc_complete.lef line 862, syntax error. This rule will be ignored. (TECH-006)
Error: tsmc_complete.lef line 868, syntax error. This rule will be ignored. (TECH-006)
Error: tsmc_complete.lef line 873, syntax error. This rule will be ignored. (TECH-006)
Error: tsmc_complete.lef line 878, syntax error. This rule will be ignored. (TECH-006)
Error: tsmc_complete.lef line 884, syntax error. This rule will be ignored. (TECH-006)
Error: tsmc_complete.lef line 889, syntax error. This rule will be ignored. (TECH-006)
Error: tsmc_complete.lef line 894, syntax error. This rule will be ignored. (TECH-006)
Error: tsmc_complete.lef line 900, syntax error. This rule will be ignored. (TECH-006)
Error: tsmc_complete.lef line 905, syntax error. This rule will be ignored. (TECH-006)
Error: tsmc_complete.lef line 910, syntax error. This rule will be ignored. (TECH-006)
Error: tsmc_complete.lef line 916, syntax error. This rule will be ignored. (TECH-006)
Error: tsmc_complete.lef line 921, syntax error. This rule will be ignored. (TECH-006)
Error: tsmc_complete.lef line 926, syntax error. This rule will be ignored. (TECH-006)
Error: tsmc_complete.lef line 930, syntax error. This rule will be ignored. (TECH-006)
Error: tsmc_complete.lef line 934, syntax error. This rule will be ignored. (TECH-006)
Error: tsmc_complete.lef line 938, syntax error. This rule will be ignored. (TECH-006)
Error: tsmc_complete.lef line 942, syntax error. This rule will be ignored. (TECH-006)
Error: tsmc_complete.lef line 946, syntax error. This rule will be ignored. (TECH-006)
Error: tsmc_complete.lef line 950, syntax error. This rule will be ignored. (TECH-006)
Error: tsmc_complete.lef line 954, syntax error. This rule will be ignored. (TECH-006)
Error: tsmc_complete.lef line 958, syntax error. This rule will be ignored. (TECH-006)
Error: tsmc_complete.lef line 962, syntax error. This rule will be ignored. (TECH-006)
Error: tsmc_complete.lef line 966, syntax error. This rule will be ignored. (TECH-006)
Error: tsmc_complete.lef line 970, syntax error. This rule will be ignored. (TECH-006)
Error: tsmc_complete.lef line 974, syntax error. This rule will be ignored. (TECH-006)
Error: tsmc_complete.lef line 992, syntax error. This rule will be ignored. (TECH-006)
Error: tsmc_complete.lef line 996, syntax error. This rule will be ignored. (TECH-006)
Error: tsmc_complete.lef line 1002, syntax error. This rule will be ignored. (TECH-006)
Error: tsmc_complete.lef line 1153, syntax error. This rule will be ignored. (TECH-006)
Error: tsmc_complete.lef line 1386, syntax error. This rule will be ignored. (TECH-006)
Error: tsmc_complete.lef line 1635, syntax error. This rule will be ignored. (TECH-006)
Error: tsmc_complete.lef line 1906, syntax error. This rule will be ignored. (TECH-006)
Error: tsmc_complete.lef line 2076, syntax error. This rule will be ignored. (TECH-006)
Error: tsmc_complete.lef line 2254, syntax error. This rule will be ignored. (TECH-006)
Error: tsmc_complete.lef line 2430, syntax error. This rule will be ignored. (TECH-006)
Error: tsmc_complete.lef line 2614, syntax error. This rule will be ignored. (TECH-006)
Error: tsmc_complete.lef line 2810, syntax error. This rule will be ignored. (TECH-006)
Error: tsmc_complete.lef line 2987, syntax error. This rule will be ignored. (TECH-006)
Error: tsmc_complete.lef line 3103, syntax error. This rule will be ignored. (TECH-006)
Error: tsmc_complete.lef line 3228, syntax error. This rule will be ignored. (TECH-006)
Error: tsmc_complete.lef line 3366, syntax error. This rule will be ignored. (TECH-006)
Error: tsmc_complete.lef line 3542, syntax error. This rule will be ignored. (TECH-006)
Error: tsmc_complete.lef line 3639, syntax error. This rule will be ignored. (TECH-006)
Error: tsmc_complete.lef line 3706, syntax error. This rule will be ignored. (TECH-006)
Error: tsmc_complete.lef line 3776, syntax error. This rule will be ignored. (TECH-006)
Error: tsmc_complete.lef line 3852, syntax error. This rule will be ignored. (TECH-006)
Error: tsmc_complete.lef line 3935, syntax error. This rule will be ignored. (TECH-006)
Error: tsmc_complete.lef line 4021, syntax error. This rule will be ignored. (TECH-006)
Error: tsmc_complete.lef line 4129, syntax error. This rule will be ignored. (TECH-006)
Error: tsmc_complete.lef line 4213, syntax error. This rule will be ignored. (TECH-006)
Error: tsmc_complete.lef line 4291, syntax error. This rule will be ignored. (TECH-006)
Error: tsmc_complete.lef line 4370, syntax error. This rule will be ignored. (TECH-006)
Error: tsmc_complete.lef line 4462, syntax error. This rule will be ignored. (TECH-006)
Error: tsmc_complete.lef line 4573, syntax error. This rule will be ignored. (TECH-006)
Error: tsmc_complete.lef line 4655, syntax error. This rule will be ignored. (TECH-006)
Error: tsmc_complete.lef line 4793, syntax error. This rule will be ignored. (TECH-006)
Error: tsmc_complete.lef line 4882, syntax error. This rule will be ignored. (TECH-006)
Error: tsmc_complete.lef line 4971, syntax error. This rule will be ignored. (TECH-006)
Error: tsmc_complete.lef line 5077, syntax error. This rule will be ignored. (TECH-006)
Error: tsmc_complete.lef line 5199, syntax error. This rule will be ignored. (TECH-006)
Error: tsmc_complete.lef line 5318, syntax error. This rule will be ignored. (TECH-006)
Error: tsmc_complete.lef line 5409, syntax error. This rule will be ignored. (TECH-006)
Error: tsmc_complete.lef line 5449, syntax error. This rule will be ignored. (TECH-006)
Error: tsmc_complete.lef line 5529, syntax error. This rule will be ignored. (TECH-006)
Error: tsmc_complete.lef line 5611, syntax error. This rule will be ignored. (TECH-006)
Error: tsmc_complete.lef line 5697, syntax error. This rule will be ignored. (TECH-006)
Error: tsmc_complete.lef line 5801, syntax error. This rule will be ignored. (TECH-006)
Error: tsmc_complete.lef line 5882, syntax error. This rule will be ignored. (TECH-006)
Error: tsmc_complete.lef line 5975, syntax error. This rule will be ignored. (TECH-006)
Error: tsmc_complete.lef line 6073, syntax error. This rule will be ignored. (TECH-006)
Error: tsmc_complete.lef line 6167, syntax error. This rule will be ignored. (TECH-006)
Error: tsmc_complete.lef line 6281, syntax error. This rule will be ignored. (TECH-006)
Error: tsmc_complete.lef line 6377, syntax error. This rule will be ignored. (TECH-006)
Error: tsmc_complete.lef line 6482, syntax error. This rule will be ignored. (TECH-006)
Error: tsmc_complete.lef line 6585, syntax error. This rule will be ignored. (TECH-006)
Error: tsmc_complete.lef line 6697, syntax error. This rule will be ignored. (TECH-006)
Error: tsmc_complete.lef line 6803, syntax error. This rule will be ignored. (TECH-006)
Error: tsmc_complete.lef line 6901, syntax error. This rule will be ignored. (TECH-006)
Error: tsmc_complete.lef line 6998, syntax error. This rule will be ignored. (TECH-006)
Error: tsmc_complete.lef line 7100, syntax error. This rule will be ignored. (TECH-006)
Error: tsmc_complete.lef line 7198, syntax error. This rule will be ignored. (TECH-006)
Error: tsmc_complete.lef line 7287, syntax error. This rule will be ignored. (TECH-006)
Error: tsmc_complete.lef line 7375, syntax error. This rule will be ignored. (TECH-006)
Error: tsmc_complete.lef line 7464, syntax error. This rule will be ignored. (TECH-006)
Error: tsmc_complete.lef line 7551, syntax error. This rule will be ignored. (TECH-006)
Error: tsmc_complete.lef line 7633, syntax error. This rule will be ignored. (TECH-006)
Error: tsmc_complete.lef line 7715, syntax error. This rule will be ignored. (TECH-006)
Error: tsmc_complete.lef line 7805, syntax error. This rule will be ignored. (TECH-006)
Error: tsmc_complete.lef line 7904, syntax error. This rule will be ignored. (TECH-006)
Error: tsmc_complete.lef line 7986, syntax error. This rule will be ignored. (TECH-006)
Error: tsmc_complete.lef line 8064, syntax error. This rule will be ignored. (TECH-006)
Error: tsmc_complete.lef line 8139, syntax error. This rule will be ignored. (TECH-006)
Error: tsmc_complete.lef line 8227, syntax error. This rule will be ignored. (TECH-006)
Error: tsmc_complete.lef line 8315, syntax error. This rule will be ignored. (TECH-006)
Error: tsmc_complete.lef line 8405, syntax error. This rule will be ignored. (TECH-006)
Error: tsmc_complete.lef line 8506, syntax error. This rule will be ignored. (TECH-006)
Error: tsmc_complete.lef line 8581, syntax error. This rule will be ignored. (TECH-006)
Error: tsmc_complete.lef line 8673, syntax error. This rule will be ignored. (TECH-006)
Error: tsmc_complete.lef line 8770, syntax error. This rule will be ignored. (TECH-006)
Error: tsmc_complete.lef line 8889, syntax error. This rule will be ignored. (TECH-006)
Error: tsmc_complete.lef line 8981, syntax error. This rule will be ignored. (TECH-006)
Error: tsmc_complete.lef line 9085, syntax error. This rule will be ignored. (TECH-006)
Error: tsmc_complete.lef line 9191, syntax error. This rule will be ignored. (TECH-006)
Error: tsmc_complete.lef line 9318, syntax error. This rule will be ignored. (TECH-006)
Error: tsmc_complete.lef line 9425, syntax error. This rule will be ignored. (TECH-006)
Error: tsmc_complete.lef line 9514, syntax error. This rule will be ignored. (TECH-006)
Error: tsmc_complete.lef line 9599, syntax error. This rule will be ignored. (TECH-006)
Error: tsmc_complete.lef line 9698, syntax error. This rule will be ignored. (TECH-006)
Error: tsmc_complete.lef line 9787, syntax error. This rule will be ignored. (TECH-006)
Error: tsmc_complete.lef line 9868, syntax error. This rule will be ignored. (TECH-006)
Error: tsmc_complete.lef line 9948, syntax error. This rule will be ignored. (TECH-006)
Error: tsmc_complete.lef line 10040, syntax error. This rule will be ignored. (TECH-006)
Error: tsmc_complete.lef line 10150, syntax error. This rule will be ignored. (TECH-006)
Error: tsmc_complete.lef line 10230, syntax error. This rule will be ignored. (TECH-006)
Error: tsmc_complete.lef line 10310, syntax error. This rule will be ignored. (TECH-006)
Error: tsmc_complete.lef line 10389, syntax error. This rule will be ignored. (TECH-006)
Error: tsmc_complete.lef line 10479, syntax error. This rule will be ignored. (TECH-006)
Error: tsmc_complete.lef line 10581, syntax error. This rule will be ignored. (TECH-006)
Error: tsmc_complete.lef line 10663, syntax error. This rule will be ignored. (TECH-006)
Error: tsmc_complete.lef line 10752, syntax error. This rule will be ignored. (TECH-006)
Error: tsmc_complete.lef line 10844, syntax error. This rule will be ignored. (TECH-006)
Error: tsmc_complete.lef line 10947, syntax error. This rule will be ignored. (TECH-006)
Error: tsmc_complete.lef line 11073, syntax error. This rule will be ignored. (TECH-006)
Error: tsmc_complete.lef line 11163, syntax error. This rule will be ignored. (TECH-006)
Error: tsmc_complete.lef line 11250, syntax error. This rule will be ignored. (TECH-006)
Error: tsmc_complete.lef line 11335, syntax error. This rule will be ignored. (TECH-006)
Error: tsmc_complete.lef line 11437, syntax error. This rule will be ignored. (TECH-006)
Error: tsmc_complete.lef line 11524, syntax error. This rule will be ignored. (TECH-006)
Error: tsmc_complete.lef line 11627, syntax error. This rule will be ignored. (TECH-006)
Error: tsmc_complete.lef line 11722, syntax error. This rule will be ignored. (TECH-006)
Error: tsmc_complete.lef line 11830, syntax error. This rule will be ignored. (TECH-006)
Error: tsmc_complete.lef line 11932, syntax error. This rule will be ignored. (TECH-006)
Error: tsmc_complete.lef line 12040, syntax error. This rule will be ignored. (TECH-006)
Error: tsmc_complete.lef line 12144, syntax error. This rule will be ignored. (TECH-006)
Error: tsmc_complete.lef line 12261, syntax error. This rule will be ignored. (TECH-006)
Error: tsmc_complete.lef line 12366, syntax error. This rule will be ignored. (TECH-006)
Error: tsmc_complete.lef line 12442, syntax error. This rule will be ignored. (TECH-006)
Error: tsmc_complete.lef line 12522, syntax error. This rule will be ignored. (TECH-006)
Error: tsmc_complete.lef line 12605, syntax error. This rule will be ignored. (TECH-006)
Error: tsmc_complete.lef line 12688, syntax error. This rule will be ignored. (TECH-006)
Error: tsmc_complete.lef line 12779, syntax error. This rule will be ignored. (TECH-006)
Error: tsmc_complete.lef line 12861, syntax error. This rule will be ignored. (TECH-006)
Error: tsmc_complete.lef line 12959, syntax error. This rule will be ignored. (TECH-006)
Error: tsmc_complete.lef line 13021, syntax error. This rule will be ignored. (TECH-006)
Error: tsmc_complete.lef line 13132, syntax error. This rule will be ignored. (TECH-006)
Error: tsmc_complete.lef line 13197, syntax error. This rule will be ignored. (TECH-006)
Error: tsmc_complete.lef line 13260, syntax error. This rule will be ignored. (TECH-006)
Error: tsmc_complete.lef line 13323, syntax error. This rule will be ignored. (TECH-006)
Error: tsmc_complete.lef line 13392, syntax error. This rule will be ignored. (TECH-006)
Error: tsmc_complete.lef line 13466, syntax error. This rule will be ignored. (TECH-006)
Error: tsmc_complete.lef line 13545, syntax error. This rule will be ignored. (TECH-006)
Error: tsmc_complete.lef line 13642, syntax error. This rule will be ignored. (TECH-006)
Error: tsmc_complete.lef line 13709, syntax error. This rule will be ignored. (TECH-006)
Error: tsmc_complete.lef line 13783, syntax error. This rule will be ignored. (TECH-006)
Error: tsmc_complete.lef line 13857, syntax error. This rule will be ignored. (TECH-006)
Error: tsmc_complete.lef line 13934, syntax error. This rule will be ignored. (TECH-006)
Error: tsmc_complete.lef line 14017, syntax error. This rule will be ignored. (TECH-006)
Error: tsmc_complete.lef line 14094, syntax error. This rule will be ignored. (TECH-006)
Error: tsmc_complete.lef line 14171, syntax error. This rule will be ignored. (TECH-006)
Error: tsmc_complete.lef line 14233, syntax error. This rule will be ignored. (TECH-006)
Error: tsmc_complete.lef line 14316, syntax error. This rule will be ignored. (TECH-006)
Error: tsmc_complete.lef line 14391, syntax error. This rule will be ignored. (TECH-006)
Error: tsmc_complete.lef line 14452, syntax error. This rule will be ignored. (TECH-006)
Error: tsmc_complete.lef line 14550, syntax error. This rule will be ignored. (TECH-006)
Error: tsmc_complete.lef line 14613, syntax error. This rule will be ignored. (TECH-006)
Error: tsmc_complete.lef line 14701, syntax error. This rule will be ignored. (TECH-006)
Error: tsmc_complete.lef line 14763, syntax error. This rule will be ignored. (TECH-006)
Error: tsmc_complete.lef line 14828, syntax error. This rule will be ignored. (TECH-006)
Error: tsmc_complete.lef line 14901, syntax error. This rule will be ignored. (TECH-006)
Error: tsmc_complete.lef line 14961, syntax error. This rule will be ignored. (TECH-006)
Error: tsmc_complete.lef line 15028, syntax error. This rule will be ignored. (TECH-006)
Error: tsmc_complete.lef line 15081, syntax error. This rule will be ignored. (TECH-006)
Error: tsmc_complete.lef line 15142, syntax error. This rule will be ignored. (TECH-006)
Error: tsmc_complete.lef line 15217, syntax error. This rule will be ignored. (TECH-006)
Error: tsmc_complete.lef line 15268, syntax error. This rule will be ignored. (TECH-006)
Error: tsmc_complete.lef line 15350, syntax error. This rule will be ignored. (TECH-006)
Error: tsmc_complete.lef line 15404, syntax error. This rule will be ignored. (TECH-006)
Error: tsmc_complete.lef line 15498, syntax error. This rule will be ignored. (TECH-006)
Error: tsmc_complete.lef line 15551, syntax error. This rule will be ignored. (TECH-006)
Error: tsmc_complete.lef line 15608, syntax error. This rule will be ignored. (TECH-006)
Error: tsmc_complete.lef line 15662, syntax error. This rule will be ignored. (TECH-006)
Error: tsmc_complete.lef line 15771, syntax error. This rule will be ignored. (TECH-006)
Error: tsmc_complete.lef line 15891, syntax error. This rule will be ignored. (TECH-006)
Error: tsmc_complete.lef line 15992, syntax error. This rule will be ignored. (TECH-006)
Error: tsmc_complete.lef line 16095, syntax error. This rule will be ignored. (TECH-006)
Error: tsmc_complete.lef line 16197, syntax error. This rule will be ignored. (TECH-006)
Error: tsmc_complete.lef line 16307, syntax error. This rule will be ignored. (TECH-006)
Error: tsmc_complete.lef line 16414, syntax error. This rule will be ignored. (TECH-006)
Error: tsmc_complete.lef line 16503, syntax error. This rule will be ignored. (TECH-006)
Error: tsmc_complete.lef line 16596, syntax error. This rule will be ignored. (TECH-006)
Error: tsmc_complete.lef line 16662, syntax error. This rule will be ignored. (TECH-006)
Error: tsmc_complete.lef line 16729, syntax error. This rule will be ignored. (TECH-006)
Error: tsmc_complete.lef line 16809, syntax error. This rule will be ignored. (TECH-006)
Error: tsmc_complete.lef line 16954, syntax error. This rule will be ignored. (TECH-006)
Error: tsmc_complete.lef line 17112, syntax error. This rule will be ignored. (TECH-006)
Error: tsmc_complete.lef line 17203, syntax error. This rule will be ignored. (TECH-006)
Error: tsmc_complete.lef line 17317, syntax error. This rule will be ignored. (TECH-006)
Error: tsmc_complete.lef line 17437, syntax error. This rule will be ignored. (TECH-006)
Error: tsmc_complete.lef line 17577, syntax error. This rule will be ignored. (TECH-006)
Error: tsmc_complete.lef line 17713, syntax error. This rule will be ignored. (TECH-006)
Error: tsmc_complete.lef line 17857, syntax error. This rule will be ignored. (TECH-006)
Error: tsmc_complete.lef line 18000, syntax error. This rule will be ignored. (TECH-006)
Error: tsmc_complete.lef line 18133, syntax error. This rule will be ignored. (TECH-006)
Error: tsmc_complete.lef line 18276, syntax error. This rule will be ignored. (TECH-006)
Error: tsmc_complete.lef line 18426, syntax error. This rule will be ignored. (TECH-006)
Error: tsmc_complete.lef line 18584, syntax error. This rule will be ignored. (TECH-006)
Error: tsmc_complete.lef line 18741, syntax error. This rule will be ignored. (TECH-006)
Error: tsmc_complete.lef line 18902, syntax error. This rule will be ignored. (TECH-006)
Error: tsmc_complete.lef line 19056, syntax error. This rule will be ignored. (TECH-006)
Error: tsmc_complete.lef line 19210, syntax error. This rule will be ignored. (TECH-006)
Error: tsmc_complete.lef line 19365, syntax error. This rule will be ignored. (TECH-006)
Error: tsmc_complete.lef line 19523, syntax error. This rule will be ignored. (TECH-006)
Error: tsmc_complete.lef line 19697, syntax error. This rule will be ignored. (TECH-006)
Error: tsmc_complete.lef line 19881, syntax error. This rule will be ignored. (TECH-006)
Error: tsmc_complete.lef line 20059, syntax error. This rule will be ignored. (TECH-006)
Error: tsmc_complete.lef line 20239, syntax error. This rule will be ignored. (TECH-006)
Error: tsmc_complete.lef line 20426, syntax error. This rule will be ignored. (TECH-006)
Error: tsmc_complete.lef line 20623, syntax error. This rule will be ignored. (TECH-006)
Error: tsmc_complete.lef line 20750, syntax error. This rule will be ignored. (TECH-006)
Error: tsmc_complete.lef line 20876, syntax error. This rule will be ignored. (TECH-006)
Error: tsmc_complete.lef line 21002, syntax error. This rule will be ignored. (TECH-006)
Error: tsmc_complete.lef line 21121, syntax error. This rule will be ignored. (TECH-006)
Error: tsmc_complete.lef line 21239, syntax error. This rule will be ignored. (TECH-006)
Error: tsmc_complete.lef line 21354, syntax error. This rule will be ignored. (TECH-006)
Error: tsmc_complete.lef line 21514, syntax error. This rule will be ignored. (TECH-006)
Error: tsmc_complete.lef line 21673, syntax error. This rule will be ignored. (TECH-006)
Error: tsmc_complete.lef line 21839, syntax error. This rule will be ignored. (TECH-006)
Error: tsmc_complete.lef line 22007, syntax error. This rule will be ignored. (TECH-006)
Error: tsmc_complete.lef line 22150, syntax error. This rule will be ignored. (TECH-006)
Error: tsmc_complete.lef line 22290, syntax error. This rule will be ignored. (TECH-006)
Error: tsmc_complete.lef line 22435, syntax error. This rule will be ignored. (TECH-006)
Error: tsmc_complete.lef line 22581, syntax error. This rule will be ignored. (TECH-006)
Error: tsmc_complete.lef line 22719, syntax error. This rule will be ignored. (TECH-006)
Error: tsmc_complete.lef line 22866, syntax error. This rule will be ignored. (TECH-006)
Error: tsmc_complete.lef line 23019, syntax error. This rule will be ignored. (TECH-006)
Error: tsmc_complete.lef line 23174, syntax error. This rule will be ignored. (TECH-006)
Error: tsmc_complete.lef line 23335, syntax error. This rule will be ignored. (TECH-006)
Error: tsmc_complete.lef line 23498, syntax error. This rule will be ignored. (TECH-006)
Error: tsmc_complete.lef line 23641, syntax error. This rule will be ignored. (TECH-006)
Error: tsmc_complete.lef line 23782, syntax error. This rule will be ignored. (TECH-006)
Error: tsmc_complete.lef line 23926, syntax error. This rule will be ignored. (TECH-006)
Error: tsmc_complete.lef line 24095, syntax error. This rule will be ignored. (TECH-006)
Error: tsmc_complete.lef line 24264, syntax error. This rule will be ignored. (TECH-006)
Error: tsmc_complete.lef line 24436, syntax error. This rule will be ignored. (TECH-006)
Error: tsmc_complete.lef line 24613, syntax error. This rule will be ignored. (TECH-006)
Error: tsmc_complete.lef line 24783, syntax error. This rule will be ignored. (TECH-006)
Error: tsmc_complete.lef line 24949, syntax error. This rule will be ignored. (TECH-006)
Error: tsmc_complete.lef line 25126, syntax error. This rule will be ignored. (TECH-006)
Error: tsmc_complete.lef line 25277, syntax error. This rule will be ignored. (TECH-006)
Error: tsmc_complete.lef line 25428, syntax error. This rule will be ignored. (TECH-006)
Error: tsmc_complete.lef line 25592, syntax error. This rule will be ignored. (TECH-006)
Error: tsmc_complete.lef line 25734, syntax error. This rule will be ignored. (TECH-006)
Error: tsmc_complete.lef line 25876, syntax error. This rule will be ignored. (TECH-006)
Error: tsmc_complete.lef line 26042, syntax error. This rule will be ignored. (TECH-006)
Error: tsmc_complete.lef line 26172, syntax error. This rule will be ignored. (TECH-006)
Error: tsmc_complete.lef line 26302, syntax error. This rule will be ignored. (TECH-006)
Error: tsmc_complete.lef line 26437, syntax error. This rule will be ignored. (TECH-006)
Error: tsmc_complete.lef line 26506, syntax error. This rule will be ignored. (TECH-006)
Error: tsmc_complete.lef line 26580, syntax error. This rule will be ignored. (TECH-006)
Error: tsmc_complete.lef line 26649, syntax error. This rule will be ignored. (TECH-006)
Error: tsmc_complete.lef line 26723, syntax error. This rule will be ignored. (TECH-006)
Error: tsmc_complete.lef line 26792, syntax error. This rule will be ignored. (TECH-006)
Error: tsmc_complete.lef line 26866, syntax error. This rule will be ignored. (TECH-006)
Error: tsmc_complete.lef line 26935, syntax error. This rule will be ignored. (TECH-006)
Error: tsmc_complete.lef line 27009, syntax error. This rule will be ignored. (TECH-006)
Error: tsmc_complete.lef line 27180, syntax error. This rule will be ignored. (TECH-006)
Error: tsmc_complete.lef line 27348, syntax error. This rule will be ignored. (TECH-006)
Error: tsmc_complete.lef line 27522, syntax error. This rule will be ignored. (TECH-006)
Error: tsmc_complete.lef line 27699, syntax error. This rule will be ignored. (TECH-006)
Error: tsmc_complete.lef line 27861, syntax error. This rule will be ignored. (TECH-006)
Error: tsmc_complete.lef line 28017, syntax error. This rule will be ignored. (TECH-006)
Error: tsmc_complete.lef line 28190, syntax error. This rule will be ignored. (TECH-006)
Error: tsmc_complete.lef line 28352, syntax error. This rule will be ignored. (TECH-006)
Error: tsmc_complete.lef line 28516, syntax error. This rule will be ignored. (TECH-006)
Error: tsmc_complete.lef line 28678, syntax error. This rule will be ignored. (TECH-006)
Error: tsmc_complete.lef line 28705, syntax error. This rule will be ignored. (TECH-006)
Error: tsmc_complete.lef line 28732, syntax error. This rule will be ignored. (TECH-006)
Error: tsmc_complete.lef line 28759, syntax error. This rule will be ignored. (TECH-006)
Error: tsmc_complete.lef line 28786, syntax error. This rule will be ignored. (TECH-006)
Error: tsmc_complete.lef line 28813, syntax error. This rule will be ignored. (TECH-006)
Error: tsmc_complete.lef line 28840, syntax error. This rule will be ignored. (TECH-006)
Error: tsmc_complete.lef line 28867, syntax error. This rule will be ignored. (TECH-006)
Error: tsmc_complete.lef line 28906, syntax error. This rule will be ignored. (TECH-006)
Error: tsmc_complete.lef line 28945, syntax error. This rule will be ignored. (TECH-006)
Error: tsmc_complete.lef line 28984, syntax error. This rule will be ignored. (TECH-006)
Error: tsmc_complete.lef line 29023, syntax error. This rule will be ignored. (TECH-006)
Error: tsmc_complete.lef line 29062, syntax error. This rule will be ignored. (TECH-006)
Error: tsmc_complete.lef line 29093, syntax error. This rule will be ignored. (TECH-006)
Error: tsmc_complete.lef line 29147, syntax error. This rule will be ignored. (TECH-006)
Error: tsmc_complete.lef line 29209, syntax error. This rule will be ignored. (TECH-006)
Error: tsmc_complete.lef line 29274, syntax error. This rule will be ignored. (TECH-006)
Error: tsmc_complete.lef line 29342, syntax error. This rule will be ignored. (TECH-006)
Error: tsmc_complete.lef line 29410, syntax error. This rule will be ignored. (TECH-006)
Error: tsmc_complete.lef line 29473, syntax error. This rule will be ignored. (TECH-006)
Error: tsmc_complete.lef line 29524, syntax error. This rule will be ignored. (TECH-006)
Error: tsmc_complete.lef line 29607, syntax error. This rule will be ignored. (TECH-006)
Error: tsmc_complete.lef line 29686, syntax error. This rule will be ignored. (TECH-006)
Error: tsmc_complete.lef line 29736, syntax error. This rule will be ignored. (TECH-006)
Error: tsmc_complete.lef line 29827, syntax error. This rule will be ignored. (TECH-006)
Error: tsmc_complete.lef line 29882, syntax error. This rule will be ignored. (TECH-006)
Error: tsmc_complete.lef line 29937, syntax error. This rule will be ignored. (TECH-006)
Error: tsmc_complete.lef line 29996, syntax error. This rule will be ignored. (TECH-006)
Error: tsmc_complete.lef line 30053, syntax error. This rule will be ignored. (TECH-006)
Error: tsmc_complete.lef line 30106, syntax error. This rule will be ignored. (TECH-006)
Error: tsmc_complete.lef line 30155, syntax error. This rule will be ignored. (TECH-006)
Error: tsmc_complete.lef line 30337, syntax error. This rule will be ignored. (TECH-006)
Error: tsmc_complete.lef line 30514, syntax error. This rule will be ignored. (TECH-006)
Error: tsmc_complete.lef line 30703, syntax error. This rule will be ignored. (TECH-006)
Error: tsmc_complete.lef line 30892, syntax error. This rule will be ignored. (TECH-006)
Error: tsmc_complete.lef line 31007, syntax error. This rule will be ignored. (TECH-006)
Error: tsmc_complete.lef line 31103, syntax error. This rule will be ignored. (TECH-006)
Error: tsmc_complete.lef line 31200, syntax error. This rule will be ignored. (TECH-006)
Error: tsmc_complete.lef line 31299, syntax error. This rule will be ignored. (TECH-006)
Error: tsmc_complete.lef line 31402, syntax error. This rule will be ignored. (TECH-006)
Error: tsmc_complete.lef line 31507, syntax error. This rule will be ignored. (TECH-006)
Error: tsmc_complete.lef line 31619, syntax error. This rule will be ignored. (TECH-006)
Error: tsmc_complete.lef line 31719, syntax error. This rule will be ignored. (TECH-006)
Error: tsmc_complete.lef line 31850, syntax error. This rule will be ignored. (TECH-006)
Error: tsmc_complete.lef line 31978, syntax error. This rule will be ignored. (TECH-006)
Error: tsmc_complete.lef line 32114, syntax error. This rule will be ignored. (TECH-006)
Error: tsmc_complete.lef line 32255, syntax error. This rule will be ignored. (TECH-006)
Error: tsmc_complete.lef line 32384, syntax error. This rule will be ignored. (TECH-006)
Error: tsmc_complete.lef line 32542, syntax error. This rule will be ignored. (TECH-006)
Error: tsmc_complete.lef line 32709, syntax error. This rule will be ignored. (TECH-006)
Error: tsmc_complete.lef line 32881, syntax error. This rule will be ignored. (TECH-006)
Error: tsmc_complete.lef line 33058, syntax error. This rule will be ignored. (TECH-006)
Error: tsmc_complete.lef line 33219, syntax error. This rule will be ignored. (TECH-006)
Error: tsmc_complete.lef line 33315, syntax error. This rule will be ignored. (TECH-006)
Error: tsmc_complete.lef line 33413, syntax error. This rule will be ignored. (TECH-006)
Error: tsmc_complete.lef line 33516, syntax error. This rule will be ignored. (TECH-006)
Error: tsmc_complete.lef line 33646, syntax error. This rule will be ignored. (TECH-006)
Error: tsmc_complete.lef line 33739, syntax error. This rule will be ignored. (TECH-006)
Error: tsmc_complete.lef line 33874, syntax error. This rule will be ignored. (TECH-006)
Error: tsmc_complete.lef line 33965, syntax error. This rule will be ignored. (TECH-006)
Error: tsmc_complete.lef line 34055, syntax error. This rule will be ignored. (TECH-006)
Error: tsmc_complete.lef line 34151, syntax error. This rule will be ignored. (TECH-006)
Error: tsmc_complete.lef line 34255, syntax error. This rule will be ignored. (TECH-006)
Error: tsmc_complete.lef line 34370, syntax error. This rule will be ignored. (TECH-006)
Error: tsmc_complete.lef line 34490, syntax error. This rule will be ignored. (TECH-006)
Error: tsmc_complete.lef line 34581, syntax error. This rule will be ignored. (TECH-006)
Error: tsmc_complete.lef line 34721, syntax error. This rule will be ignored. (TECH-006)
Error: tsmc_complete.lef line 34876, syntax error. This rule will be ignored. (TECH-006)
Error: tsmc_complete.lef line 35033, syntax error. This rule will be ignored. (TECH-006)
Error: tsmc_complete.lef line 35197, syntax error. This rule will be ignored. (TECH-006)
Error: tsmc_complete.lef line 35327, syntax error. This rule will be ignored. (TECH-006)
Error: tsmc_complete.lef line 35491, syntax error. This rule will be ignored. (TECH-006)
Error: tsmc_complete.lef line 35644, syntax error. This rule will be ignored. (TECH-006)
Error: tsmc_complete.lef line 35805, syntax error. This rule will be ignored. (TECH-006)
Error: tsmc_complete.lef line 35971, syntax error. This rule will be ignored. (TECH-006)
Error: tsmc_complete.lef line 36140, syntax error. This rule will be ignored. (TECH-006)
Error: tsmc_complete.lef line 36235, syntax error. This rule will be ignored. (TECH-006)
Error: tsmc_complete.lef line 36307, syntax error. This rule will be ignored. (TECH-006)
Error: tsmc_complete.lef line 36375, syntax error. This rule will be ignored. (TECH-006)
Error: tsmc_complete.lef line 36455, syntax error. This rule will be ignored. (TECH-006)
Error: tsmc_complete.lef line 36546, syntax error. This rule will be ignored. (TECH-006)
Error: tsmc_complete.lef line 36617, syntax error. This rule will be ignored. (TECH-006)
Error: tsmc_complete.lef line 36707, syntax error. This rule will be ignored. (TECH-006)
Error: tsmc_complete.lef line 36772, syntax error. This rule will be ignored. (TECH-006)
Error: tsmc_complete.lef line 36833, syntax error. This rule will be ignored. (TECH-006)
Error: tsmc_complete.lef line 36899, syntax error. This rule will be ignored. (TECH-006)
Error: tsmc_complete.lef line 36967, syntax error. This rule will be ignored. (TECH-006)
Error: tsmc_complete.lef line 37046, syntax error. This rule will be ignored. (TECH-006)
Error: tsmc_complete.lef line 37125, syntax error. This rule will be ignored. (TECH-006)
Error: tsmc_complete.lef line 37204, syntax error. This rule will be ignored. (TECH-006)
Error: tsmc_complete.lef line 37266, syntax error. This rule will be ignored. (TECH-006)
Error: tsmc_complete.lef line 37344, syntax error. This rule will be ignored. (TECH-006)
Error: tsmc_complete.lef line 37420, syntax error. This rule will be ignored. (TECH-006)
Error: tsmc_complete.lef line 37511, syntax error. This rule will be ignored. (TECH-006)
Error: tsmc_complete.lef line 37588, syntax error. This rule will be ignored. (TECH-006)
Error: tsmc_complete.lef line 37695, syntax error. This rule will be ignored. (TECH-006)
Error: tsmc_complete.lef line 37766, syntax error. This rule will be ignored. (TECH-006)
Error: tsmc_complete.lef line 37833, syntax error. This rule will be ignored. (TECH-006)
Error: tsmc_complete.lef line 37911, syntax error. This rule will be ignored. (TECH-006)
Error: tsmc_complete.lef line 37991, syntax error. This rule will be ignored. (TECH-006)
Error: tsmc_complete.lef line 38074, syntax error. This rule will be ignored. (TECH-006)
Error: tsmc_complete.lef line 38161, syntax error. This rule will be ignored. (TECH-006)
Error: tsmc_complete.lef line 38232, syntax error. This rule will be ignored. (TECH-006)
Error: tsmc_complete.lef line 38330, syntax error. This rule will be ignored. (TECH-006)
Error: tsmc_complete.lef line 38428, syntax error. This rule will be ignored. (TECH-006)
Error: tsmc_complete.lef line 38548, syntax error. This rule will be ignored. (TECH-006)
Error: tsmc_complete.lef line 38647, syntax error. This rule will be ignored. (TECH-006)
Error: tsmc_complete.lef line 38736, syntax error. This rule will be ignored. (TECH-006)
Error: tsmc_complete.lef line 38827, syntax error. This rule will be ignored. (TECH-006)
Error: tsmc_complete.lef line 38938, syntax error. This rule will be ignored. (TECH-006)
Error: tsmc_complete.lef line 39027, syntax error. This rule will be ignored. (TECH-006)
Error: tsmc_complete.lef line 39161, syntax error. This rule will be ignored. (TECH-006)
Error: tsmc_complete.lef line 39242, syntax error. This rule will be ignored. (TECH-006)
Error: tsmc_complete.lef line 39321, syntax error. This rule will be ignored. (TECH-006)
Error: tsmc_complete.lef line 39419, syntax error. This rule will be ignored. (TECH-006)
Error: tsmc_complete.lef line 39540, syntax error. This rule will be ignored. (TECH-006)
Error: tsmc_complete.lef line 39675, syntax error. This rule will be ignored. (TECH-006)
Error: tsmc_complete.lef line 39755, syntax error. This rule will be ignored. (TECH-006)
Error: tsmc_complete.lef line 39850, syntax error. This rule will be ignored. (TECH-006)
Error: tsmc_complete.lef line 39922, syntax error. This rule will be ignored. (TECH-006)
Error: tsmc_complete.lef line 39989, syntax error. This rule will be ignored. (TECH-006)
Error: tsmc_complete.lef line 40067, syntax error. This rule will be ignored. (TECH-006)
Error: tsmc_complete.lef line 40157, syntax error. This rule will be ignored. (TECH-006)
Error: tsmc_complete.lef line 40224, syntax error. This rule will be ignored. (TECH-006)
Error: tsmc_complete.lef line 40311, syntax error. This rule will be ignored. (TECH-006)
Error: tsmc_complete.lef line 40372, syntax error. This rule will be ignored. (TECH-006)
Error: tsmc_complete.lef line 40432, syntax error. This rule will be ignored. (TECH-006)
Error: tsmc_complete.lef line 40497, syntax error. This rule will be ignored. (TECH-006)
Error: tsmc_complete.lef line 40562, syntax error. This rule will be ignored. (TECH-006)
Error: tsmc_complete.lef line 40638, syntax error. This rule will be ignored. (TECH-006)
Error: tsmc_complete.lef line 40713, syntax error. This rule will be ignored. (TECH-006)
Error: tsmc_complete.lef line 40791, syntax error. This rule will be ignored. (TECH-006)
Error: tsmc_complete.lef line 40851, syntax error. This rule will be ignored. (TECH-006)
Error: tsmc_complete.lef line 40931, syntax error. This rule will be ignored. (TECH-006)
Error: tsmc_complete.lef line 41008, syntax error. This rule will be ignored. (TECH-006)
Error: tsmc_complete.lef line 41097, syntax error. This rule will be ignored. (TECH-006)
Error: tsmc_complete.lef line 41176, syntax error. This rule will be ignored. (TECH-006)
Error: tsmc_complete.lef line 41301, syntax error. This rule will be ignored. (TECH-006)
Error: tsmc_complete.lef line 41372, syntax error. This rule will be ignored. (TECH-006)
Error: tsmc_complete.lef line 41440, syntax error. This rule will be ignored. (TECH-006)
Error: tsmc_complete.lef line 41522, syntax error. This rule will be ignored. (TECH-006)
Error: tsmc_complete.lef line 41610, syntax error. This rule will be ignored. (TECH-006)
Error: tsmc_complete.lef line 41717, syntax error. This rule will be ignored. (TECH-006)
Error: tsmc_complete.lef line 41784, syntax error. This rule will be ignored. (TECH-006)
Error: tsmc_complete.lef line 41878, syntax error. This rule will be ignored. (TECH-006)
Error: tsmc_complete.lef line 41985, syntax error. This rule will be ignored. (TECH-006)
Error: tsmc_complete.lef line 42103, syntax error. This rule will be ignored. (TECH-006)
Error: tsmc_complete.lef line 42196, syntax error. This rule will be ignored. (TECH-006)
Error: tsmc_complete.lef line 42285, syntax error. This rule will be ignored. (TECH-006)
Error: tsmc_complete.lef line 42388, syntax error. This rule will be ignored. (TECH-006)
Error: tsmc_complete.lef line 42498, syntax error. This rule will be ignored. (TECH-006)
Error: tsmc_complete.lef line 42587, syntax error. This rule will be ignored. (TECH-006)
Error: tsmc_complete.lef line 42732, syntax error. This rule will be ignored. (TECH-006)
Error: tsmc_complete.lef line 42815, syntax error. This rule will be ignored. (TECH-006)
Error: tsmc_complete.lef line 42908, syntax error. This rule will be ignored. (TECH-006)
Error: tsmc_complete.lef line 43008, syntax error. This rule will be ignored. (TECH-006)
Error: tsmc_complete.lef line 43133, syntax error. This rule will be ignored. (TECH-006)
Error: tsmc_complete.lef line 43255, syntax error. This rule will be ignored. (TECH-006)
Error: tsmc_complete.lef line 43339, syntax error. This rule will be ignored. (TECH-006)
Error: tsmc_complete.lef line 43426, syntax error. This rule will be ignored. (TECH-006)
Error: tsmc_complete.lef line 43511, syntax error. This rule will be ignored. (TECH-006)
Error: tsmc_complete.lef line 43598, syntax error. This rule will be ignored. (TECH-006)
Error: tsmc_complete.lef line 43701, syntax error. This rule will be ignored. (TECH-006)
Error: tsmc_complete.lef line 43788, syntax error. This rule will be ignored. (TECH-006)
Error: tsmc_complete.lef line 43881, syntax error. This rule will be ignored. (TECH-006)
Error: tsmc_complete.lef line 43969, syntax error. This rule will be ignored. (TECH-006)
Error: tsmc_complete.lef line 44059, syntax error. This rule will be ignored. (TECH-006)
Error: tsmc_complete.lef line 44169, syntax error. This rule will be ignored. (TECH-006)
Error: tsmc_complete.lef line 44260, syntax error. This rule will be ignored. (TECH-006)
Error: tsmc_complete.lef line 44348, syntax error. This rule will be ignored. (TECH-006)
Error: tsmc_complete.lef line 44431, syntax error. This rule will be ignored. (TECH-006)
Error: tsmc_complete.lef line 44525, syntax error. This rule will be ignored. (TECH-006)
Error: tsmc_complete.lef line 44639, syntax error. This rule will be ignored. (TECH-006)
Error: tsmc_complete.lef line 44724, syntax error. This rule will be ignored. (TECH-006)
Error: tsmc_complete.lef line 44804, syntax error. This rule will be ignored. (TECH-006)
Error: tsmc_complete.lef line 44887, syntax error. This rule will be ignored. (TECH-006)
Error: tsmc_complete.lef line 44979, syntax error. This rule will be ignored. (TECH-006)
Error: tsmc_complete.lef line 45089, syntax error. This rule will be ignored. (TECH-006)
Error: tsmc_complete.lef line 45174, syntax error. This rule will be ignored. (TECH-006)
Error: tsmc_complete.lef line 45247, syntax error. This rule will be ignored. (TECH-006)
Error: tsmc_complete.lef line 45321, syntax error. This rule will be ignored. (TECH-006)
Error: tsmc_complete.lef line 45407, syntax error. This rule will be ignored. (TECH-006)
Error: tsmc_complete.lef line 45494, syntax error. This rule will be ignored. (TECH-006)
Error: tsmc_complete.lef line 45589, syntax error. This rule will be ignored. (TECH-006)
Error: tsmc_complete.lef line 45690, syntax error. This rule will be ignored. (TECH-006)
Error: tsmc_complete.lef line 45770, syntax error. This rule will be ignored. (TECH-006)
Error: tsmc_complete.lef line 45862, syntax error. This rule will be ignored. (TECH-006)
Error: tsmc_complete.lef line 45958, syntax error. This rule will be ignored. (TECH-006)
Error: tsmc_complete.lef line 46069, syntax error. This rule will be ignored. (TECH-006)
Error: tsmc_complete.lef line 46160, syntax error. This rule will be ignored. (TECH-006)
Error: tsmc_complete.lef line 46260, syntax error. This rule will be ignored. (TECH-006)
Error: tsmc_complete.lef line 46366, syntax error. This rule will be ignored. (TECH-006)
Error: tsmc_complete.lef line 46491, syntax error. This rule will be ignored. (TECH-006)
Error: tsmc_complete.lef line 46592, syntax error. This rule will be ignored. (TECH-006)
Error: tsmc_complete.lef line 46682, syntax error. This rule will be ignored. (TECH-006)
Error: tsmc_complete.lef line 46766, syntax error. This rule will be ignored. (TECH-006)
Error: tsmc_complete.lef line 46864, syntax error. This rule will be ignored. (TECH-006)
Error: tsmc_complete.lef line 46983, syntax error. This rule will be ignored. (TECH-006)
Error: tsmc_complete.lef line 47075, syntax error. This rule will be ignored. (TECH-006)
Error: tsmc_complete.lef line 47165, syntax error. This rule will be ignored. (TECH-006)
Error: tsmc_complete.lef line 47260, syntax error. This rule will be ignored. (TECH-006)
Error: tsmc_complete.lef line 47367, syntax error. This rule will be ignored. (TECH-006)
Error: tsmc_complete.lef line 47455, syntax error. This rule will be ignored. (TECH-006)
Error: tsmc_complete.lef line 47534, syntax error. This rule will be ignored. (TECH-006)
Error: tsmc_complete.lef line 47613, syntax error. This rule will be ignored. (TECH-006)
Error: tsmc_complete.lef line 47708, syntax error. This rule will be ignored. (TECH-006)
Error: tsmc_complete.lef line 47818, syntax error. This rule will be ignored. (TECH-006)
Error: tsmc_complete.lef line 47898, syntax error. This rule will be ignored. (TECH-006)
Error: tsmc_complete.lef line 47988, syntax error. This rule will be ignored. (TECH-006)
Error: tsmc_complete.lef line 48083, syntax error. This rule will be ignored. (TECH-006)
Error: tsmc_complete.lef line 48190, syntax error. This rule will be ignored. (TECH-006)
Error: tsmc_complete.lef line 48308, syntax error. This rule will be ignored. (TECH-006)
Error: tsmc_complete.lef line 48398, syntax error. This rule will be ignored. (TECH-006)
Error: tsmc_complete.lef line 48476, syntax error. This rule will be ignored. (TECH-006)
Error: tsmc_complete.lef line 48553, syntax error. This rule will be ignored. (TECH-006)
Error: tsmc_complete.lef line 48644, syntax error. This rule will be ignored. (TECH-006)
Error: tsmc_complete.lef line 48721, syntax error. This rule will be ignored. (TECH-006)
Error: tsmc_complete.lef line 48817, syntax error. This rule will be ignored. (TECH-006)
Error: tsmc_complete.lef line 48906, syntax error. This rule will be ignored. (TECH-006)
Error: tsmc_complete.lef line 49012, syntax error. This rule will be ignored. (TECH-006)
Error: tsmc_complete.lef line 49145, syntax error. This rule will be ignored. (TECH-006)
Error: tsmc_complete.lef line 49239, syntax error. This rule will be ignored. (TECH-006)
Error: tsmc_complete.lef line 49322, syntax error. This rule will be ignored. (TECH-006)
Error: tsmc_complete.lef line 49408, syntax error. This rule will be ignored. (TECH-006)
Error: tsmc_complete.lef line 49510, syntax error. This rule will be ignored. (TECH-006)
Error: tsmc_complete.lef line 49599, syntax error. This rule will be ignored. (TECH-006)
Error: tsmc_complete.lef line 49697, syntax error. This rule will be ignored. (TECH-006)
Error: tsmc_complete.lef line 49797, syntax error. This rule will be ignored. (TECH-006)
Error: tsmc_complete.lef line 49912, syntax error. This rule will be ignored. (TECH-006)
Error: tsmc_complete.lef line 50005, syntax error. This rule will be ignored. (TECH-006)
Error: tsmc_complete.lef line 50112, syntax error. This rule will be ignored. (TECH-006)
Error: tsmc_complete.lef line 50220, syntax error. This rule will be ignored. (TECH-006)
Error: tsmc_complete.lef line 50336, syntax error. This rule will be ignored. (TECH-006)
Error: tsmc_complete.lef line 50447, syntax error. This rule will be ignored. (TECH-006)
Error: tsmc_complete.lef line 50548, syntax error. This rule will be ignored. (TECH-006)
Error: tsmc_complete.lef line 50618, syntax error. This rule will be ignored. (TECH-006)
Error: tsmc_complete.lef line 50688, syntax error. This rule will be ignored. (TECH-006)
Error: tsmc_complete.lef line 50761, syntax error. This rule will be ignored. (TECH-006)
Error: tsmc_complete.lef line 50849, syntax error. This rule will be ignored. (TECH-006)
Error: tsmc_complete.lef line 50937, syntax error. This rule will be ignored. (TECH-006)
Error: tsmc_complete.lef line 51062, syntax error. This rule will be ignored. (TECH-006)
Error: tsmc_complete.lef line 51142, syntax error. This rule will be ignored. (TECH-006)
Error: tsmc_complete.lef line 51217, syntax error. This rule will be ignored. (TECH-006)
Error: tsmc_complete.lef line 51304, syntax error. This rule will be ignored. (TECH-006)
Error: tsmc_complete.lef line 51394, syntax error. This rule will be ignored. (TECH-006)
Error: tsmc_complete.lef line 51499, syntax error. This rule will be ignored. (TECH-006)
Error: tsmc_complete.lef line 51671, syntax error. This rule will be ignored. (TECH-006)
Error: tsmc_complete.lef line 51757, syntax error. This rule will be ignored. (TECH-006)
Error: tsmc_complete.lef line 51847, syntax error. This rule will be ignored. (TECH-006)
Error: tsmc_complete.lef line 51970, syntax error. This rule will be ignored. (TECH-006)
Error: tsmc_complete.lef line 52098, syntax error. This rule will be ignored. (TECH-006)
Error: tsmc_complete.lef line 52257, syntax error. This rule will be ignored. (TECH-006)
Error: tsmc_complete.lef line 52442, syntax error. This rule will be ignored. (TECH-006)
Error: tsmc_complete.lef line 52623, syntax error. This rule will be ignored. (TECH-006)
Error: tsmc_complete.lef line 52804, syntax error. This rule will be ignored. (TECH-006)
Error: tsmc_complete.lef line 52992, syntax error. This rule will be ignored. (TECH-006)
Error: tsmc_complete.lef line 53166, syntax error. This rule will be ignored. (TECH-006)
Error: tsmc_complete.lef line 53355, syntax error. This rule will be ignored. (TECH-006)
Error: tsmc_complete.lef line 53528, syntax error. This rule will be ignored. (TECH-006)
Error: tsmc_complete.lef line 53709, syntax error. This rule will be ignored. (TECH-006)
Error: tsmc_complete.lef line 53900, syntax error. This rule will be ignored. (TECH-006)
Error: tsmc_complete.lef line 54085, syntax error. This rule will be ignored. (TECH-006)
Error: tsmc_complete.lef line 54270, syntax error. This rule will be ignored. (TECH-006)
Error: tsmc_complete.lef line 54453, syntax error. This rule will be ignored. (TECH-006)
Error: tsmc_complete.lef line 54644, syntax error. This rule will be ignored. (TECH-006)
Error: tsmc_complete.lef line 54837, syntax error. This rule will be ignored. (TECH-006)
Error: tsmc_complete.lef line 55057, syntax error. This rule will be ignored. (TECH-006)
Error: tsmc_complete.lef line 55273, syntax error. This rule will be ignored. (TECH-006)
Error: tsmc_complete.lef line 55486, syntax error. This rule will be ignored. (TECH-006)
Error: tsmc_complete.lef line 55702, syntax error. This rule will be ignored. (TECH-006)
Error: tsmc_complete.lef line 55917, syntax error. This rule will be ignored. (TECH-006)
Error: tsmc_complete.lef line 56137, syntax error. This rule will be ignored. (TECH-006)
Error: tsmc_complete.lef line 56289, syntax error. This rule will be ignored. (TECH-006)
Error: tsmc_complete.lef line 56441, syntax error. This rule will be ignored. (TECH-006)
Error: tsmc_complete.lef line 56594, syntax error. This rule will be ignored. (TECH-006)
Error: tsmc_complete.lef line 56739, syntax error. This rule will be ignored. (TECH-006)
Error: tsmc_complete.lef line 56883, syntax error. This rule will be ignored. (TECH-006)
Error: tsmc_complete.lef line 57028, syntax error. This rule will be ignored. (TECH-006)
Error: tsmc_complete.lef line 57218, syntax error. This rule will be ignored. (TECH-006)
Error: tsmc_complete.lef line 57419, syntax error. This rule will be ignored. (TECH-006)
Error: tsmc_complete.lef line 57624, syntax error. This rule will be ignored. (TECH-006)
Error: tsmc_complete.lef line 57831, syntax error. This rule will be ignored. (TECH-006)
Error: tsmc_complete.lef line 58006, syntax error. This rule will be ignored. (TECH-006)
Error: tsmc_complete.lef line 58187, syntax error. This rule will be ignored. (TECH-006)
Error: tsmc_complete.lef line 58369, syntax error. This rule will be ignored. (TECH-006)
Error: tsmc_complete.lef line 58555, syntax error. This rule will be ignored. (TECH-006)
Error: tsmc_complete.lef line 58748, syntax error. This rule will be ignored. (TECH-006)
Error: tsmc_complete.lef line 58950, syntax error. This rule will be ignored. (TECH-006)
Error: tsmc_complete.lef line 59136, syntax error. This rule will be ignored. (TECH-006)
Error: tsmc_complete.lef line 59321, syntax error. This rule will be ignored. (TECH-006)
Error: tsmc_complete.lef line 59511, syntax error. This rule will be ignored. (TECH-006)
Error: tsmc_complete.lef line 59708, syntax error. This rule will be ignored. (TECH-006)
Error: tsmc_complete.lef line 59889, syntax error. This rule will be ignored. (TECH-006)
Error: tsmc_complete.lef line 60072, syntax error. This rule will be ignored. (TECH-006)
Error: tsmc_complete.lef line 60251, syntax error. This rule will be ignored. (TECH-006)
Error: tsmc_complete.lef line 60458, syntax error. This rule will be ignored. (TECH-006)
Error: tsmc_complete.lef line 60671, syntax error. This rule will be ignored. (TECH-006)
Error: tsmc_complete.lef line 60887, syntax error. This rule will be ignored. (TECH-006)
Error: tsmc_complete.lef line 61105, syntax error. This rule will be ignored. (TECH-006)
Error: tsmc_complete.lef line 61311, syntax error. This rule will be ignored. (TECH-006)
Error: tsmc_complete.lef line 61516, syntax error. This rule will be ignored. (TECH-006)
Error: tsmc_complete.lef line 61729, syntax error. This rule will be ignored. (TECH-006)
Error: tsmc_complete.lef line 61924, syntax error. This rule will be ignored. (TECH-006)
Error: tsmc_complete.lef line 62115, syntax error. This rule will be ignored. (TECH-006)
Error: tsmc_complete.lef line 62308, syntax error. This rule will be ignored. (TECH-006)
Error: tsmc_complete.lef line 62486, syntax error. This rule will be ignored. (TECH-006)
Error: tsmc_complete.lef line 62665, syntax error. This rule will be ignored. (TECH-006)
Error: tsmc_complete.lef line 62872, syntax error. This rule will be ignored. (TECH-006)
Error: tsmc_complete.lef line 63031, syntax error. This rule will be ignored. (TECH-006)
Error: tsmc_complete.lef line 63182, syntax error. This rule will be ignored. (TECH-006)
Error: tsmc_complete.lef line 63347, syntax error. This rule will be ignored. (TECH-006)
Error: tsmc_complete.lef line 63575, syntax error. This rule will be ignored. (TECH-006)
Error: tsmc_complete.lef line 63805, syntax error. This rule will be ignored. (TECH-006)
Error: tsmc_complete.lef line 64043, syntax error. This rule will be ignored. (TECH-006)
Error: tsmc_complete.lef line 64289, syntax error. This rule will be ignored. (TECH-006)
Error: tsmc_complete.lef line 64543, syntax error. This rule will be ignored. (TECH-006)
Error: tsmc_complete.lef line 64795, syntax error. This rule will be ignored. (TECH-006)
Error: tsmc_complete.lef line 65054, syntax error. This rule will be ignored. (TECH-006)
Error: tsmc_complete.lef line 65258, syntax error. This rule will be ignored. (TECH-006)
Error: tsmc_complete.lef line 65460, syntax error. This rule will be ignored. (TECH-006)
Error: tsmc_complete.lef line 65671, syntax error. This rule will be ignored. (TECH-006)
Error: tsmc_complete.lef line 65903, syntax error. This rule will be ignored. (TECH-006)
Error: tsmc_complete.lef line 66136, syntax error. This rule will be ignored. (TECH-006)
Error: tsmc_complete.lef line 66370, syntax error. This rule will be ignored. (TECH-006)
Error: tsmc_complete.lef line 66606, syntax error. This rule will be ignored. (TECH-006)
Error: tsmc_complete.lef line 66715, syntax error. This rule will be ignored. (TECH-006)
Error: tsmc_complete.lef line 66812, syntax error. This rule will be ignored. (TECH-006)
Error: tsmc_complete.lef line 66899, syntax error. This rule will be ignored. (TECH-006)
Error: tsmc_complete.lef line 67019, syntax error. This rule will be ignored. (TECH-006)
Error: tsmc_complete.lef line 67161, syntax error. This rule will be ignored. (TECH-006)
Error: tsmc_complete.lef line 67249, syntax error. This rule will be ignored. (TECH-006)
Error: tsmc_complete.lef line 67340, syntax error. This rule will be ignored. (TECH-006)
Error: tsmc_complete.lef line 67432, syntax error. This rule will be ignored. (TECH-006)
Error: tsmc_complete.lef line 67519, syntax error. This rule will be ignored. (TECH-006)
Error: tsmc_complete.lef line 67629, syntax error. This rule will be ignored. (TECH-006)
Error: tsmc_complete.lef line 67674, syntax error. This rule will be ignored. (TECH-006)
Error: tsmc_complete.lef line 67718, syntax error. This rule will be ignored. (TECH-006)
Error: tsmc_complete.lef line 67870, syntax error. This rule will be ignored. (TECH-006)
Error: tsmc_complete.lef line 68034, syntax error. This rule will be ignored. (TECH-006)
Error: tsmc_complete.lef line 68228, syntax error. This rule will be ignored. (TECH-006)
Error: tsmc_complete.lef line 68320, syntax error. This rule will be ignored. (TECH-006)
Error: tsmc_complete.lef line 68414, syntax error. This rule will be ignored. (TECH-006)
Error: tsmc_complete.lef line 68523, syntax error. This rule will be ignored. (TECH-006)
Error: tsmc_complete.lef line 68639, syntax error. This rule will be ignored. (TECH-006)
Error: tsmc_complete.lef line 68765, syntax error. This rule will be ignored. (TECH-006)
Error: tsmc_complete.lef line 68912, syntax error. This rule will be ignored. (TECH-006)
Error: tsmc_complete.lef line 69069, syntax error. This rule will be ignored. (TECH-006)
Error: tsmc_complete.lef line 69237, syntax error. This rule will be ignored. (TECH-006)
Error: tsmc_complete.lef line 69406, syntax error. This rule will be ignored. (TECH-006)
Error: tsmc_complete.lef line 69595, syntax error. This rule will be ignored. (TECH-006)
Error: tsmc_complete.lef line 69825, syntax error. This rule will be ignored. (TECH-006)
Error: tsmc_complete.lef line 69952, syntax error. This rule will be ignored. (TECH-006)
Error: tsmc_complete.lef line 70087, syntax error. This rule will be ignored. (TECH-006)
Error: tsmc_complete.lef line 70227, syntax error. This rule will be ignored. (TECH-006)
Error: tsmc_complete.lef line 70377, syntax error. This rule will be ignored. (TECH-006)
Error: tsmc_complete.lef line 70534, syntax error. This rule will be ignored. (TECH-006)
Error: tsmc_complete.lef line 70634, syntax error. This rule will be ignored. (TECH-006)
Error: tsmc_complete.lef line 70738, syntax error. This rule will be ignored. (TECH-006)
Error: tsmc_complete.lef line 70847, syntax error. This rule will be ignored. (TECH-006)
Error: tsmc_complete.lef line 70992, syntax error. This rule will be ignored. (TECH-006)
Error: tsmc_complete.lef line 71131, syntax error. This rule will be ignored. (TECH-006)
Error: tsmc_complete.lef line 71282, syntax error. This rule will be ignored. (TECH-006)
Error: tsmc_complete.lef line 71388, syntax error. This rule will be ignored. (TECH-006)
Error: tsmc_complete.lef line 71494, syntax error. This rule will be ignored. (TECH-006)
Error: tsmc_complete.lef line 71606, syntax error. This rule will be ignored. (TECH-006)
Error: tsmc_complete.lef line 71694, syntax error. This rule will be ignored. (TECH-006)
Error: tsmc_complete.lef line 71780, syntax error. This rule will be ignored. (TECH-006)
Error: tsmc_complete.lef line 71882, syntax error. This rule will be ignored. (TECH-006)
Error: tsmc_complete.lef line 72016, syntax error. This rule will be ignored. (TECH-006)
Error: tsmc_complete.lef line 72096, syntax error. This rule will be ignored. (TECH-006)
Error: tsmc_complete.lef line 72237, syntax error. This rule will be ignored. (TECH-006)
Error: tsmc_complete.lef line 72366, syntax error. This rule will be ignored. (TECH-006)
Error: tsmc_complete.lef line 72504, syntax error. This rule will be ignored. (TECH-006)
Error: tsmc_complete.lef line 72658, syntax error. This rule will be ignored. (TECH-006)
Error: tsmc_complete.lef line 72789, syntax error. This rule will be ignored. (TECH-006)
Error: tsmc_complete.lef line 72882, syntax error. This rule will be ignored. (TECH-006)
Error: tsmc_complete.lef line 72971, syntax error. This rule will be ignored. (TECH-006)
Error: tsmc_complete.lef line 73074, syntax error. This rule will be ignored. (TECH-006)
Error: tsmc_complete.lef line 73177, syntax error. This rule will be ignored. (TECH-006)
Error: tsmc_complete.lef line 73313, syntax error. This rule will be ignored. (TECH-006)
Error: tsmc_complete.lef line 73393, syntax error. This rule will be ignored. (TECH-006)
Error: tsmc_complete.lef line 73526, syntax error. This rule will be ignored. (TECH-006)
Error: tsmc_complete.lef line 73659, syntax error. This rule will be ignored. (TECH-006)
Error: tsmc_complete.lef line 73804, syntax error. This rule will be ignored. (TECH-006)
Error: tsmc_complete.lef line 73954, syntax error. This rule will be ignored. (TECH-006)
Error: tsmc_complete.lef line 74078, syntax error. This rule will be ignored. (TECH-006)
Error: Technology section is missing. (tsmc_complete.lef line:74079) (TECH-226)
Error: Cannot load technology file '/home/ICer/Desktop/RESIC-V/pnr/lef/tsmc_complete.lef'. (LIB-007)
Information: script '/home/ICer/Desktop/RESIC-V/pnr/scripts/build_ndm.tcl'
	stopped at line 24 due to error. (CMD-081)
Extended error info:
problem in create_lib
    while executing
"__create_lib -technology tsmc_complete.lef -verbose tsmc13_std.ndm"
    invoked from within
"create_workspace $NDM_LIB_NAME -flow normal -technology $COMP_LEF"
 -- End Extended Error Info
icc2_lm_shell> exit
Maximum memory usage for this session: 50.78 MB
CPU usage for this session:      0 seconds (  0.00 hours)
Elapsed time for this session:     58 seconds (  0.02 hours)
Thank you for using IC Compiler II Library Manager.
